ex":12,"ms":126.69595900038257}
{"phase":"sample","name":"replenish","index":13,"ms":118.89424999989569}
{"phase":"sample","name":"replenish","index":14,"ms":123.27329199993983}
{"phase":"sample","name":"replenish","index":15,"ms":114.20850000018254}
{"phase":"sample","name":"replenish","index":16,"ms":114.77375000016764}
{"phase":"sample","name":"replenish","index":17,"ms":120.18737500021234}
{"phase":"sample","name":"replenish","index":18,"ms":116.46833299985155}
{"phase":"sample","name":"replenish","index":19,"ms":121.27824999997392}
{"phase":"sample","name":"replenish","index":20,"ms":116.69791699992493}
{"phase":"sample","name":"replenish","index":21,"ms":120.31900000013411}
{"phase":"sample","name":"replenish","index":22,"ms":122.88950000004843}
{"phase":"sample","name":"replenish","index":23,"ms":117.91625000024214}
{"phase":"sample","name":"replenish","index":24,"ms":119.6255419999361}
{"phase":"sample","name":"replenish","index":25,"ms":121.20212500030175}
{"phase":"sample","name":"replenish","index":26,"ms":124.98929099971429}
{"phase":"sample","name":"replenish","index":27,"ms":112.54025000007823}
{"phase":"sample","name":"replenish","index":28,"ms":119.1607920001261}
{"phase":"sample","name":"replenish","index":29,"ms":124.86237500002608}
{"phase":"sample","name":"replenish","index":30,"ms":123.08629200002179}
{"name":"replenish","timing":{"warmup":10,"samples":30,"rawMs":[122.64729199977592,119.65149999968708,123.41899999976158,115.02091699978337,124.46574999997392,112.961291000247,116.69262500014156,124.77920899959281,119.36820799997076,116.26104199979454,117.17950000008568,126.69595900038257,118.89424999989569,123.27329199993983,114.20850000018254,114.77375000016764,120.18737500021234,116.46833299985155,121.27824999997392,116.69791699992493,120.31900000013411,122.88950000004843,117.91625000024214,119.6255419999361,121.20212500030175,124.98929099971429,112.54025000007823,119.1607920001261,124.86237500002608,123.08629200002179],"min":112.54025000007823,"max":126.69595900038257,"p50":119.6255419999361,"p95":124.98929099971429},"outputDigest":"af7a252c61e84cbb99d4b468a11993932b2d03feaf15d46c69b1dc2b12e30176","calls":{"handler":0,"probe":0,"accept":0}}
{"phase":"warmup","name":"archived-only-pump","index":1,"ms":9.57308299979195}
{"phase":"warmup","name":"archived-only-pump","index":2,"ms":9.18204199988395}
{"phase":"warmup","name":"archived-only-pump","index":3,"ms":9.530292000155896}
{"phase":"warmup","name":"archived-only-pump","index":4,"ms":8.980582999996841}
{"phase":"warmup","name":"archived-only-pump","index":5,"ms":8.986500000115484}
{"phase":"warmup","name":"archived-only-pump","index":6,"ms":9.058290999848396}
{"phase":"warmup","name":"archived-only-pump","index":7,"ms":9.344624999910593}
{"phase":"warmup","name":"archived-only-pump","index":8,"ms":9.932333000004292}
{"phase":"warmup","name":"archived-only-pump","index":9,"ms":10.013041999656707}
{"phase":"warmup","name":"archived-only-pump","index":10,"ms":9.436625000089407}
{"phase":"sample","name":"archived-only-pump","index":1,"ms":9.502332999836653}
{"phase":"sample","name":"archived-only-pump","index":2,"ms":9.16012499993667}
{"phase":"sample","name":"archived-only-pump","index":3,"ms":9.540916999801993}
{"phase":"sample","name":"archived-only-pump","index":4,"ms":150.02941600000486}
{"phase":"sample","name":"archived-only-pump","index":5,"ms":5.177792000118643}
{"phase":"sample","name":"archived-only-pump","index":6,"ms":9.386000000406057}
{"phase":"sample","name":"archived-only-pump","index":7,"ms":9.310750000178814}
{"phase":"sample","name":"archived-only-pump","index":8,"ms":9.249415999744087}
{"phase":"sample","name":"archived-only-pump","index":9,"ms":8.96016600029543}
{"phase":"sample","name":"archived-only-pump","index":10,"ms":9.114667000249028}
{"phase":"sample","name":"archived-only-pump","index":11,"ms":10.010874999687076}
{"phase":"sample","name":"archived-only-pump","index":12,"ms":9.300625000149012}
{"phase":"sample","name":"archived-only-pump","index":13,"ms":9.92479099985212}
{"phase":"sample","name":"archived-only-pump","index":14,"ms":9.161624999716878}
{"phase":"sample","name":"archived-only-pump","index":15,"ms":8.884041999932379}
{"phase":"sample","name":"archived-only-pump","index":16,"ms":8.741957999765873}
{"phase":"sample","name":"archived-only-pump","index":17,"ms":9.580207999795675}
{"phase":"sample","name":"archived-only-pump","index":18,"ms":9.129958000034094}
{"phase":"sample","name":"archived-only-pump","index":19,"ms":9.399083000142127}
{"phase":"sample","name":"archived-only-pump","index":20,"ms":9.171709000132978}
{"phase":"sample","name":"archived-only-pump","index":21,"ms":9.371457999572158}
{"phase":"sample","name":"archived-only-pump","index":22,"ms":9.087791999801993}
{"phase":"sample","name":"archived-only-pump","index":23,"ms":8.990290999878198}
{"phase":"sample","name":"archived-only-pump","index":24,"ms":9.844417000189424}
{"phase":"sample","name":"archived-only-pump","index":25,"ms":8.843291999772191}
{"phase":"sample","name":"archived-only-pump","index":26,"ms":8.687332999892533}
{"phase":"sample","name":"archived-only-pump","index":27,"ms":8.950624999590218}
{"phase":"sample","name":"archived-only-pump","index":28,"ms":9.271958999801427}
{"phase":"sample","name":"archived-only-pump","index":29,"ms":8.989917000290006}
{"phase":"sample","name":"archived-only-pump","index":30,"ms":9.296000000089407}
{"name":"archived-only-pump","timing":{"warmup":10,"samples":30,"rawMs":[9.502332999836653,9.16012499993667,9.540916999801993,150.02941600000486,5.177792000118643,9.386000000406057,9.310750000178814,9.249415999744087,8.96016600029543,9.114667000249028,10.010874999687076,9.300625000149012,9.92479099985212,9.161624999716878,8.884041999932379,8.741957999765873,9.580207999795675,9.129958000034094,9.399083000142127,9.171709000132978,9.371457999572158,9.087791999801993,8.990290999878198,9.844417000189424,8.843291999772191,8.687332999892533,8.950624999590218,9.271958999801427,8.989917000290006,9.296000000089407],"min":5.177792000118643,"max":150.02941600000486,"p50":9.171709000132978,"p95":10.010874999687076},"outputDigest":"1ae4bb8018a817da834b6f7766dae34b6a41447489b9d8dfe2d2c8b3278b305e","calls":{"handler":0,"probe":0,"accept":0}}
{"phase":"warmup","name":"mixed-pump","index":1,"ms":1780.4617079999298}
{"phase":"warmup","name":"mixed-pump","index":2,"ms":1880.935541999992}
{"phase":"warmup","name":"mixed-pump","index":3,"ms":1732.9626250001602}
{"phase":"warmup","name":"mixed-pump","index":4,"ms":1723.4846669998951}
{"phase":"warmup","name":"mixed-pump","index":5,"ms":1756.7498749997467}
{"phase":"warmup","name":"mixed-pump","index":6,"ms":1754.6937090000138}
{"phase":"warmup","name":"mixed-pump","index":7,"ms":1746.7277089999989}
{"phase":"warmup","name":"mixed-pump","index":8,"ms":1873.9282500003465}
{"phase":"warmup","name":"mixed-pump","index":9,"ms":1746.047375000082}
{"phase":"warmup","name":"mixed-pump","index":10,"ms":1727.634124999866}
{"phase":"sample","name":"mixed-pump","index":1,"ms":1757.3982919999398}
{"phase":"sample","name":"mixed-pump","index":2,"ms":1743.73683300009}
{"phase":"sample","name":"mixed-pump","index":3,"ms":1744.2640419998206}
{"phase":"sample","name":"mixed-pump","index":4,"ms":1842.0522499997169}
{"phase":"sample","name":"mixed-pump","index":5,"ms":1736.1216249996796}
{"phase":"sample","name":"mixed-pump","index":6,"ms":1761.643625000026}
{"phase":"sample","name":"mixed-pump","index":7,"ms":1775.324459000025}
{"phase":"sample","name":"mixed-pump","index":8,"ms":1837.5692910002545}
{"phase":"sample","name":"mixed-pump","index":9,"ms":1772.4032089998946}
{"phase":"sample","name":"mixed-pump","index":10,"ms":1772.9953749999404}
{"phase":"sample","name":"mixed-pump","index":11,"ms":1771.217749999836}
{"phase":"sample","name":"mixed-pump","index":12,"ms":1757.539624999743}
{"phase":"sample","name":"mixed-pump","index":13,"ms":1760.600582999643}
{"phase":"sample","name":"mixed-pump","index":14,"ms":1759.0140829999}
{"phase":"sample","name":"mixed-pump","index":15,"ms":1789.0459169996902}
{"phase":"sample","name":"mixed-pump","index":16,"ms":1761.7583340001293}
{"phase":"sample","name":"mixed-pump","index":17,"ms":1763.0722500002012}
{"phase":"sample","name":"mixed-pump","index":18,"ms":1743.1047920002602}
{"phase":"sample","name":"mixed-pump","index":19,"ms":1761.4325830000453}
{"phase":"sample","name":"mixed-pump","index":20,"ms":1767.2194170001894}
{"phase":"sample","name":"mixed-pump","index":21,"ms":1756.4031670000404}
{"phase":"sample","name":"mixed-pump","index":22,"ms":1899.8334579998627}
{"phase":"sample","name":"mixed-pump","index":23,"ms":1729.8501249998808}
{"phase":"sample","name":"mixed-pump","index":24,"ms":1744.5109999999404}
{"phase":"sample","name":"mixed-pump","index":25,"ms":1729.3443750003353}
{"phase":"sample","name":"mixed-pump","index":26,"ms":1749.766125000082}
{"phase":"sample","name":"mixed-pump","index":27,"ms":1760.4694590000436}
{"phase":"sample","name":"mixed-pump","index":28,"ms":1854.5472919996828}
{"phase":"sample","name":"mixed-pump","index":29,"ms":1736.569250000175}
{"phase":"sample","name":"mixed-pump","index":30,"ms":1728.6629999997094}
{"name":"mixed-pump","timing":{"warmup":10,"samples":30,"rawMs":[1757.3982919999398,1743.73683300009,1744.2640419998206,1842.0522499997169,1736.1216249996796,1761.643625000026,1775.324459000025,1837.5692910002545,1772.4032089998946,1772.9953749999404,1771.217749999836,1757.539624999743,1760.600582999643,1759.0140829999,1789.0459169996902,1761.7583340001293,1763.0722500002012,1743.1047920002602,1761.4325830000453,1767.2194170001894,1756.4031670000404,1899.8334579998627,1729.8501249998808,1744.5109999999404,1729.3443750003353,1749.766125000082,1760.4694590000436,1854.5472919996828,1736.569250000175,1728.6629999997094],"min":1728.6629999997094,"max":1899.8334579998627,"p50":1760.4694590000436,"p95":1854.5472919996828},"outputDigest":"33a58e0b3a2f5b6aac9422dcd04cb05131e3100f47d6bda8d096fbe50661242c","calls"