ms":1612.1588750000228}
{"phase":"sample","name":"retention-reset","index":19,"ms":1590.5317500000237}
{"phase":"sample","name":"retention-reset","index":20,"ms":1578.3479170000064}
{"phase":"sample","name":"retention-reset","index":21,"ms":1601.4980830000131}
{"phase":"sample","name":"retention-reset","index":22,"ms":1604.2192499999655}
{"phase":"sample","name":"retention-reset","index":23,"ms":1589.2019580000197}
{"phase":"sample","name":"retention-reset","index":24,"ms":1585.39724999998}
{"phase":"sample","name":"retention-reset","index":25,"ms":1595.8258330000099}
{"phase":"sample","name":"retention-reset","index":26,"ms":1593.4867080000113}
{"phase":"sample","name":"retention-reset","index":27,"ms":1796.5298750000075}
{"phase":"sample","name":"retention-reset","index":28,"ms":2035.938124999986}
{"phase":"sample","name":"retention-reset","index":29,"ms":1716.2237500000047}
{"phase":"sample","name":"retention-reset","index":30,"ms":1683.9074170000385}
{"name":"retention-reset","timing":{"warmup":10,"samples":30,"rawMs":[1796.4516670000157,1573.91287499998,1552.7491670000018,1549.6001659999893,1554.6681670000253,1532.6765409999934,1561.3163329999952,1544.2542079999985,1568.1789160000044,2838.8012499999895,1648.9483340000152,1574.810999999987,1578.6047079999698,1587.7517919999664,1607.9909580000094,1641.7785419999855,1606.5978749999776,1612.1588750000228,1590.5317500000237,1578.3479170000064,1601.4980830000131,1604.2192499999655,1589.2019580000197,1585.39724999998,1595.8258330000099,1593.4867080000113,1796.5298750000075,2035.938124999986,1716.2237500000047,1683.9074170000385],"min":1532.6765409999934,"max":2838.8012499999895,"p50":1590.5317500000237,"p95":2035.938124999986},"outputDigest":"65124581bfe57c61425b625953ebd73da63872067c787099e9f5836949f014d3","calls":{"handler":0,"probe":0,"accept":0}}
{"phase":"warmup","name":"all-live-changed-incremental","index":1,"ms":1529.0897499999846}
{"phase":"warmup","name":"all-live-changed-incremental","index":2,"ms":1540.2301250000019}
{"phase":"warmup","name":"all-live-changed-incremental","index":3,"ms":1528.458042000013}
{"phase":"warmup","name":"all-live-changed-incremental","index":4,"ms":1550.571917000052}
{"phase":"warmup","name":"all-live-changed-incremental","index":5,"ms":1534.766958000022}
{"phase":"warmup","name":"all-live-changed-incremental","index":6,"ms":1795.738207999966}
{"phase":"warmup","name":"all-live-changed-incremental","index":7,"ms":1512.6021670000046}
{"phase":"warmup","name":"all-live-changed-incremental","index":8,"ms":1535.8468749999884}
{"phase":"warmup","name":"all-live-changed-incremental","index":9,"ms":1474.6493330000085}
{"phase":"warmup","name":"all-live-changed-incremental","index":10,"ms":1514.3421669999952}
{"phase":"sample","name":"all-live-changed-incremental","index":1,"ms":1472.188375000027}
{"phase":"sample","name":"all-live-changed-incremental","index":2,"ms":1505.921624999959}
{"phase":"sample","name":"all-live-changed-incremental","index":3,"ms":1488.5497500000056}
{"phase":"sample","name":"all-live-changed-incremental","index":4,"ms":1512.4112500000047}
{"phase":"sample","name":"all-live-changed-incremental","index":5,"ms":1500.221292000031}
{"phase":"sample","name":"all-live-changed-incremental","index":6,"ms":1483.938291999977}
{"phase":"sample","name":"all-live-changed-incremental","index":7,"ms":1504.3236669999897}
{"phase":"sample","name":"all-live-changed-incremental","index":8,"ms":1486.1656660000444}
{"phase":"sample","name":"all-live-changed-incremental","index":9,"ms":1486.758708999958}
{"phase":"sample","name":"all-live-changed-incremental","index":10,"ms":1473.6160000000382}
{"phase":"sample","name":"all-live-changed-incremental","index":11,"ms":1488.7622919999994}
{"phase":"sample","name":"all-live-changed-incremental","index":12,"ms":1470.006041000015}
{"phase":"sample","name":"all-live-changed-incremental","index":13,"ms":1499.296541000018}
{"phase":"sample","name":"all-live-changed-incremental","index":14,"ms":1467.8435409999802}
{"phase":"sample","name":"all-live-changed-incremental","index":15,"ms":1491.3676250000135}
{"phase":"sample","name":"all-live-changed-incremental","index":16,"ms":1505.9343750000116}
{"phase":"sample","name":"all-live-changed-incremental","index":17,"ms":1500.8711250000051}
{"phase":"sample","name":"all-live-changed-incremental","index":18,"ms":1470.6655419999734}
{"phase":"sample","name":"all-live-changed-incremental","index":19,"ms":1587.1432919999934}
{"phase":"sample","name":"all-live-changed-incremental","index":20,"ms":1476.4830000000075}
{"phase":"sample","name":"all-live-changed-incremental","index":21,"ms":1510.1208749999641}
{"phase":"sample","name":"all-live-changed-incremental","index":22,"ms":1579.6790000000037}
{"phase":"sample","name":"all-live-changed-incremental","index":23,"ms":1507.013957999996}
{"phase":"sample","name":"all-live-changed-incremental","index":24,"ms":1483.0392909999937}
{"phase":"sample","name":"all-live-changed-incremental","index":25,"ms":1542.674457999994}
{"phase":"sample","name":"all-live-changed-incremental","index":26,"ms":1473.4230830000015}
{"phase":"sample","name":"all-live-changed-incremental","index":27,"ms":1551.128417}
{"phase":"sample","name":"all-live-changed-incremental","index":28,"ms":1465.1206660000025}
{"phase":"sample","name":"all-live-changed-incremental","index":29,"ms":1498.7019580000197}
{"phase":"sample","name":"all-live-changed-incremental","index":30,"ms":1463.5243330000085}
{"name":"all-live-changed-incremental","timing":{"warmup":10,"samples":30,"rawMs":[1472.188375000027,1505.921624999959,1488.5497500000056,1512.4112500000047,1500.221292000031,1483.938291999977,1504.3236669999897,1486.1656660000444,1486.758708999958,1473.6160000000382,1488.7622919999994,1470.006041000015,1499.296541000018,1467.8435409999802,1491.3676250000135,1505.9343750000116,1500.8711250000051,1470.6655419999734,1587.1432919999934,1476.4830000000075,1510.1208749999641,1579.6790000000037,1507.013957999996,1483.0392909999937,1542.674457999994,1473.4230830000015,1551.128417,1465.1206660000025,1498.7019580000197,1463.5243330000085],"min":1463.5243330000085,"max":1587.1432919999934,"p50":1488.7622919999994,"p95":1579.6790000000037},"outputDigest":"b94f556a8027eb218d2045287e568bfa1d347af45d4614ecf84cc6e18f21d30e","calls":{"handler":0,"probe":0,"accept":0}}
{"phase":"warmup","name":"empty-incremental","index":1,"ms":0.13733300002058968}
{"phase":"warmup","name":"empty-incremental","index":2,"ms":0.11362499999813735}
{"phase":"warmup","name":"empty-incremental","index":3,"ms":0.12204200000269338}
{"phase":"warmup","name":"empty-incremental","index":4,"ms":0.11441600002581254}
{"phase":"warmup","name":"empty-incremental","index":5,"ms":0.11441599996760488}
{"phase":"warmup","name":"empty-incremental","index":6,"ms":0.11591599998064339}
{"phase":"warmup","name":"empty-incremental","index":7,"ms":0.11962499999208376}
{"phase":"warmup","name":"empty-incremental","index":8,"ms":0.11975000001257285}
{"phase":"warmup","name":"empty-incremental","index":9,"ms":0.12229199998546392}
{"phase":"warmup","name":"empty-incremental","index":10,"ms":0.27187499997671694}
{"phase":"sample","name":"empty-incremental","index":1,"ms":0.11733300000196323}
{"phase":"sample","name":"empty-incremental","index":2,"ms":0.12524999998277053}
{"phase":"sample","name":"empty-incremental","index":3,"ms":0.12483300000894815}
{"phase":"sample","name":"empty-incremental","index":4,"ms":0.14104199997382239}
{"phase":"sample","name":"empty-incremental","index":5,"ms":0.13445799995679408}
{"phase":"sample","name":"empty-incremental","index":6,"ms":0.12329099996713921}
{"phase":"sample","name":"empty-incremental","index":7,"ms":0.1305419999989681}
{"phase":"sample","name":"empty-incremental","index":8,"ms":0.12583400000585243}
{"phase":"sample","name":"empty-incremental","index":9,"ms":0.1139170000096783}
{"phase":"sample","name":"empty-incremental","index":10,"ms":0.1054170000134036}
{"phase":"sample","name":"empty-incremental","index":11,"ms":0.11712499998975545}
{"phase":"sample","name":"empty-incremental","index":12,"ms":0.12141700001666322}
{"phase":"sample","name":"empty-incremental","index":13,"ms":0.11504199996124953}
{"phase":"sample","name":"empty-incremental","index":14,"ms":0.10479200002737343}
{"phase":"sample","name":"empty-incremental","index":15,"ms":0.1445829999865964}
{"phase":"sample","name":"empty-incremental","index":16,"ms":0.11383300001034513}
{"phase":"sample","name":"empty-incremental","index":17,"ms":0.12095800001407042}
{"phase":"sample","name":"empty-incremental","index":18,"ms":0.11662500002421439}
{"phase":"sample","name":"empty-incremental","index":19,"ms":0.12129199999617413}
{"phase":"sample","name":"empty-incremental","index":20,"ms":0.14525000000139698}
{"phase":"sample","name":"empty-incremental","index":21,"ms":0.12075000000186265}
{"phase":"sample","name":"empty-incremental","index":22,"ms":0.13437500002328306}
{"phase":"sample","name":"empty-incremental","index":23,"ms":0.13175000000046566}
{"phase":"sample","name":"empty-incremental","index":24,"ms":0.11237499996786937}
{"phase":"sample","name":"empty-incremental","index":25,"ms":0.11804199998732656}
{"phase":"sample","name":"empty-incremental","index":26,"ms":0.11791699996683747}
{"phase":"sample","name":"empty-incremental","index":27,"ms":0.11370899999747053}
{"phase":"sample","name":"empty-incremental","index":28,"ms":0.11987499997485429}
{"phase":"sample","name":"empty-incremental","index":29,"ms":0.11495800002012402}
{"phase":"sample","name":"empty-incremental","index":30,"ms":0.1153749999939464}
{"name":"empty-incremental","timing":{"warmup":10,"samples":30,"rawMs":[0.11733300000196323,0.12524999998277053,0.12483300000894815,0.14104199997382239,0.13445799995679408,0.12329099996713921,0.1305419999989681,0.12583400000585243,0.1139170000096783,0.1054170000134036,0.11712499998975545,0.12141700001666322,0.11504199996124953,0.10479200002737343,0.1445829999865964,0.11383300001034513,0.1209580000140704