me'
      },
+     [Object: null prototype] {
-     {
        body: '{"groupId":"archive-066","estimateId":"estimate-9cfd33f078a5f121e9ac5a34","planHash":"1e6261b5fe36755502989b040c2cbc5115902c16db48f7b351c39c6913672b8c"}',
        delivered: 1,
        group_id: 'archive-066',
        id: 'scheduler-wake:archive-066:estimate:estimate-9cfd33f078a5f121e9ac5a34',
        kind: 'budget-estimate'
      },
+     [Object: null prototype] {
-     {
        body: '{"groupId":"archive-066","startRevision":1}',
        delivered: 0,
        group_id: 'archive-066',
        id: 'archive-066:start',
        kind: 'start'
      },
+     [Object: null prototype] {
-     {
        body: '{"groupId":"archive-066","startRevision":1}',
        delivered: 0,
        group_id: 'archive-066',
        id: 'archive-066:no-start',
        kind: 'no-start'
      },
+     [Object: null prototype] {
-     {
        body: '{"groupId":"archive-066","startRevision":1}',
        delivered: 0,
        group_id: 'archive-066',
        id: 'archive-066:resume',
        kind: 'resume'
      },
+     [Object: null prototype] {
-     {
        body: '{"groupId":"archive-067","estimateId":"estimate-437b58c3672a1ae055247940","planHash":"1e6261b5fe36755502989b040c2cbc5115902c16db48f7b351c39c6913672b8c"}',
        delivered: 1,
        group_id: 'archive-067',
        id: 'scheduler-wake:archive-067:estimate:estimate-437b58c3672a1ae055247940',
        kind: 'budget-estimate'
      },
+     [Object: null prototype] {
-     {
        body: '{"groupId":"archive-067","startRevision":1}',
        delivered: 0,
        group_id: 'archive-067',
        id: 'archive-067:start',
        kind: 'start'
      },
+     [Object: null prototype] {
-     {
        body: '{"groupId":"archive-067","startRevision":1}',
        delivered: 0,
        group_id: 'archive-067',
        id: 'archive-067:no-start',
        kind: 'no-start'
      },
+     [Object: null prototype] {
-     {
        body: '{"groupId":"archive-067","startRevision":1}',
        delivered: 0,
        group_id: 'archive-067',
        id: 'archive-067:resume',
        kind: 'resume'
      },
+     [Object: null prototype] {
-     {
        body: '{"groupId":"archive-068","estimateId":"estimate-534a7a0a71b2f2fc496113e5","planHash":"1e6261b5fe36755502989b040c2cbc5115902c16db48f7b351c39c6913672b8c"}',
        delivered: 1,
        group_id: 'archive-068',
        id: 'scheduler-wake:archive-068:estimate:estimate-534a7a0a71b2f2fc496113e5',
        kind: 'budget-estimate'
      },
+     [Object: null prototype] {
-     {
        body: '{"groupId":"archive-068","startRevision":1}',
        delivered: 0,
        group_id: 'archive-068',
        id: 'archive-068:start',
        kind: 'start'
      },
+     [Object: null prototype] {
-     {
        body: '{"groupId":"archive-068","startRevision":1}',
        delivered: 0,
        group_id: 'archive-068',
        id: 'archive-068:no-start',
        kind: 'no-start'
      },
+     [Object: null prototype] {
-     {
        body: '{"groupId":"archive-068","startRevision":1}',
        delivered: 0,
        group_id: 'archive-068',
        id: 'archive-068:resume',
        kind: 'resume'
      },
+     [Object: null prototype] {
-     {
        body: '{"groupId":"archive-069","estimateId":"estimate-277025d547090678c385f5f0","planHash":"1e6261b5fe36755502989b040c2cbc5115902c16db48f7b351c39c6913672b8c"}',
        delivered: 1,
        group_id: 'archive-069',
        id: 'scheduler-wake:archive-069:estimate:estimate-277025d547090678c385f5f0',
        kind: 'budget-estimate'
      },
+     [Object: null prototype] {
-     {
        body: '{"groupId":"archive-069","startRevision":1}',
        delivered: 0,
        group_id: 'archive-069',
        id: 'archive-069:start',
        kind: 'start'
      },
+     [Object: null prototype] {
-     {
        body: '{"groupId":"archive-069","startRevision":1}',
        delivered: 0,
        group_id: 'archive-069',
        id: 'archive-069:no-start',
        kind: 'no-start'
      },
+     [Object: null prototype] {
-     {
        body: '{"groupId":"archive-069","startRevision":1}',
        delivered: 0,
        group_id: 'archive-069',
        id: 'archive-069:resume',
        kind: 'resume'
      },
+     [Object: null prototype] {
-     {
        body: '{"groupId":"archive-070","estimateId":"estimate-0622b942ef8d30752d8a26c2","planHash":"1e6261b5fe36755502989b040c2cbc5115902c16db48f7b351c39c6913672b8c"}',
        delivered: 1,
        group_id: 'archive-070',
        id: 'scheduler-wake:archive-070:estimate:estimate-0622b942ef8d30752d8a26c2',
        kind: 'budget-estimate'
      },
+     [Object: null prototype] {
-     {
        body: '{"groupId":"archive-070","startRevision":1}',
        delivered: 0,
        group_id: 'archive-070',
        id: 'archive-070:start',
        kind: 'start'
      },
+     [Object: null prototype] {
-     {
        body: '{"groupId":"archive-070","startRevision":1}',
        delivered: 0,
        group_id: 'archive-070',
        id: 'archive-070:no-start',
        kind: 'no-start'
      },
+     [Object: null prototype] {
-     {
        body: '{"groupId":"archive-070","startRevision":1}',
        delivered: 0,
        group_id: 'archive-070',
        id: 'archive-070:resume',
        kind: 'resume'
      },
+     [Object: null prototype] {
-     {
        body: '{"groupId":"archive-071","estimateId":"estimate-c5c16c0e27b33ba6e54e65b6","planHash":"1e6261b5fe36755502989b040c2cbc5115902c16db48f7b351c39c6913672b8c"}',
        delivered: 1,
        group_id: 'archive-071',
        id: 'scheduler-wake:archive-071:estimate:estimate-c5c16c0e27b33ba6e54e65b6',
        kind: 'budget-estimate'
      },
+     [Object: null prototype] {
-     {
        body: '{"groupId":"archive-071","startRevision":1}',
        delivered: 0,
        group_id: 'archive-071',
        id: 'archive-071:start',
        kind: 'start'
      },
+     [Object: null prototype] {
-     {
        body: '{"groupId":"archive-071","startRevision":1}',
        delivered: 0,
        group_id: 'archive-071',
        id: 'archive-071:no-start',
        kind: 'no-start'
      },
+     [Object: null prototype] {
-     {
        body: '{"groupId":"archive-071","startRevision":1}',
        delivered: 0,
        group_id: 'archive-071',
        id: 'archive-071:resume',
        kind: 'resume'
      },
+     [Object: null prototype] {
-     {
        body: '{"groupId":"archive-072","estimateId":"estimate-fa6605650567931924c94443","planHash":"1e6261b5fe36755502989b040c2cbc5115902c16db48f7b351c39c6913672b8c"}',
        delivered: 1,
        group_id: 'archive-072',
        id: 'scheduler-wake:archive-072:estimate:estimate-fa6605650567931924c94443',
        kind: 'budget-estimate'
      },
+     [Object: null prototype] {
-     {
        body: '{"groupId":"archive-072","startRevision":1}',
        delivered: 0,
        group_id: 'archive-072',
        id: 'archive-072:start',
        kind: 'start'
      },
+     [Object: null prototype] {
-     {
        body: '{"groupId":"archive-072","startRevision":1}',
        delivered: 0,
        group_id: 'archive-072',
        id: 'archive-072:no-start',
        kind: 'no-start'
      },
+     [Object: null prototype] {
-     {
        body: '{"groupId":"archive-072","startRevision":1}',
        delivered: 0,
        group_id: 'archive-072',
        id: 'archive-072:resume',
        kind: 'resume'
      },
+     [Object: null prototype] {
-     {
        body: '{"groupId":"archive-073","estimateId":"estimate-1c4de8cc5828608a66999510","planHash":"1e6261b5fe36755502989b040c2cbc5115902c16db48f7b351c39c6913672b8c"}',
        delivered: 1,
        group_id: 'archive-073',
        id: 'scheduler-wake:archive-073:estimate:estimate-1c4de8cc5828608a66999510',
        kind: 'budget-estimate'
      },
+     [Object: null prototype] {
-     {
        body: '{"groupId":"archive-073","startRevision":1}',
        delivered: 0,
        group_id: 'archive-073',
        id: 'archive-073:start',
        kind: 'start'
      },
+     [Object: null prototype] {
-     {
        body: '{"groupId":"archive-073","startRevision":1}',
        delivered: 0,
        group_id: 'archive-073',
        id: 'archive-073:no-start',
        kind: 'no-start'
      },
+     [Object: null prototype] {
-     {
        body: '{"groupId":"archive-073","startRevision":1}',
        delivered: 0,
        group_id: 'archive-073',
        id: 'archive-073:resume',
        kind: 'resume'
      },
+     [Object: null prototype] {
-     {
        body: '{"groupId":"archive-074","estimateId":"estimate-0f488c43a46e82b7fbed0867","planHash":"1e6261b5fe36755502989b040c2cbc5115902c16db48f7b351c39c6913672b8c"}',
        delivered: 1,
        group_id: 'archive-074',
        id: 'scheduler-wake:archive-074:estimate:estimate-0f488c43a46e82b7fbed0867',
        kind: 'budget-estimate'
      },
+     [Object: null prototype] {
-     {
        body: '{"groupId":"archive-074","startRevision":1}',
        delivered: 0,
        group_id: 'archive-074',
        id: 'archive-074:start',
        kind: 'start'
      },
+     [Object: null prototype] {
-     {
        body: '{"groupId":"archive-074","startRevision":1}',
        delivered: 0,
        group_id: 'archive-074',
        id: 'archive-074:no-start',
        kind: 'no-start'
      },
+     [Object: null prototype] {
-     {
        body: '{"groupId":"archive-074","startRevision":1}',
        delivered: 0,
        group_id: 'archive-074',
        id: 'archive-074:resume',
        kind: 'resume'
      },
+     [Object: null prototype] {
-     {
        body: '{"groupId":"archive-075","estimateId":"estimate-2525b875818f0dcf37f5b254","planHash":"1e6261b5fe36755502989b040c2cbc5115902c16db48f7b351c39c6913672b8c"}',
        delivered: 1,
        group_id: 'archive-075',
        id: 'scheduler-wake:archive-075:estimate:estimate-2525b875818f0dcf37f5b254',
        kind: 'budget-estimate'
      },
+     [Object: null prototyp