261b5fe36755502989b040c2cbc5115902c16db48f7b351c39c6913672b8c"}',
        delivered: 1,
        group_id: 'archive-000',
        id: 'scheduler-wake:archive-000:estimate:estimate-42ca390e790e5d5c641b6168',
        kind: 'budget-estimate'
      },
+     [Object: null prototype] {
-     {
        body: '{"groupId":"archive-000","startRevision":1}',
        delivered: 0,
        group_id: 'archive-000',
        id: 'archive-000:start',
        kind: 'start'
      },
+     [Object: null prototype] {
-     {
        body: '{"groupId":"archive-000","startRevision":1}',
        delivered: 0,
        group_id: 'archive-000',
        id: 'archive-000:no-start',
        kind: 'no-start'
      },
+     [Object: null prototype] {
-     {
        body: '{"groupId":"archive-000","startRevision":1}',
        delivered: 0,
        group_id: 'archive-000',
        id: 'archive-000:resume',
        kind: 'resume'
      },
+     [Object: null prototype] {
-     {
        body: '{"groupId":"archive-001","estimateId":"estimate-b9e7efcd0e4894089fea1a3b","planHash":"1e6261b5fe36755502989b040c2cbc5115902c16db48f7b351c39c6913672b8c"}',
        delivered: 1,
        group_id: 'archive-001',
        id: 'scheduler-wake:archive-001:estimate:estimate-b9e7efcd0e4894089fea1a3b',
        kind: 'budget-estimate'
      },
+     [Object: null prototype] {
-     {
        body: '{"groupId":"archive-001","startRevision":1}',
        delivered: 0,
        group_id: 'archive-001',
        id: 'archive-001:start',
        kind: 'start'
      },
+     [Object: null prototype] {
-     {
        body: '{"groupId":"archive-001","startRevision":1}',
        delivered: 0,
        group_id: 'archive-001',
        id: 'archive-001:no-start',
        kind: 'no-start'
      },
+     [Object: null prototype] {
-     {
        body: '{"groupId":"archive-001","startRevision":1}',
        delivered: 0,
        group_id: 'archive-001',
        id: 'archive-001:resume',
        kind: 'resume'
      },
+     [Object: null prototype] {
-     {
        body: '{"groupId":"archive-002","estimateId":"estimate-6bef9434ecc4b8fb707fe86d","planHash":"1e6261b5fe36755502989b040c2cbc5115902c16db48f7b351c39c6913672b8c"}',
        delivered: 1,
        group_id: 'archive-002',
        id: 'scheduler-wake:archive-002:estimate:estimate-6bef9434ecc4b8fb707fe86d',
        kind: 'budget-estimate'
      },
+     [Object: null prototype] {
-     {
        body: '{"groupId":"archive-002","startRevision":1}',
        delivered: 0,
        group_id: 'archive-002',
        id: 'archive-002:start',
        kind: 'start'
      },
+     [Object: null prototype] {
-     {
        body: '{"groupId":"archive-002","startRevision":1}',
        delivered: 0,
        group_id: 'archive-002',
        id: 'archive-002:no-start',
        kind: 'no-start'
      },
+     [Object: null prototype] {
-     {
        body: '{"groupId":"archive-002","startRevision":1}',
        delivered: 0,
        group_id: 'archive-002',
        id: 'archive-002:resume',
        kind: 'resume'
      },
+     [Object: null prototype] {
-     {
        body: '{"groupId":"archive-003","estimateId":"estimate-39191ceace5bd71e9afd0c23","planHash":"1e6261b5fe36755502989b040c2cbc5115902c16db48f7b351c39c6913672b8c"}',
        delivered: 1,
        group_id: 'archive-003',
        id: 'scheduler-wake:archive-003:estimate:estimate-39191ceace5bd71e9afd0c23',
        kind: 'budget-estimate'
      },
+     [Object: null prototype] {
-     {
        body: '{"groupId":"archive-003","startRevision":1}',
        delivered: 0,
        group_id: 'archive-003',
        id: 'archive-003:start',
        kind: 'start'
      },
+     [Object: null prototype] {
-     {
        body: '{"groupId":"archive-003","startRevision":1}',
        delivered: 0,
        group_id: 'archive-003',
        id: 'archive-003:no-start',
        kind: 'no-start'
      },
+     [Object: null prototype] {
-     {
        body: '{"groupId":"archive-003","startRevision":1}',
        delivered: 0,
        group_id: 'archive-003',
        id: 'archive-003:resume',
        kind: 'resume'
      },
+     [Object: null prototype] {
-     {
        body: '{"groupId":"archive-004","estimateId":"estimate-42dcaa9330f818cff01b017c","planHash":"1e6261b5fe36755502989b040c2cbc5115902c16db48f7b351c39c6913672b8c"}',
        delivered: 1,
        group_id: 'archive-004',
        id: 'scheduler-wake:archive-004:estimate:estimate-42dcaa9330f818cff01b017c',
        kind: 'budget-estimate'
      },
+     [Object: null prototype] {
-     {
        body: '{"groupId":"archive-004","startRevision":1}',
        delivered: 0,
        group_id: 'archive-004',
        id: 'archive-004:start',
        kind: 'start'
      },
+     [Object: null prototype] {
-     {
        body: '{"groupId":"archive-004","startRevision":1}',
        delivered: 0,
        group_id: 'archive-004',
        id: 'archive-004:no-start',
        kind: 'no-start'
      },
+     [Object: null prototype] {
-     {
        body: '{"groupId":"archive-004","startRevision":1}',
        delivered: 0,
        group_id: 'archive-004',
        id: 'archive-004:resume',
        kind: 'resume'
      },
+     [Object: null prototype] {
-     {
        body: '{"groupId":"archive-005","estimateId":"estimate-66883e4206a93c066c18b243","planHash":"1e6261b5fe36755502989b040c2cbc5115902c16db48f7b351c39c6913672b8c"}',
        delivered: 1,
        group_id: 'archive-005',
        id: 'scheduler-wake:archive-005:estimate:estimate-66883e4206a93c066c18b243',
        kind: 'budget-estimate'
      },
+     [Object: null prototype] {
-     {
        body: '{"groupId":"archive-005","startRevision":1}',
        delivered: 0,
        group_id: 'archive-005',
        id: 'archive-005:start',
        kind: 'start'
      },
+     [Object: null prototype] {
-     {
        body: '{"groupId":"archive-005","startRevision":1}',
        delivered: 0,
        group_id: 'archive-005',
        id: 'archive-005:no-start',
        kind: 'no-start'
      },
+     [Object: null prototype] {
-     {
        body: '{"groupId":"archive-005","startRevision":1}',
        delivered: 0,
        group_id: 'archive-005',
        id: 'archive-005:resume',
        kind: 'resume'
      },
+     [Object: null prototype] {
-     {
        body: '{"groupId":"archive-006","estimateId":"estimate-4c512816ea7dd46daeef8509","planHash":"1e6261b5fe36755502989b040c2cbc5115902c16db48f7b351c39c6913672b8c"}',
        delivered: 1,
        group_id: 'archive-006',
        id: 'scheduler-wake:archive-006:estimate:estimate-4c512816ea7dd46daeef8509',
        kind: 'budget-estimate'
      },
+     [Object: null prototype] {
-     {
        body: '{"groupId":"archive-006","startRevision":1}',
        delivered: 0,
        group_id: 'archive-006',
        id: 'archive-006:start',
        kind: 'start'
      },
+     [Object: null prototype] {
-     {
        body: '{"groupId":"archive-006","startRevision":1}',
        delivered: 0,
        group_id: 'archive-006',
        id: 'archive-006:no-start',
        kind: 'no-start'
      },
+     [Object: null prototype] {
-     {
        body: '{"groupId":"archive-006","startRevision":1}',
        delivered: 0,
        group_id: 'archive-006',
        id: 'archive-006:resume',
        kind: 'resume'
      },
+     [Object: null prototype] {
-     {
        body: '{"groupId":"archive-007","estimateId":"estimate-85cb3769e3e131a1b336122a","planHash":"1e6261b5fe36755502989b040c2cbc5115902c16db48f7b351c39c6913672b8c"}',
        delivered: 1,
        group_id: 'archive-007',
        id: 'scheduler-wake:archive-007:estimate:estimate-85cb3769e3e131a1b336122a',
        kind: 'budget-estimate'
      },
+     [Object: null prototype] {
-     {
        body: '{"groupId":"archive-007","startRevision":1}',
        delivered: 0,
        group_id: 'archive-007',
        id: 'archive-007:start',
        kind: 'start'
      },
+     [Object: null prototype] {
-     {
        body: '{"groupId":"archive-007","startRevision":1}',
        delivered: 0,
        group_id: 'archive-007',
        id: 'archive-007:no-start',
        kind: 'no-start'
      },
+     [Object: null prototype] {
-     {
        body: '{"groupId":"archive-007","startRevision":1}',
        delivered: 0,
        group_id: 'archive-007',
        id: 'archive-007:resume',
        kind: 'resume'
      },
+     [Object: null prototype] {
-     {
        body: '{"groupId":"archive-008","estimateId":"estimate-8e3df8094d0bfdd6a10519b0","planHash":"1e6261b5fe36755502989b040c2cbc5115902c16db48f7b351c39c6913672b8c"}',
        delivered: 1,
        group_id: 'archive-008',
        id: 'scheduler-wake:archive-008:estimate:estimate-8e3df8094d0bfdd6a10519b0',
        kind: 'budget-estimate'
      },
+     [Object: null prototype] {
-     {
        body: '{"groupId":"archive-008","startRevision":1}',
        delivered: 0,
        group_id: 'archive-008',
        id: 'archive-008:start',
        kind: 'start'
      },
+     [Object: null prototype] {
-     {
        body: '{"groupId":"archive-008","startRevision":1}',
        delivered: 0,
        group_id: 'archive-008',
        id: 'archive-008:no-start',
        kind: 'no-start'
      },
+     [Object: null prototype] {
-     {
        body: '{"groupId":"archive-008","startRevision":1}',
        delivered: 0,
        group_id: 'archive-008',
        id: 'archive-008:resume',
        kind: 'resume'
      },
+     [Object: null prototype] {
-     {
        body: '{"groupId":"archive-009","estimateId":"estimate-5fac095b69d5d231ff4a6e91","planHash":"1e6261b5fe36755502989b040c2cbc5115902c16db48f7b351c39c6913672b8c"}',
        delivered: 1,
        group_id: 'archive-009',
        id: 'scheduler-wake:archive-009:estimate:estimate-5fac095b69d5d231ff4a6e91',
        kind: 'budget-estimate'
      },
+     [Object: null prototype] {
-     {
        body: '{"groupId":"archive-009","startRevision":1}',
        delivered: 0,
        group_id: 'archive-009',
        id: 'archive-009:star