(node:90156) ExperimentalWarning: SQLite is an experimental feature and might change at any time
(Use `node --trace-warnings ...` to show where the warning was created)
{"phase":"warmup","name":"full-reset","index":1,"ms":2019.741458000004}
{"phase":"warmup","name":"full-reset","index":2,"ms":1945.0643339999951}
{"phase":"warmup","name":"full-reset","index":3,"ms":2060.7715829999943}
{"phase":"warmup","name":"full-reset","index":4,"ms":2004.2060000000056}
{"phase":"warmup","name":"full-reset","index":5,"ms":2232.6459579999937}
{"phase":"warmup","name":"full-reset","index":6,"ms":2096.295708000005}
{"phase":"warmup","name":"full-reset","index":7,"ms":2023.1977919999918}
{"phase":"warmup","name":"full-reset","index":8,"ms":2098.0229160000017}
{"phase":"warmup","name":"full-reset","index":9,"ms":2120.457792000001}
{"phase":"warmup","name":"full-reset","index":10,"ms":2024.8355410000077}
{"phase":"sample","name":"full-reset","index":1,"ms":2023.1456659999967}
{"phase":"sample","name":"full-reset","index":2,"ms":2418.305290999997}
{"phase":"sample","name":"full-reset","index":3,"ms":1992.9692499999946}
{"phase":"sample","name":"full-reset","index":4,"ms":1915.789208000002}
{"phase":"sample","name":"full-reset","index":5,"ms":1892.7956250000134}
{"phase":"sample","name":"full-reset","index":6,"ms":1877.4726660000015}
{"phase":"sample","name":"full-reset","index":7,"ms":1925.6238339999982}
{"phase":"sample","name":"full-reset","index":8,"ms":1950.8845419999998}
{"phase":"sample","name":"full-reset","index":9,"ms":1918.3887090000062}
{"phase":"sample","name":"full-reset","index":10,"ms":1878.0900839999958}
{"phase":"sample","name":"full-reset","index":11,"ms":1894.6318329999922}
{"phase":"sample","name":"full-reset","index":12,"ms":2023.9476249999861}
{"phase":"sample","name":"full-reset","index":13,"ms":1920.4142920000013}
{"phase":"sample","name":"full-reset","index":14,"ms":1851.0862079999933}
{"phase":"sample","name":"full-reset","index":15,"ms":1808.6803749999963}
{"phase":"sample","name":"full-reset","index":16,"ms":1805.8377089999994}
{"phase":"sample","name":"full-reset","index":17,"ms":1781.1192080000183}
{"phase":"sample","name":"full-reset","index":18,"ms":1827.1741660000116}
{"phase":"sample","name":"full-reset","index":19,"ms":1795.0717500000028}
{"phase":"sample","name":"full-reset","index":20,"ms":1790.1801660000056}
{"phase":"sample","name":"full-reset","index":21,"ms":1882.3900420000136}
{"phase":"sample","name":"full-reset","index":22,"ms":2068.01670800001}
{"phase":"sample","name":"full-reset","index":23,"ms":1845.4387500000012}
{"phase":"sample","name":"full-reset","index":24,"ms":1760.429833000002}
{"phase":"sample","name":"full-reset","index":25,"ms":1798.2177910000028}
{"phase":"sample","name":"full-reset","index":26,"ms":1764.388958000025}
{"phase":"sample","name":"full-reset","index":27,"ms":1778.791041999997}
{"phase":"sample","name":"full-reset","index":28,"ms":1750.5652090000222}
{"phase":"sample","name":"full-reset","index":29,"ms":1771.859208000009}
{"phase":"sample","name":"full-reset","index":30,"ms":1762.8078749999986}
{"name":"full-reset","timing":{"warmup":10,"samples":30,"rawMs":[2023.1456659999967,2418.305290999997,1992.9692499999946,1915.789208000002,1892.7956250000134,1877.4726660000015,1925.6238339999982,1950.8845419999998,1918.3887090000062,1878.0900839999958,1894.6318329999922,2023.9476249999861,1920.4142920000013,1851.0862079999933,1808.6803749999963,1805.8377089999994,1781.1192080000183,1827.1741660000116,1795.0717500000028,1790.1801660000056,1882.3900420000136,2068.01670800001,1845.4387500000012,1760.429833000002,1798.2177910000028,1764.388958000025,1778.791041999997,1750.5652090000222,1771.859208000009,1762.8078749999986],"min":1750.5652090000222,"max":2418.305290999997,"p50":1851.0862079999933,"p95":2068.01670800001},"outputDigest":"d0ccc02d38b5b49088f7ac8b7a424075ab1029693e3116a8e2948c23d6c10276","calls":{"handler":0,"probe":0,"accept":0}}
