(node:3475) ExperimentalWarning: SQLite is an experimental feature and might change at any time
(Use `node --trace-warnings ...` to show where the warning was created)
{"phase":"warmup","name":"full-reset","index":1,"ms":1730.0667499999981}
{"phase":"warmup","name":"full-reset","index":2,"ms":1808.1032909999994}
{"phase":"warmup","name":"full-reset","index":3,"ms":1680.3061250000028}
{"phase":"warmup","name":"full-reset","index":4,"ms":1653.0854160000017}
{"phase":"warmup","name":"full-reset","index":5,"ms":1698.1489169999986}
{"phase":"warmup","name":"full-reset","index":6,"ms":1653.5769589999982}
{"phase":"warmup","name":"full-reset","index":7,"ms":1687.9817919999914}
{"phase":"warmup","name":"full-reset","index":8,"ms":1644.6095839999907}
{"phase":"warmup","name":"full-reset","index":9,"ms":1686.1967920000025}
{"phase":"warmup","name":"full-reset","index":10,"ms":1657.4522079999879}
{"phase":"sample","name":"full-reset","index":1,"ms":1744.5028750000056}
{"phase":"sample","name":"full-reset","index":2,"ms":1608.3086670000048}
{"phase":"sample","name":"full-reset","index":3,"ms":1603.6061670000054}
{"phase":"sample","name":"full-reset","index":4,"ms":1598.9351250000036}
{"phase":"sample","name":"full-reset","index":5,"ms":1713.8130419999943}
{"phase":"sample","name":"full-reset","index":6,"ms":1601.7682499999937}
{"phase":"sample","name":"full-reset","index":7,"ms":1625.2540840000001}
{"phase":"sample","name":"full-reset","index":8,"ms":1592.7731670000067}
{"phase":"sample","name":"full-reset","index":9,"ms":1761.4541670000035}
{"phase":"sample","name":"full-reset","index":10,"ms":1589.4473750000034}
{"phase":"sample","name":"full-reset","index":11,"ms":1599.6959590000042}
{"phase":"sample","name":"full-reset","index":12,"ms":1587.7259579999954}
{"phase":"sample","name":"full-reset","index":13,"ms":1586.510666999995}
{"phase":"sample","name":"full-reset","index":14,"ms":1574.926667000007}
{"phase":"sample","name":"full-reset","index":15,"ms":1587.4825839999976}
{"phase":"sample","name":"full-reset","index":16,"ms":1578.5897499999992}
{"phase":"sample","name":"full-reset","index":17,"ms":1592.2039579999982}
{"phase":"sample","name":"full-reset","index":18,"ms":1579.1489170000132}
{"phase":"sample","name":"full-reset","index":19,"ms":1591.9539170000062}
{"phase":"sample","name":"full-reset","index":20,"ms":1558.5821670000005}
{"phase":"sample","name":"full-reset","index":21,"ms":1726.9817080000066}
{"phase":"sample","name":"full-reset","index":22,"ms":1570.774000000005}
{"phase":"sample","name":"full-reset","index":23,"ms":1589.8002909999923}
{"phase":"sample","name":"full-reset","index":24,"ms":1606.2029169999878}
{"phase":"sample","name":"full-reset","index":25,"ms":1569.9936670000025}
{"phase":"sample","name":"full-reset","index":26,"ms":1589.9506669999973}
{"phase":"sample","name":"full-reset","index":27,"ms":1585.283374999999}
{"phase":"sample","name":"full-reset","index":28,"ms":1587.1606250000186}
{"phase":"sample","name":"full-reset","index":29,"ms":1559.5948749999807}
{"phase":"sample","name":"full-reset","index":30,"ms":1572.6761250000272}
{"name":"full-reset","timing":{"warmup":10,"samples":30,"rawMs":[1744.5028750000056,1608.3086670000048,1603.6061670000054,1598.9351250000036,1713.8130419999943,1601.7682499999937,1625.2540840000001,1592.7731670000067,1761.4541670000035,1589.4473750000034,1599.6959590000042,1587.7259579999954,1586.510666999995,1574.926667000007,1587.4825839999976,1578.5897499999992,1592.2039579999982,1579.1489170000132,1591.9539170000062,1558.5821670000005,1726.9817080000066,1570.774000000005,1589.8002909999923,1606.2029169999878,1569.9936670000025,1589.9506669999973,1585.283374999999,1587.1606250000186,1559.5948749999807,1572.6761250000272],"min":1558.5821670000005,"max":1761.4541670000035,"p50":1589.8002909999923,"p95":1744.5028750000056},"outputDigest":"d0ccc02d38b5b49088f7ac8b7a424075ab1029693e3116a8e2948c23d6c10276","calls":{"handler":0,"probe":0,"accept":0}}
{"phase":"warmup","name":"forced-reset","index":1,"ms":1566.1696250000095}
{"phase":"warmup","name":"forced-reset","index":2,"ms":1554.326374999975}
{"phase":"warmup","name":"forced-reset","index":3,"ms":1570.9212499999849}
{"phase":"warmup","name":"forced-reset","index":4,"ms":1561.5737920000101}
{"phase":"warmup","name":"forced-reset","index":5,"ms":1567.0248330000031}
{"phase":"warmup","name":"forced-reset","index":6,"ms":1548.9890409999934}
{"phase":"warmup","name":"forced-reset","index":7,"ms":1556.185749999975}
{"phase":"warmup","name":"forced-reset","index":8,"ms":1541.3797909999848}
{"phase":"warmup","name":"forced-reset","index":9,"ms":1631.262916000007}
{"phase":"warmup","name":"forced-reset","index":10,"ms":1551.1137500000186}
{"phase":"sample","name":"forced-reset","index":1,"ms":1561.1988750000019}
{"phase":"sample","name":"forced-reset","index":2,"ms":1786.8288330000069}
{"phase":"sample","name":"forced-reset","index":3,"ms":1527.4580410000053}
{"phase":"sample","name":"forced-reset","index":4,"ms":1521.4119169999904}
{"phase":"sample","name":"forced-reset","index":5,"ms":1538.7320000000182}
{"phase":"sample","name":"forced-reset","index":6,"ms":1530.8484999999928}
{"phase":"sample","name":"forced-reset","index":7,"ms":1551.3372500000114}
{"phase":"sample","name":"forced-reset","index":8,"ms":1540.457792000001}
{"phase":"sample","name":"forced-reset","index":9,"ms":1558.4481249999953}
{"phase":"sample","name":"forced-reset","index":10,"ms":1549.0038749999949}
{"phase":"sample","name":"forced-reset","index":11,"ms":1573.1308339999814}
{"phase":"sample","name":"forced-reset","index":12,"ms":1560.024207999988}
{"phase":"sample","name":"forced-reset","index":13,"ms":1558.137875000015}
{"phase":"sample","name":"forced-reset","index":14,"ms":1543.7507090000145}
{"phase":"sample","name":"forced-reset","index":15,"ms":1556.1447919999773}
{"phase":"sample","name":"forced-reset","index":16,"ms":1522.639582999982}
{"phase":"sample","name":"forced-reset","index":17,"ms":1537.177040999988}
{"phase":"sample","name":"forced-reset","index":18,"ms":1521.497000000003}
{"phase":"sample","name":"forced-reset","index":19,"ms":1543.6509999999835}
{"phase":"sample","name":"forced-reset","index":20,"ms":1518.3203750000102}
{"phase":"sample","name":"forced-reset","index":21,"ms":1570.2324580000131}
{"phase":"sample","name":"forced-reset","index":22,"ms":1535.3846669999766}
{"phase":"sample","name":"forced-reset","index":23,"ms":1565.9718330000178}
{"phase":"sample","name":"forced-reset","index":24,"ms":1667.8671250000189}
{"phase":"sample","name":"forced-reset","index":25,"ms":1558.6382079999894}
{"phase":"sample","name":"forced-reset","index":26,"ms":1534.9667910000135}
{"phase":"sample","name":"forced-reset","index":27,"ms":1546.8014170000097}
{"phase":"sample","name":"forced-reset","index":28,"ms":1554.384584000014}
{"phase":"sample","name":"forced-reset","index":29,"ms":1553.3670839999977}
{"phase":"sample","name":"forced-reset","index":30,"ms":1534.0244579999999}
{"name":"forced-reset","timing":{"warmup":10,"samples":30,"rawMs":[1561.1988750000019,1786.8288330000069,1527.4580410000053,1521.4119169999904,1538.7320000000182,1530.8484999999928,1551.3372500000114,1540.457792000001,1558.4481249999953,1549.0038749999949,1573.1308339999814,1560.024207999988,1558.137875000015,1543.7507090000145,1556.1447919999773,1522.639582999982,1537.177040999988,1521.497000000003,1543.6509999999835,1518.3203750000102,1570.2324580000131,1535.3846669999766,1565.9718330000178,1667.8671250000189,1558.6382079999894,1534.9667910000135,1546.8014170000097,1554.384584000014,1553.3670839999977,1534.0244579999999],"min":1518.3203750000102,"max":1786.8288330000069,"p50":1546.8014170000097,"p95":1667.8671250000189},"outputDigest":"d0ccc02d38b5b49088f7ac8b7a424075ab1029693e3116a8e2948c23d6c10276","calls":{"handler":0,"probe":0,"accept":0}}
{"phase":"warmup","name":"retention-reset","index":1,"ms":1549.8854579999752}
{"phase":"warmup","name":"retention-reset","index":2,"ms":1552.2945410000102}
{"phase":"warmup","name":"retention-reset","index":3,"ms":1618.1972079999978}
{"phase":"warmup","name":"retention-reset","index":4,"ms":1530.4426669999957}
{"phase":"warmup","name":"retention-reset","index":5,"ms":1539.6970420000143}
{"phase":"warmup","name":"retention-reset","index":6,"ms":1537.547166000004}
{"phase":"warmup","name":"retention-reset","index":7,"ms":1539.2811669999792}
{"phase":"warmup","name":"retention-reset","index":8,"ms":1538.0456249999988}
{"phase":"warmup","name":"retention-reset","index":9,"ms":1563.6267090000038}
{"phase":"warmup","name":"retention-reset","index":10,"ms":1552.090124999988}
{"phase":"sample","name":"retention-reset","index":1,"ms":1796.4516670000157}
{"phase":"sample","name":"retention-reset","index":2,"ms":1573.91287499998}
{"phase":"sample","name":"retention-reset","index":3,"ms":1552.7491670000018}
{"phase":"sample","name":"retention-reset","index":4,"ms":1549.6001659999893}
{"phase":"sample","name":"retention-reset","index":5,"ms":1554.6681670000253}
{"phase":"sample","name":"retention-reset","index":6,"ms":1532.6765409999934}
{"phase":"sample","name":"retention-reset","index":7,"ms":1561.3163329999952}
{"phase":"sample","name":"retention-reset","index":8,"ms":1544.2542079999985}
{"phase":"sample","name":"retention-reset","index":9,"ms":1568.1789160000044}
{"phase":"sample","name":"retention-reset","index":10,"ms":2838.8012499999895}
{"phase":"sample","name":"retention-reset","index":11,"ms":1648.9483340000152}
{"phase":"sample","name":"retention-reset","index":12,"ms":1574.810999999987}
{"phase":"sample","name":"retention-reset","index":13,"ms":1578.6047079999698}
{"phase":"sample","name":"retention-reset","index":14,"ms":1587.7517919999664}
{"phase":"sample","name":"retention-reset","index":15,"ms":1607.9909580000094}
{"phase":"sample","name":"retention-reset","index":16,"ms":1641.7785419999855}
{"phase":"sample","name":"retention-reset","index":17,"ms":1606.5978749999776}
{"phase":"sample","name":"retention-reset","index":18,"