358132,0.11574999999720603,0.11920800001826137,0.11858399998163804,0.11783399997511879,0.12254199996823445,0.11166699999012053,0.1167079999577254,0.11758299998473376,0.12041700002737343,0.1193339999881573,0.12270800000987947],"min":0.11166699999012053,"max":0.16391599999042228,"p50":0.11849999998230487,"p95":0.13329099997645244},"outputDigest":"fe4befe80f3bc1bb7a3e28514f3dd5deb408f17ad4c453ee8efbc4015915e13d","calls":{"handler":0,"probe":0,"accept":0}}
{"phase":"warmup","name":"one-group-detail","index":1,"ms":513.9712500000023}
{"phase":"warmup","name":"one-group-detail","index":2,"ms":513.3935000000056}
{"phase":"warmup","name":"one-group-detail","index":3,"ms":494.7035840000026}
{"phase":"warmup","name":"one-group-detail","index":4,"ms":488.0285830000066}
{"phase":"warmup","name":"one-group-detail","index":5,"ms":501.7126660000067}
{"phase":"warmup","name":"one-group-detail","index":6,"ms":490.93887499999255}
{"phase":"warmup","name":"one-group-detail","index":7,"ms":490.12458299996797}
{"phase":"warmup","name":"one-group-detail","index":8,"ms":492.1559159999597}
{"phase":"warmup","name":"one-group-detail","index":9,"ms":604.2433749999618}
{"phase":"warmup","name":"one-group-detail","index":10,"ms":509.4955000000191}
{"phase":"sample","name":"one-group-detail","index":1,"ms":511.1729589999886}
{"phase":"sample","name":"one-group-detail","index":2,"ms":487.69162499997765}
{"phase":"sample","name":"one-group-detail","index":3,"ms":515.1739999999991}
{"phase":"sample","name":"one-group-detail","index":4,"ms":519.7039160000277}
{"phase":"sample","name":"one-group-detail","index":5,"ms":491.8962499999907}
{"phase":"sample","name":"one-group-detail","index":6,"ms":488.15279199997894}
{"phase":"sample","name":"one-group-detail","index":7,"ms":498.55395899998257}
{"phase":"sample","name":"one-group-detail","index":8,"ms":503.42204199999105}
{"phase":"sample","name":"one-group-detail","index":9,"ms":493.34375}
{"phase":"sample","name":"one-group-detail","index":10,"ms":486.5976249999949}
{"phase":"sample","name":"one-group-detail","index":11,"ms":482.13550000003306}
{"phase":"sample","name":"one-group-detail","index":12,"ms":498.25520800001686}
{"phase":"sample","name":"one-group-detail","index":13,"ms":484.008833000029}
{"phase":"sample","name":"one-group-detail","index":14,"ms":494.43887499999255}
{"phase":"sample","name":"one-group-detail","index":15,"ms":485.7292080000043}
{"phase":"sample","name":"one-group-detail","index":16,"ms":506.1096660000039}
{"phase":"sample","name":"one-group-detail","index":17,"ms":489.4635000000126}
{"phase":"sample","name":"one-group-detail","index":18,"ms":489.351874999993}
{"phase":"sample","name":"one-group-detail","index":19,"ms":490.34312500001397}
{"phase":"sample","name":"one-group-detail","index":20,"ms":498.46187499997905}
{"phase":"sample","name":"one-group-detail","index":21,"ms":498.312957999995}
{"phase":"sample","name":"one-group-detail","index":22,"ms":489.54241700004786}
{"phase":"sample","name":"one-group-detail","index":23,"ms":509.6755830000038}
{"phase":"sample","name":"one-group-detail","index":24,"ms":496.2448330000043}
{"phase":"sample","name":"one-group-detail","index":25,"ms":499.5292500000214}
{"phase":"sample","name":"one-group-detail","index":26,"ms":654.4093330000178}
{"phase":"sample","name":"one-group-detail","index":27,"ms":480.7870000000112}
{"phase":"sample","name":"one-group-detail","index":28,"ms":484.017375000054}
{"phase":"sample","name":"one-group-detail","index":29,"ms":502.60920800000895}
{"phase":"sample","name":"one-group-detail","index":30,"ms":494.58687499997905}
{"name":"one-group-detail","timing":{"warmup":10,"samples":30,"rawMs":[511.1729589999886,487.69162499997765,515.1739999999991,519.7039160000277,491.8962499999907,488.15279199997894,498.55395899998257,503.42204199999105,493.34375,486.5976249999949,482.13550000003306,498.25520800001686,484.008833000029,494.43887499999255,485.7292080000043,506.1096660000039,489.4635000000126,489.351874999993,490.34312500001397,498.46187499997905,498.312957999995,489.54241700004786,509.6755830000038,496.2448330000043,499.5292500000214,654.4093330000178,480.7870000000112,484.017375000054,502.60920800000895,494.58687499997905],"min":480.7870000000112,"max":654.4093330000178,"p50":494.43887499999255,"p95":519.7039160000277},"outputDigest":"cad0a7da400208c27396c711a16d07ad198adc54cf2ab8d2012f1314c92bcb36","calls":{"handler":0,"probe":0,"accept":0}}
{"phase":"warmup","name":"all-live-detail","index":1,"ms":49763.46462500002}
{"phase":"warmup","name":"all-live-detail","index":2,"ms":50241.878833999974}
{"phase":"warmup","name":"all-live-detail","index":3,"ms":50473.24283299991}
{"phase":"warmup","name":"all-live-detail","index":4,"ms":50362.91570800007}
{"phase":"warmup","name":"all-live-detail","index":5,"ms":50477.591625}
{"phase":"warmup","name":"all-live-detail","index":6,"ms":49837.83637500007}
{"phase":"warmup","name":"all-live-detail","index":7,"ms":49962.416666000034}
{"phase":"warmup","name":"all-live-detail","index":8,"ms":50292.39629100007}
{"phase":"warmup","name":"all-live-detail","index":9,"ms":50361.07654200005}
{"phase":"warmup","name":"all-live-detail","index":10,"ms":50603.082916999934}
{"phase":"sample","name":"all-live-detail","index":1,"ms":50280.01783299993}
{"phase":"sample","name":"all-live-detail","index":2,"ms":50364.32491700002}
{"phase":"sample","name":"all-live-detail","index":3,"ms":50370.682458000025}
{"phase":"sample","name":"all-live-detail","index":4,"ms":50132.17424999992}
{"phase":"sample","name":"all-live-detail","index":5,"ms":49963.951040999964}
{"phase":"sample","name":"all-live-detail","index":6,"ms":50440.54395799991}
{"phase":"sample","name":"all-live-detail","index":7,"ms":50451.541708000004}
{"phase":"sample","name":"all-live-detail","index":8,"ms":50624.859375}
{"phase":"sample","name":"all-live-detail","index":9,"ms":50615.13154199999}
{"phase":"sample","name":"all-live-detail","index":10,"ms":52707.81095899991}
{"phase":"sample","name":"all-live-detail","index":11,"ms":51661.58899999992}
{"phase":"sample","name":"all-live-detail","index":12,"ms":51967.968458000105}
{"phase":"sample","name":"all-live-detail","index":13,"ms":51627.696292000124}
{"phase":"sample","name":"all-live-detail","index":14,"ms":51717.296040999936}
{"phase":"sample","name":"all-live-detail","index":15,"ms":51821.92529199994}
{"phase":"sample","name":"all-live-detail","index":16,"ms":51741.30366700003}
{"phase":"sample","name":"all-live-detail","index":17,"ms":51763.12850000011}
{"phase":"sample","name":"all-live-detail","index":18,"ms":51726.008249999955}
{"phase":"sample","name":"all-live-detail","index":19,"ms":51572.12379199988}
{"phase":"sample","name":"all-live-detail","index":20,"ms":51723.02725000004}
{"phase":"sample","name":"all-live-detail","index":21,"ms":51674.09725000011}
{"phase":"sample","name":"all-live-detail","index":22,"ms":51778.76333300001}
{"phase":"sample","name":"all-live-detail","index":23,"ms":51804.46837500017}
{"phase":"sample","name":"all-live-detail","index":24,"ms":51790.38112499984}
{"phase":"sample","name":"all-live-detail","index":25,"ms":52903.446915999986}
{"phase":"sample","name":"all-live-detail","index":26,"ms":51299.43829199998}
{"phase":"sample","name":"all-live-detail","index":27,"ms":50392.358791999985}
{"phase":"sample","name":"all-live-detail","index":28,"ms":50368.63145800028}
{"phase":"sample","name":"all-live-detail","index":29,"ms":50529.47929200018}
{"phase":"sample","name":"all-live-detail","index":30,"ms":50631.964791999664}
{"name":"all-live-detail","timing":{"warmup":10,"samples":30,"rawMs":[50280.01783299993,50364.32491700002,50370.682458000025,50132.17424999992,49963.951040999964,50440.54395799991,50451.541708000004,50624.859375,50615.13154199999,52707.81095899991,51661.58899999992,51967.968458000105,51627.696292000124,51717.296040999936,51821.92529199994,51741.30366700003,51763.12850000011,51726.008249999955,51572.12379199988,51723.02725000004,51674.09725000011,51778.76333300001,51804.46837500017,51790.38112499984,52903.446915999986,51299.43829199998,50392.358791999985,50368.63145800028,50529.47929200018,50631.964791999664],"min":49963.951040999964,"max":52903.446915999986,"p50":51572.12379199988,"p95":52707.81095899991},"outputDigest":"d63f8f2f33b791051c07b448b24a45c799e5cdd724dacd6eb8345f34df41043d","calls":{"handler":0,"probe":0,"accept":0}}
{"phase":"warmup","name":"replenish","index":1,"ms":131.05924999993294}
{"phase":"warmup","name":"replenish","index":2,"ms":120.64162500016391}
{"phase":"warmup","name":"replenish","index":3,"ms":126.33474999992177}
{"phase":"warmup","name":"replenish","index":4,"ms":118.0413750000298}
{"phase":"warmup","name":"replenish","index":5,"ms":118.29887499986216}
{"phase":"warmup","name":"replenish","index":6,"ms":121.43208299996331}
{"phase":"warmup","name":"replenish","index":7,"ms":116.62220799969509}
{"phase":"warmup","name":"replenish","index":8,"ms":119.9020000002347}
{"phase":"warmup","name":"replenish","index":9,"ms":121.59512500045821}
{"phase":"warmup","name":"replenish","index":10,"ms":121.99220899958163}
{"phase":"sample","name":"replenish","index":1,"ms":121.78187500033528}
{"phase":"sample","name":"replenish","index":2,"ms":124.99212499987334}
{"phase":"sample","name":"replenish","index":3,"ms":116.14829200040549}
{"phase":"sample","name":"replenish","index":4,"ms":124.19041700009257}
{"phase":"sample","name":"replenish","index":5,"ms":123.04779199976474}
{"phase":"sample","name":"replenish","index":6,"ms":117.9292500000447}
{"phase":"sample","name":"replenish","index":7,"ms":123.7072919998318}
{"phase":"sample","name":"replenish","index":8,"ms":125.3570840000175}
{"phase":"sample","name":"replenish","index":9,"ms":123.08112500002608}
{"phase":"sample","name":"replenish","index":10,"ms":117.14566700020805}
{"phase":"sample","name":"replenish","index":11,"ms":121.72629099991173}
{"phase":"sample","name":"replenish","index":12,"ms":126.02408299967647}
{"phase":"sample","name":"replenis