:{"handler":99,"probe":198,"accept":0}}
AssertionError [ERR_ASSERTION]: Expected values to be strictly deep-equal:
+ actual - expected

  {
    pending: [
+     [Object: null prototype] {
-     {
        body: '{"groupId":"live-000","estimateId":"estimate-23b61654237473b7c5893ee7","planHash":"70d8caa677ec17a0da3a38f06f13ea0af39fe9f371659eb7d8dc7de4766ceeb7"}',
        delivered: 1,
        group_id: 'live-000',
        id: 'scheduler-wake:live-000:estimate:estimate-23b61654237473b7c5893ee7',
        kind: 'budget-estimate'
      },
+     [Object: null prototype] {
-     {
        body: '{"executionSnapshotHash":"b7fbc580ec10369c54ccb85992a9453c4185f0e8abe428596c037e2304f64f36","groupId":"live-000","startRevision":3}',
        delivered: 1,
        group_id: 'live-000',
        id: 'scheduler-wake:live-000:3',
        kind: 'start'
      },
+     [Object: null prototype] {
-     {
        body: '{"groupId":"live-001","estimateId":"estimate-8f42d7a2935e04207f8e5a95","planHash":"70d8caa677ec17a0da3a38f06f13ea0af39fe9f371659eb7d8dc7de4766ceeb7"}',
        delivered: 1,
        group_id: 'live-001',
        id: 'scheduler-wake:live-001:estimate:estimate-8f42d7a2935e04207f8e5a95',
        kind: 'budget-estimate'
      },
+     [Object: null prototype] {
-     {
        body: '{"executionSnapshotHash":"a4dcd217eeb470ceffc41f3ed3fd4e6842a0a0049a242f664fdebd99a51eb0f5","groupId":"live-001","startRevision":3}',
        delivered: 1,
        group_id: 'live-001',
        id: 'scheduler-wake:live-001:3',
        kind: 'start'
      },
+     [Object: null prototype] {
-     {
        body: '{"groupId":"live-002","estimateId":"estimate-e9086159377f49b072c952d6","planHash":"70d8caa677ec17a0da3a38f06f13ea0af39fe9f371659eb7d8dc7de4766ceeb7"}',
        delivered: 1,
        group_id: 'live-002',
        id: 'scheduler-wake:live-002:estimate:estimate-e9086159377f49b072c952d6',
        kind: 'budget-estimate'
      },
+     [Object: null prototype] {
-     {
        body: '{"executionSnapshotHash":"06d1d7957a39801c80fb0bcd9010685321eceb949eaf6cb38a4c4500e06bfbfb","groupId":"live-002","startRevision":3}',
        delivered: 1,
        group_id: 'live-002',
        id: 'scheduler-wake:live-002:3',
        kind: 'start'
      },
+     [Object: null prototype] {
-     {
        body: '{"groupId":"live-003","estimateId":"estimate-9faefb66ea4be07eec61e1e0","planHash":"70d8caa677ec17a0da3a38f06f13ea0af39fe9f371659eb7d8dc7de4766ceeb7"}',
        delivered: 1,
        group_id: 'live-003',
        id: 'scheduler-wake:live-003:estimate:estimate-9faefb66ea4be07eec61e1e0',
        kind: 'budget-estimate'
      },
+     [Object: null prototype] {
-     {
        body: '{"executionSnapshotHash":"1cc3216c3984a1134fd39909dde622dd7e8735e01257d7a5f55d5a49a5586b29","groupId":"live-003","startRevision":3}',
        delivered: 1,
        group_id: 'live-003',
        id: 'scheduler-wake:live-003:3',
        kind: 'start'
      },
+     [Object: null prototype] {
-     {
        body: '{"groupId":"live-004","estimateId":"estimate-4e3c786c477976371380bce0","planHash":"70d8caa677ec17a0da3a38f06f13ea0af39fe9f371659eb7d8dc7de4766ceeb7"}',
        delivered: 1,
        group_id: 'live-004',
        id: 'scheduler-wake:live-004:estimate:estimate-4e3c786c477976371380bce0',
        kind: 'budget-estimate'
      },
+     [Object: null prototype] {
-     {
        body: '{"executionSnapshotHash":"c89394121ad762953e07e049c03feacbd2c3d983a01a2045f6f38f3c08f6e004","groupId":"live-004","startRevision":3}',
        delivered: 1,
        group_id: 'live-004',
        id: 'scheduler-wake:live-004:3',
        kind: 'start'
      },
+     [Object: null prototype] {
-     {
        body: '{"groupId":"live-005","estimateId":"estimate-eb24d8945a178ba80cef494b","planHash":"70d8caa677ec17a0da3a38f06f13ea0af39fe9f371659eb7d8dc7de4766ceeb7"}',
        delivered: 1,
        group_id: 'live-005',
        id: 'scheduler-wake:live-005:estimate:estimate-eb24d8945a178ba80cef494b',
        kind: 'budget-estimate'
      },
+     [Object: null prototype] {
-     {
        body: '{"executionSnapshotHash":"97c6a51f4879b7afd884cb4f08d96e9e5a3e8f2d2d29126547be2a1df0f088e8","groupId":"live-005","startRevision":3}',
        delivered: 1,
        group_id: 'live-005',
        id: 'scheduler-wake:live-005:3',
        kind: 'start'
      },
+     [Object: null prototype] {
-     {
        body: '{"groupId":"live-006","estimateId":"estimate-aa4d710fedd7785380953da9","planHash":"70d8caa677ec17a0da3a38f06f13ea0af39fe9f371659eb7d8dc7de4766ceeb7"}',
        delivered: 1,
        group_id: 'live-006',
        id: 'scheduler-wake:live-006:estimate:estimate-aa4d710fedd7785380953da9',
        kind: 'budget-estimate'
      },
+     [Object: null prototype] {
-     {
        body: '{"executionSnapshotHash":"2aa34dc201118bfaf119e6c8a364121cb09809e3fcd3c8e579dc9f1b8bc17978","groupId":"live-006","startRevision":3}',
        delivered: 1,
        group_id: 'live-006',
        id: 'scheduler-wake:live-006:3',
        kind: 'start'
      },
+     [Object: null prototype] {
-     {
        body: '{"groupId":"live-007","estimateId":"estimate-7ab53b774f905fc9645c04d4","planHash":"70d8caa677ec17a0da3a38f06f13ea0af39fe9f371659eb7d8dc7de4766ceeb7"}',
        delivered: 1,
        group_id: 'live-007',
        id: 'scheduler-wake:live-007:estimate:estimate-7ab53b774f905fc9645c04d4',
        kind: 'budget-estimate'
      },
+     [Object: null prototype] {
-     {
        body: '{"executionSnapshotHash":"b81f72ca9275fe1ad36bbfb81963c43931c54e1105731661aae7aa72de7a04b5","groupId":"live-007","startRevision":3}',
        delivered: 1,
        group_id: 'live-007',
        id: 'scheduler-wake:live-007:3',
        kind: 'start'
      },
+     [Object: null prototype] {
-     {
        body: '{"groupId":"live-008","estimateId":"estimate-a8d1739206cb73c089df8c59","planHash":"70d8caa677ec17a0da3a38f06f13ea0af39fe9f371659eb7d8dc7de4766ceeb7"}',
        delivered: 1,
        group_id: 'live-008',
        id: 'scheduler-wake:live-008:estimate:estimate-a8d1739206cb73c089df8c59',
        kind: 'budget-estimate'
      },
+     [Object: null prototype] {
-     {
        body: '{"executionSnapshotHash":"8c8523e31294863c2aebb642e057a6984fe509fcf8519f796643845e8727fea5","groupId":"live-008","startRevision":3}',
        delivered: 1,
        group_id: 'live-008',
        id: 'scheduler-wake:live-008:3',
        kind: 'start'
      },
+     [Object: null prototype] {
-     {
        body: '{"groupId":"live-009","estimateId":"estimate-d01254341f5940b636e7c6bc","planHash":"70d8caa677ec17a0da3a38f06f13ea0af39fe9f371659eb7d8dc7de4766ceeb7"}',
        delivered: 1,
        group_id: 'live-009',
        id: 'scheduler-wake:live-009:estimate:estimate-d01254341f5940b636e7c6bc',
        kind: 'budget-estimate'
      },
+     [Object: null prototype] {
-     {
        body: '{"executionSnapshotHash":"fe19d7daea82b7c6ebd3dbfa714123f8c06173265eb2c6556b3fa1f094c047e9","groupId":"live-009","startRevision":3}',
        delivered: 1,
        group_id: 'live-009',
        id: 'scheduler-wake:live-009:3',
        kind: 'start'
      },
+     [Object: null prototype] {
-     {
        body: '{"groupId":"live-010","estimateId":"estimate-06a89e33afeb597058e81cb3","planHash":"70d8caa677ec17a0da3a38f06f13ea0af39fe9f371659eb7d8dc7de4766ceeb7"}',
        delivered: 1,
        group_id: 'live-010',
        id: 'scheduler-wake:live-010:estimate:estimate-06a89e33afeb597058e81cb3',
        kind: 'budget-estimate'
      },
+     [Object: null prototype] {
-     {
        body: '{"executionSnapshotHash":"bf17a674d9513ae60c2e8c2ca784cf1e4f86cca7691e37f1fd5f6464840313a5","groupId":"live-010","startRevision":3}',
        delivered: 1,
        group_id: 'live-010',
        id: 'scheduler-wake:live-010:3',
        kind: 'start'
      },
+     [Object: null prototype] {
-     {
        body: '{"groupId":"live-011","estimateId":"estimate-66dc57ec419dcbfc5696f1da","planHash":"70d8caa677ec17a0da3a38f06f13ea0af39fe9f371659eb7d8dc7de4766ceeb7"}',
        delivered: 1,
        group_id: 'live-011',
        id: 'scheduler-wake:live-011:estimate:estimate-66dc57ec419dcbfc5696f1da',
        kind: 'budget-estimate'
      },
+     [Object: null prototype] {
-     {
        body: '{"executionSnapshotHash":"7969a53d1261c518578e877502d4bc5217aff92a870480a50665db8f5e7f611a","groupId":"live-011","startRevision":3}',
        delivered: 1,
        group_id: 'live-011',
        id: 'scheduler-wake:live-011:3',
        kind: 'start'
      },
+     [Object: null prototype] {
-     {
        body: '{"groupId":"live-012","estimateId":"estimate-3e2afb7b9771a0a5218b262d","planHash":"70d8caa677ec17a0da3a38f06f13ea0af39fe9f371659eb7d8dc7de4766ceeb7"}',
        delivered: 1,
        group_id: 'live-012',
        id: 'scheduler-wake:live-012:estimate:estimate-3e2afb7b9771a0a5218b262d',
        kind: 'budget-estimate'
      },
+     [Object: null prototype] {
-     {
        body: '{"executionSnapshotHash":"b4b31009740667f1c780f9b9d402312e40d848ec245c1cd8b09992e59045bdd7","groupId":"live-012","startRevision":3}',
        delivered: 1,
        group_id: 'live-012',
        id: 'scheduler-wake:live-012:3',
        kind: 'start'
      },
+     [Object: null prototype] {
-     {
        body: '{"groupId":"live-013","estimateId":"estimate-b0145d805cec21493919466c","planHash":"70d8caa677ec17a0da3a38f06f13ea0af39fe9f371659eb7d8dc7de4766ceeb7"}',
        delivered: 1,
        group_id: 'live-013',
        id: 'scheduler-wake:live-013:estimate:estimate-b0145d805cec21493919466c',
        kind: 'budget-estimate'
      },
+     [Object: null prototype] {
-     {
        body: '{"executionSnapshotHash":"70d293f4b03352b38cbae14cb0e8f594f48fe80b9b1a6344cf34cd118da7faa0","groupId":"live-013","startRevision":3}',
        delivered: 1,
        group_id: 'live-013',
        id: 'scheduler-wake:live-013:3',
        kind: 'start'
      },
+     [Object: null prototype] {
-     {
        body: '{"groupId":"live-014","estimate