  [Object: null prototype] {
-     {
        body: '{"groupId":"archive-056","startRevision":1}',
        delivered: 0,
        group_id: 'archive-056',
        id: 'archive-056:no-start',
        kind: 'no-start'
      },
+     [Object: null prototype] {
-     {
        body: '{"groupId":"archive-056","startRevision":1}',
        delivered: 0,
        group_id: 'archive-056',
        id: 'archive-056:resume',
        kind: 'resume'
      },
+     [Object: null prototype] {
-     {
        body: '{"groupId":"archive-057","estimateId":"estimate-0600b5e53194a319dab19706","planHash":"1e6261b5fe36755502989b040c2cbc5115902c16db48f7b351c39c6913672b8c"}',
        delivered: 1,
        group_id: 'archive-057',
        id: 'scheduler-wake:archive-057:estimate:estimate-0600b5e53194a319dab19706',
        kind: 'budget-estimate'
      },
+     [Object: null prototype] {
-     {
        body: '{"groupId":"archive-057","startRevision":1}',
        delivered: 0,
        group_id: 'archive-057',
        id: 'archive-057:start',
        kind: 'start'
      },
+     [Object: null prototype] {
-     {
        body: '{"groupId":"archive-057","startRevision":1}',
        delivered: 0,
        group_id: 'archive-057',
        id: 'archive-057:no-start',
        kind: 'no-start'
      },
+     [Object: null prototype] {
-     {
        body: '{"groupId":"archive-057","startRevision":1}',
        delivered: 0,
        group_id: 'archive-057',
        id: 'archive-057:resume',
        kind: 'resume'
      },
+     [Object: null prototype] {
-     {
        body: '{"groupId":"archive-058","estimateId":"estimate-1a4b88b8ac63aeb8edc9936c","planHash":"1e6261b5fe36755502989b040c2cbc5115902c16db48f7b351c39c6913672b8c"}',
        delivered: 1,
        group_id: 'archive-058',
        id: 'scheduler-wake:archive-058:estimate:estimate-1a4b88b8ac63aeb8edc9936c',
        kind: 'budget-estimate'
      },
+     [Object: null prototype] {
-     {
        body: '{"groupId":"archive-058","startRevision":1}',
        delivered: 0,
        group_id: 'archive-058',
        id: 'archive-058:start',
        kind: 'start'
      },
+     [Object: null prototype] {
-     {
        body: '{"groupId":"archive-058","startRevision":1}',
        delivered: 0,
        group_id: 'archive-058',
        id: 'archive-058:no-start',
        kind: 'no-start'
      },
+     [Object: null prototype] {
-     {
        body: '{"groupId":"archive-058","startRevision":1}',
        delivered: 0,
        group_id: 'archive-058',
        id: 'archive-058:resume',
        kind: 'resume'
      },
+     [Object: null prototype] {
-     {
        body: '{"groupId":"archive-059","estimateId":"estimate-4e80ce032f46a575984b2d00","planHash":"1e6261b5fe36755502989b040c2cbc5115902c16db48f7b351c39c6913672b8c"}',
        delivered: 1,
        group_id: 'archive-059',
        id: 'scheduler-wake:archive-059:estimate:estimate-4e80ce032f46a575984b2d00',
        kind: 'budget-estimate'
      },
+     [Object: null prototype] {
-     {
        body: '{"groupId":"archive-059","startRevision":1}',
        delivered: 0,
        group_id: 'archive-059',
        id: 'archive-059:start',
        kind: 'start'
      },
+     [Object: null prototype] {
-     {
        body: '{"groupId":"archive-059","startRevision":1}',
        delivered: 0,
        group_id: 'archive-059',
        id: 'archive-059:no-start',
        kind: 'no-start'
      },
+     [Object: null prototype] {
-     {
        body: '{"groupId":"archive-059","startRevision":1}',
        delivered: 0,
        group_id: 'archive-059',
        id: 'archive-059:resume',
        kind: 'resume'
      },
+     [Object: null prototype] {
-     {
        body: '{"groupId":"archive-060","estimateId":"estimate-0040bcb375d93e28d3016dd1","planHash":"1e6261b5fe36755502989b040c2cbc5115902c16db48f7b351c39c6913672b8c"}',
        delivered: 1,
        group_id: 'archive-060',
        id: 'scheduler-wake:archive-060:estimate:estimate-0040bcb375d93e28d3016dd1',
        kind: 'budget-estimate'
      },
+     [Object: null prototype] {
-     {
        body: '{"groupId":"archive-060","startRevision":1}',
        delivered: 0,
        group_id: 'archive-060',
        id: 'archive-060:start',
        kind: 'start'
      },
+     [Object: null prototype] {
-     {
        body: '{"groupId":"archive-060","startRevision":1}',
        delivered: 0,
        group_id: 'archive-060',
        id: 'archive-060:no-start',
        kind: 'no-start'
      },
+     [Object: null prototype] {
-     {
        body: '{"groupId":"archive-060","startRevision":1}',
        delivered: 0,
        group_id: 'archive-060',
        id: 'archive-060:resume',
        kind: 'resume'
      },
+     [Object: null prototype] {
-     {
        body: '{"groupId":"archive-061","estimateId":"estimate-e6cb4ff7a5b8ab84d8da7bed","planHash":"1e6261b5fe36755502989b040c2cbc5115902c16db48f7b351c39c6913672b8c"}',
        delivered: 1,
        group_id: 'archive-061',
        id: 'scheduler-wake:archive-061:estimate:estimate-e6cb4ff7a5b8ab84d8da7bed',
        kind: 'budget-estimate'
      },
+     [Object: null prototype] {
-     {
        body: '{"groupId":"archive-061","startRevision":1}',
        delivered: 0,
        group_id: 'archive-061',
        id: 'archive-061:start',
        kind: 'start'
      },
+     [Object: null prototype] {
-     {
        body: '{"groupId":"archive-061","startRevision":1}',
        delivered: 0,
        group_id: 'archive-061',
        id: 'archive-061:no-start',
        kind: 'no-start'
      },
+     [Object: null prototype] {
-     {
        body: '{"groupId":"archive-061","startRevision":1}',
        delivered: 0,
        group_id: 'archive-061',
        id: 'archive-061:resume',
        kind: 'resume'
      },
+     [Object: null prototype] {
-     {
        body: '{"groupId":"archive-062","estimateId":"estimate-e211ae6fdc87f5ac9a14acb3","planHash":"1e6261b5fe36755502989b040c2cbc5115902c16db48f7b351c39c6913672b8c"}',
        delivered: 1,
        group_id: 'archive-062',
        id: 'scheduler-wake:archive-062:estimate:estimate-e211ae6fdc87f5ac9a14acb3',
        kind: 'budget-estimate'
      },
+     [Object: null prototype] {
-     {
        body: '{"groupId":"archive-062","startRevision":1}',
        delivered: 0,
        group_id: 'archive-062',
        id: 'archive-062:start',
        kind: 'start'
      },
+     [Object: null prototype] {
-     {
        body: '{"groupId":"archive-062","startRevision":1}',
        delivered: 0,
        group_id: 'archive-062',
        id: 'archive-062:no-start',
        kind: 'no-start'
      },
+     [Object: null prototype] {
-     {
        body: '{"groupId":"archive-062","startRevision":1}',
        delivered: 0,
        group_id: 'archive-062',
        id: 'archive-062:resume',
        kind: 'resume'
      },
+     [Object: null prototype] {
-     {
        body: '{"groupId":"archive-063","estimateId":"estimate-162247e31edcc2d6eafb5ded","planHash":"1e6261b5fe36755502989b040c2cbc5115902c16db48f7b351c39c6913672b8c"}',
        delivered: 1,
        group_id: 'archive-063',
        id: 'scheduler-wake:archive-063:estimate:estimate-162247e31edcc2d6eafb5ded',
        kind: 'budget-estimate'
      },
+     [Object: null prototype] {
-     {
        body: '{"groupId":"archive-063","startRevision":1}',
        delivered: 0,
        group_id: 'archive-063',
        id: 'archive-063:start',
        kind: 'start'
      },
+     [Object: null prototype] {
-     {
        body: '{"groupId":"archive-063","startRevision":1}',
        delivered: 0,
        group_id: 'archive-063',
        id: 'archive-063:no-start',
        kind: 'no-start'
      },
+     [Object: null prototype] {
-     {
        body: '{"groupId":"archive-063","startRevision":1}',
        delivered: 0,
        group_id: 'archive-063',
        id: 'archive-063:resume',
        kind: 'resume'
      },
+     [Object: null prototype] {
-     {
        body: '{"groupId":"archive-064","estimateId":"estimate-4fba958026f08c47b8dfa2a1","planHash":"1e6261b5fe36755502989b040c2cbc5115902c16db48f7b351c39c6913672b8c"}',
        delivered: 1,
        group_id: 'archive-064',
        id: 'scheduler-wake:archive-064:estimate:estimate-4fba958026f08c47b8dfa2a1',
        kind: 'budget-estimate'
      },
+     [Object: null prototype] {
-     {
        body: '{"groupId":"archive-064","startRevision":1}',
        delivered: 0,
        group_id: 'archive-064',
        id: 'archive-064:start',
        kind: 'start'
      },
+     [Object: null prototype] {
-     {
        body: '{"groupId":"archive-064","startRevision":1}',
        delivered: 0,
        group_id: 'archive-064',
        id: 'archive-064:no-start',
        kind: 'no-start'
      },
+     [Object: null prototype] {
-     {
        body: '{"groupId":"archive-064","startRevision":1}',
        delivered: 0,
        group_id: 'archive-064',
        id: 'archive-064:resume',
        kind: 'resume'
      },
+     [Object: null prototype] {
-     {
        body: '{"groupId":"archive-065","estimateId":"estimate-3ed77b8585c0aea9ecc6e7b8","planHash":"1e6261b5fe36755502989b040c2cbc5115902c16db48f7b351c39c6913672b8c"}',
        delivered: 1,
        group_id: 'archive-065',
        id: 'scheduler-wake:archive-065:estimate:estimate-3ed77b8585c0aea9ecc6e7b8',
        kind: 'budget-estimate'
      },
+     [Object: null prototype] {
-     {
        body: '{"groupId":"archive-065","startRevision":1}',
        delivered: 0,
        group_id: 'archive-065',
        id: 'archive-065:start',
        kind: 'start'
      },
+     [Object: null prototype] {
-     {
        body: '{"groupId":"archive-065","startRevision":1}',
        delivered: 0,
        group_id: 'archive-065',
        id: 'archive-065:no-start',
        kind: 'no-start'
      },
+     [Object: null prototype] {
-     {
        body: '{"groupId":"archive-065","startRevision":1}',
        delivered: 0,
        group_id: 'archive-065',
        id: 'archive-065:resume',
        kind: 'resu