,
        delivered: 1,
        group_id: 'live-042',
        id: 'scheduler-wake:live-042:3',
        kind: 'start'
      },
+     [Object: null prototype] {
-     {
        body: '{"groupId":"live-043","estimateId":"estimate-bfabab28dbb6956cd0c63181","planHash":"70d8caa677ec17a0da3a38f06f13ea0af39fe9f371659eb7d8dc7de4766ceeb7"}',
        delivered: 1,
        group_id: 'live-043',
        id: 'scheduler-wake:live-043:estimate:estimate-bfabab28dbb6956cd0c63181',
        kind: 'budget-estimate'
      },
+     [Object: null prototype] {
-     {
        body: '{"executionSnapshotHash":"d93e1761c79502bd9bcde926f77ba4aaa6d041d880db52795e4a29e96c59a0fb","groupId":"live-043","startRevision":3}',
        delivered: 1,
        group_id: 'live-043',
        id: 'scheduler-wake:live-043:3',
        kind: 'start'
      },
+     [Object: null prototype] {
-     {
        body: '{"groupId":"live-044","estimateId":"estimate-7ba8e8f7d1125cec921f635e","planHash":"70d8caa677ec17a0da3a38f06f13ea0af39fe9f371659eb7d8dc7de4766ceeb7"}',
        delivered: 1,
        group_id: 'live-044',
        id: 'scheduler-wake:live-044:estimate:estimate-7ba8e8f7d1125cec921f635e',
        kind: 'budget-estimate'
      },
+     [Object: null prototype] {
-     {
        body: '{"executionSnapshotHash":"5e902c7d4165e64f0a66d0f02ba9109c12a26160f07940d90f15196634ccbe79","groupId":"live-044","startRevision":3}',
        delivered: 1,
        group_id: 'live-044',
        id: 'scheduler-wake:live-044:3',
        kind: 'start'
      },
+     [Object: null prototype] {
-     {
        body: '{"groupId":"live-045","estimateId":"estimate-ef2c632665e083b8e921def6","planHash":"70d8caa677ec17a0da3a38f06f13ea0af39fe9f371659eb7d8dc7de4766ceeb7"}',
        delivered: 1,
        group_id: 'live-045',
        id: 'scheduler-wake:live-045:estimate:estimate-ef2c632665e083b8e921def6',
        kind: 'budget-estimate'
      },
+     [Object: null prototype] {
-     {
        body: '{"executionSnapshotHash":"c4d35678074fb8d26b533e21cb0ed6fc162fbbdbbc849bc746e48dc101f26315","groupId":"live-045","startRevision":3}',
        delivered: 1,
        group_id: 'live-045',
        id: 'scheduler-wake:live-045:3',
        kind: 'start'
      },
+     [Object: null prototype] {
-     {
        body: '{"groupId":"live-046","estimateId":"estimate-9751281ab38ce6e81975439d","planHash":"70d8caa677ec17a0da3a38f06f13ea0af39fe9f371659eb7d8dc7de4766ceeb7"}',
        delivered: 1,
        group_id: 'live-046',
        id: 'scheduler-wake:live-046:estimate:estimate-9751281ab38ce6e81975439d',
        kind: 'budget-estimate'
      },
+     [Object: null prototype] {
-     {
        body: '{"executionSnapshotHash":"164c5c019f8760930eda10ca0e292b2060d0fac95793bbf61b0fbc61071231d6","groupId":"live-046","startRevision":3}',
        delivered: 1,
        group_id: 'live-046',
        id: 'scheduler-wake:live-046:3',
        kind: 'start'
      },
+     [Object: null prototype] {
-     {
        body: '{"groupId":"live-047","estimateId":"estimate-fb00ef13dc031edaaca7caf9","planHash":"70d8caa677ec17a0da3a38f06f13ea0af39fe9f371659eb7d8dc7de4766ceeb7"}',
        delivered: 1,
        group_id: 'live-047',
        id: 'scheduler-wake:live-047:estimate:estimate-fb00ef13dc031edaaca7caf9',
        kind: 'budget-estimate'
      },
+     [Object: null prototype] {
-     {
        body: '{"executionSnapshotHash":"d57db898e8d51aad81f29a5f551395383ec52d67d31d2ad08a3a9549997212d7","groupId":"live-047","startRevision":3}',
        delivered: 1,
        group_id: 'live-047',
        id: 'scheduler-wake:live-047:3',
        kind: 'start'
      },
+     [Object: null prototype] {
-     {
        body: '{"groupId":"live-048","estimateId":"estimate-91769f36cd0152116d040de7","planHash":"70d8caa677ec17a0da3a38f06f13ea0af39fe9f371659eb7d8dc7de4766ceeb7"}',
        delivered: 1,
        group_id: 'live-048',
        id: 'scheduler-wake:live-048:estimate:estimate-91769f36cd0152116d040de7',
        kind: 'budget-estimate'
      },
+     [Object: null prototype] {
-     {
        body: '{"executionSnapshotHash":"71cea959815433ad66834192041158eeab86606d2edc472d9298f74b3edf4538","groupId":"live-048","startRevision":3}',
        delivered: 1,
        group_id: 'live-048',
        id: 'scheduler-wake:live-048:3',
        kind: 'start'
      },
+     [Object: null prototype] {
-     {
        body: '{"groupId":"live-049","estimateId":"estimate-d6c2f3a96384612d559a0e9e","planHash":"70d8caa677ec17a0da3a38f06f13ea0af39fe9f371659eb7d8dc7de4766ceeb7"}',
        delivered: 1,
        group_id: 'live-049',
        id: 'scheduler-wake:live-049:estimate:estimate-d6c2f3a96384612d559a0e9e',
        kind: 'budget-estimate'
      },
+     [Object: null prototype] {
-     {
        body: '{"executionSnapshotHash":"0d0db8587c731295303ebf817a547c918e94c2ae4ab050429dcad3190bb61b59","groupId":"live-049","startRevision":3}',
        delivered: 1,
        group_id: 'live-049',
        id: 'scheduler-wake:live-049:3',
        kind: 'start'
      },
+     [Object: null prototype] {
-     {
        body: '{"groupId":"live-050","estimateId":"estimate-191aea8cc54e45dc49f017db","planHash":"70d8caa677ec17a0da3a38f06f13ea0af39fe9f371659eb7d8dc7de4766ceeb7"}',
        delivered: 1,
        group_id: 'live-050',
        id: 'scheduler-wake:live-050:estimate:estimate-191aea8cc54e45dc49f017db',
        kind: 'budget-estimate'
      },
+     [Object: null prototype] {
-     {
        body: '{"executionSnapshotHash":"44db9d081a45259caed506eb2ba4fd5e22ffa1e9ddbc52679081bae7e4bc29af","groupId":"live-050","startRevision":3}',
        delivered: 1,
        group_id: 'live-050',
        id: 'scheduler-wake:live-050:3',
        kind: 'start'
      },
+     [Object: null prototype] {
-     {
        body: '{"groupId":"live-051","estimateId":"estimate-7d012e32d3d587601433a224","planHash":"70d8caa677ec17a0da3a38f06f13ea0af39fe9f371659eb7d8dc7de4766ceeb7"}',
        delivered: 1,
        group_id: 'live-051',
        id: 'scheduler-wake:live-051:estimate:estimate-7d012e32d3d587601433a224',
        kind: 'budget-estimate'
      },
+     [Object: null prototype] {
-     {
        body: '{"executionSnapshotHash":"0ea38b258a2cda8cabf65aced49fab9b4c0468bc450015f4e2a39c6712750ddb","groupId":"live-051","startRevision":3}',
        delivered: 1,
        group_id: 'live-051',
        id: 'scheduler-wake:live-051:3',
        kind: 'start'
      },
+     [Object: null prototype] {
-     {
        body: '{"groupId":"live-052","estimateId":"estimate-97b32c507fae952fd829353c","planHash":"70d8caa677ec17a0da3a38f06f13ea0af39fe9f371659eb7d8dc7de4766ceeb7"}',
        delivered: 1,
        group_id: 'live-052',
        id: 'scheduler-wake:live-052:estimate:estimate-97b32c507fae952fd829353c',
        kind: 'budget-estimate'
      },
+     [Object: null prototype] {
-     {
        body: '{"executionSnapshotHash":"2cb1e87c170b87fe332f94806e9be349ebf14269b0293468c29cf9f8bc560b1c","groupId":"live-052","startRevision":3}',
        delivered: 1,
        group_id: 'live-052',
        id: 'scheduler-wake:live-052:3',
        kind: 'start'
      },
+     [Object: null prototype] {
-     {
        body: '{"groupId":"live-053","estimateId":"estimate-032823bf4a47aed55f63fed7","planHash":"70d8caa677ec17a0da3a38f06f13ea0af39fe9f371659eb7d8dc7de4766ceeb7"}',
        delivered: 1,
        group_id: 'live-053',
        id: 'scheduler-wake:live-053:estimate:estimate-032823bf4a47aed55f63fed7',
        kind: 'budget-estimate'
      },
+     [Object: null prototype] {
-     {
        body: '{"executionSnapshotHash":"ed5eb767f820e98a3a544a4b70f6cbbfd89bf25f232df1a69ea64de8cf8e8787","groupId":"live-053","startRevision":3}',
        delivered: 1,
        group_id: 'live-053',
        id: 'scheduler-wake:live-053:3',
        kind: 'start'
      },
+     [Object: null prototype] {
-     {
        body: '{"groupId":"live-054","estimateId":"estimate-ccd9f09d2f1029dd653f48c4","planHash":"70d8caa677ec17a0da3a38f06f13ea0af39fe9f371659eb7d8dc7de4766ceeb7"}',
        delivered: 1,
        group_id: 'live-054',
        id: 'scheduler-wake:live-054:estimate:estimate-ccd9f09d2f1029dd653f48c4',
        kind: 'budget-estimate'
      },
+     [Object: null prototype] {
-     {
        body: '{"executionSnapshotHash":"aae57193e667728dd62aad0f8a0014365beaeafbec46148b887e352e607bf299","groupId":"live-054","startRevision":3}',
        delivered: 1,
        group_id: 'live-054',
        id: 'scheduler-wake:live-054:3',
        kind: 'start'
      },
+     [Object: null prototype] {
-     {
        body: '{"groupId":"live-055","estimateId":"estimate-019979f5dd0cd38fd3d9be96","planHash":"70d8caa677ec17a0da3a38f06f13ea0af39fe9f371659eb7d8dc7de4766ceeb7"}',
        delivered: 1,
        group_id: 'live-055',
        id: 'scheduler-wake:live-055:estimate:estimate-019979f5dd0cd38fd3d9be96',
        kind: 'budget-estimate'
      },
+     [Object: null prototype] {
-     {
        body: '{"executionSnapshotHash":"a7b2ee230416354a4d5103975543df7918e7eb597ba2121d07ea2ab875276e8a","groupId":"live-055","startRevision":3}',
        delivered: 1,
        group_id: 'live-055',
        id: 'scheduler-wake:live-055:3',
        kind: 'start'
      },
+     [Object: null prototype] {
-     {
        body: '{"groupId":"live-056","estimateId":"estimate-51b523d394fab39e56e45545","planHash":"70d8caa677ec17a0da3a38f06f13ea0af39fe9f371659eb7d8dc7de4766ceeb7"}',
        delivered: 1,
        group_id: 'live-056',
        id: 'scheduler-wake:live-056:estimate:estimate-51b523d394fab39e56e45545',
        kind: 'budget-estimate'
      },
+     [Object: null prototype] {
-     {
        body: '{"executionSnapshotHash":"ec0e83c4802c725e13da51b90b0ab8ff2d06813519178d99f2e31a93e32d83b3","groupId":"live-056","startRevision":3}',
        delivered: 1,
        group_id: 'live-056',
        id: 'scheduler-wake:live-056:3',
        kind: 'start'
      },
+     [Object: null prototype] {
-     {
        body: '{"groupId":"live-057","estimateId":"estimate-1bbf3f4035ec793