t',
        kind: 'start'
      },
+     [Object: null prototype] {
-     {
        body: '{"groupId":"archive-009","startRevision":1}',
        delivered: 0,
        group_id: 'archive-009',
        id: 'archive-009:no-start',
        kind: 'no-start'
      },
+     [Object: null prototype] {
-     {
        body: '{"groupId":"archive-009","startRevision":1}',
        delivered: 0,
        group_id: 'archive-009',
        id: 'archive-009:resume',
        kind: 'resume'
      },
+     [Object: null prototype] {
-     {
        body: '{"groupId":"archive-010","estimateId":"estimate-d182cbcd23a2407bad7c7e2d","planHash":"1e6261b5fe36755502989b040c2cbc5115902c16db48f7b351c39c6913672b8c"}',
        delivered: 1,
        group_id: 'archive-010',
        id: 'scheduler-wake:archive-010:estimate:estimate-d182cbcd23a2407bad7c7e2d',
        kind: 'budget-estimate'
      },
+     [Object: null prototype] {
-     {
        body: '{"groupId":"archive-010","startRevision":1}',
        delivered: 0,
        group_id: 'archive-010',
        id: 'archive-010:start',
        kind: 'start'
      },
+     [Object: null prototype] {
-     {
        body: '{"groupId":"archive-010","startRevision":1}',
        delivered: 0,
        group_id: 'archive-010',
        id: 'archive-010:no-start',
        kind: 'no-start'
      },
+     [Object: null prototype] {
-     {
        body: '{"groupId":"archive-010","startRevision":1}',
        delivered: 0,
        group_id: 'archive-010',
        id: 'archive-010:resume',
        kind: 'resume'
      },
+     [Object: null prototype] {
-     {
        body: '{"groupId":"archive-011","estimateId":"estimate-3bd43ed4c20315b035ec8e1c","planHash":"1e6261b5fe36755502989b040c2cbc5115902c16db48f7b351c39c6913672b8c"}',
        delivered: 1,
        group_id: 'archive-011',
        id: 'scheduler-wake:archive-011:estimate:estimate-3bd43ed4c20315b035ec8e1c',
        kind: 'budget-estimate'
      },
+     [Object: null prototype] {
-     {
        body: '{"groupId":"archive-011","startRevision":1}',
        delivered: 0,
        group_id: 'archive-011',
        id: 'archive-011:start',
        kind: 'start'
      },
+     [Object: null prototype] {
-     {
        body: '{"groupId":"archive-011","startRevision":1}',
        delivered: 0,
        group_id: 'archive-011',
        id: 'archive-011:no-start',
        kind: 'no-start'
      },
+     [Object: null prototype] {
-     {
        body: '{"groupId":"archive-011","startRevision":1}',
        delivered: 0,
        group_id: 'archive-011',
        id: 'archive-011:resume',
        kind: 'resume'
      },
+     [Object: null prototype] {
-     {
        body: '{"groupId":"archive-012","estimateId":"estimate-a2ec26eeced83d3ba52736ca","planHash":"1e6261b5fe36755502989b040c2cbc5115902c16db48f7b351c39c6913672b8c"}',
        delivered: 1,
        group_id: 'archive-012',
        id: 'scheduler-wake:archive-012:estimate:estimate-a2ec26eeced83d3ba52736ca',
        kind: 'budget-estimate'
      },
+     [Object: null prototype] {
-     {
        body: '{"groupId":"archive-012","startRevision":1}',
        delivered: 0,
        group_id: 'archive-012',
        id: 'archive-012:start',
        kind: 'start'
      },
+     [Object: null prototype] {
-     {
        body: '{"groupId":"archive-012","startRevision":1}',
        delivered: 0,
        group_id: 'archive-012',
        id: 'archive-012:no-start',
        kind: 'no-start'
      },
+     [Object: null prototype] {
-     {
        body: '{"groupId":"archive-012","startRevision":1}',
        delivered: 0,
        group_id: 'archive-012',
        id: 'archive-012:resume',
        kind: 'resume'
      },
+     [Object: null prototype] {
-     {
        body: '{"groupId":"archive-013","estimateId":"estimate-e985cb8652eb9591f9cb685d","planHash":"1e6261b5fe36755502989b040c2cbc5115902c16db48f7b351c39c6913672b8c"}',
        delivered: 1,
        group_id: 'archive-013',
        id: 'scheduler-wake:archive-013:estimate:estimate-e985cb8652eb9591f9cb685d',
        kind: 'budget-estimate'
      },
+     [Object: null prototype] {
-     {
        body: '{"groupId":"archive-013","startRevision":1}',
        delivered: 0,
        group_id: 'archive-013',
        id: 'archive-013:start',
        kind: 'start'
      },
+     [Object: null prototype] {
-     {
        body: '{"groupId":"archive-013","startRevision":1}',
        delivered: 0,
        group_id: 'archive-013',
        id: 'archive-013:no-start',
        kind: 'no-start'
      },
+     [Object: null prototype] {
-     {
        body: '{"groupId":"archive-013","startRevision":1}',
        delivered: 0,
        group_id: 'archive-013',
        id: 'archive-013:resume',
        kind: 'resume'
      },
+     [Object: null prototype] {
-     {
        body: '{"groupId":"archive-014","estimateId":"estimate-1115a766848c39308dba0f35","planHash":"1e6261b5fe36755502989b040c2cbc5115902c16db48f7b351c39c6913672b8c"}',
        delivered: 1,
        group_id: 'archive-014',
        id: 'scheduler-wake:archive-014:estimate:estimate-1115a766848c39308dba0f35',
        kind: 'budget-estimate'
      },
+     [Object: null prototype] {
-     {
        body: '{"groupId":"archive-014","startRevision":1}',
        delivered: 0,
        group_id: 'archive-014',
        id: 'archive-014:start',
        kind: 'start'
      },
+     [Object: null prototype] {
-     {
        body: '{"groupId":"archive-014","startRevision":1}',
        delivered: 0,
        group_id: 'archive-014',
        id: 'archive-014:no-start',
        kind: 'no-start'
      },
+     [Object: null prototype] {
-     {
        body: '{"groupId":"archive-014","startRevision":1}',
        delivered: 0,
        group_id: 'archive-014',
        id: 'archive-014:resume',
        kind: 'resume'
      },
+     [Object: null prototype] {
-     {
        body: '{"groupId":"archive-015","estimateId":"estimate-f4d5d77d3accf2c9cbed29d6","planHash":"1e6261b5fe36755502989b040c2cbc5115902c16db48f7b351c39c6913672b8c"}',
        delivered: 1,
        group_id: 'archive-015',
        id: 'scheduler-wake:archive-015:estimate:estimate-f4d5d77d3accf2c9cbed29d6',
        kind: 'budget-estimate'
      },
+     [Object: null prototype] {
-     {
        body: '{"groupId":"archive-015","startRevision":1}',
        delivered: 0,
        group_id: 'archive-015',
        id: 'archive-015:start',
        kind: 'start'
      },
+     [Object: null prototype] {
-     {
        body: '{"groupId":"archive-015","startRevision":1}',
        delivered: 0,
        group_id: 'archive-015',
        id: 'archive-015:no-start',
        kind: 'no-start'
      },
+     [Object: null prototype] {
-     {
        body: '{"groupId":"archive-015","startRevision":1}',
        delivered: 0,
        group_id: 'archive-015',
        id: 'archive-015:resume',
        kind: 'resume'
      },
+     [Object: null prototype] {
-     {
        body: '{"groupId":"archive-016","estimateId":"estimate-9a8e8e469b25fcb40b168944","planHash":"1e6261b5fe36755502989b040c2cbc5115902c16db48f7b351c39c6913672b8c"}',
        delivered: 1,
        group_id: 'archive-016',
        id: 'scheduler-wake:archive-016:estimate:estimate-9a8e8e469b25fcb40b168944',
        kind: 'budget-estimate'
      },
+     [Object: null prototype] {
-     {
        body: '{"groupId":"archive-016","startRevision":1}',
        delivered: 0,
        group_id: 'archive-016',
        id: 'archive-016:start',
        kind: 'start'
      },
+     [Object: null prototype] {
-     {
        body: '{"groupId":"archive-016","startRevision":1}',
        delivered: 0,
        group_id: 'archive-016',
        id: 'archive-016:no-start',
        kind: 'no-start'
      },
+     [Object: null prototype] {
-     {
        body: '{"groupId":"archive-016","startRevision":1}',
        delivered: 0,
        group_id: 'archive-016',
        id: 'archive-016:resume',
        kind: 'resume'
      },
+     [Object: null prototype] {
-     {
        body: '{"groupId":"archive-017","estimateId":"estimate-27b019131a390b00f146c261","planHash":"1e6261b5fe36755502989b040c2cbc5115902c16db48f7b351c39c6913672b8c"}',
        delivered: 1,
        group_id: 'archive-017',
        id: 'scheduler-wake:archive-017:estimate:estimate-27b019131a390b00f146c261',
        kind: 'budget-estimate'
      },
+     [Object: null prototype] {
-     {
        body: '{"groupId":"archive-017","startRevision":1}',
        delivered: 0,
        group_id: 'archive-017',
        id: 'archive-017:start',
        kind: 'start'
      },
+     [Object: null prototype] {
-     {
        body: '{"groupId":"archive-017","startRevision":1}',
        delivered: 0,
        group_id: 'archive-017',
        id: 'archive-017:no-start',
        kind: 'no-start'
      },
+     [Object: null prototype] {
-     {
        body: '{"groupId":"archive-017","startRevision":1}',
        delivered: 0,
        group_id: 'archive-017',
        id: 'archive-017:resume',
        kind: 'resume'
      },
+     [Object: null prototype] {
-     {
        body: '{"groupId":"archive-018","estimateId":"estimate-4f6b95dfc6b0946f0c15dd9d","planHash":"1e6261b5fe36755502989b040c2cbc5115902c16db48f7b351c39c6913672b8c"}',
        delivered: 1,
        group_id: 'archive-018',
        id: 'scheduler-wake:archive-018:estimate:estimate-4f6b95dfc6b0946f0c15dd9d',
        kind: 'budget-estimate'
      },
+     [Object: null prototype] {
-     {
        body: '{"groupId":"archive-018","startRevision":1}',
        delivered: 0,
        group_id: 'archive-018',
        id: 'archive-018:start',
        kind: 'start'
      },
+     [Object: null prototype] {
-     {
        body: '{"groupId":"archive-018","startRevision":1}',
        delivered: 0,
        group_id: 'archive-018',
        id: 'archive-018:no-start',
        kind: 'no-start'
      },
+     [Object: null prototype] {
-     {
        body: '{"groupId":"archive-018","startRevision":1}',
        delivered: 0,
        group_id: 'archive-018',
        id: 'a