
[1m[30m[46m RUN [49m[39m[22m [36mv5.0.3 [39m[90m/private/tmp/od9/ff/clone[39m

(node:68504) ExperimentalWarning: SQLite is an experimental feature and might change at any time
(Use `node --trace-warnings ...` to show where the warning was created)
/private/tmp/od9/ff/clone/t/orca-tmp-QhzPa0/orca-snapshot-verify-5Ws9fZ/input.bundle is okay
 [31m❯[39m tests/control/controlPollBenchmark.test.ts [2m([22m[2m5 tests[22m[2m | [22m[31m1 failed[39m[2m)[22m[33m 2177[2mms[22m[39m
   [31m❯[39m real-path benchmark integrity [2m(5)[22m
     [32m✓[39m normalizes only run identity and keeps all business hashes and refusal detail[32m 1[2mms[22m[39m
     [33m[2m✓[22m[39m builds one legal store with DAG, current runs, activities and a real replenishment[33m 2041[2mms[22m[39m
     [32m✓[39m accepts a fixture inside a narrower temporary namespace[32m 83[2mms[22m[39m
[31m     [31m×[31m refuses a sandbox outside the narrower temporary namespace before either writable fixture entry initializes data[39m[32m 48[2mms[22m[39m
     [32m✓[39m refuses a nonempty temporary root before removing a sentinel or initializing data[32m 1[2mms[22m[39m

[31m⎯⎯⎯⎯⎯⎯⎯[39m[1m[41m Failed Tests 1 [49m[22m[31m⎯⎯⎯⎯⎯⎯⎯[39m

[41m[1m FAIL [22m[49m tests/control/controlPollBenchmark.test.ts[2m > [22mreal-path benchmark integrity[2m > [22mrefuses a sandbox outside the narrower temporary namespace before either writable fixture entry initializes data
[31m[1mAssertionError[22m: expected undefined to be an instance of Error[39m
[36m [2m❯[22m tests/control/controlPollBenchmark.test.ts:[2m67:19[22m[39m

[90m [2m❯[22m withFreshRoot tests/control/controlPollBenchmark.test.ts:[2m16:7[22m[39m

[31m[2m⎯⎯⎯⎯⎯⎯⎯⎯⎯⎯⎯⎯⎯⎯⎯⎯⎯⎯⎯⎯⎯⎯⎯⎯[1/1]⎯[22m[39m


[2m Test Files [22m [1m[31m1 failed[39m[22m[90m (1)[39m
[2m      Tests [22m [1m[31m1 failed[39m[22m[2m | [22m[1m[32m4 passed[39m[22m[90m (5)[39m
[2m   Start at [22m 01:10:04
[2m   Duration [22m 2.99s[2m (tests 75%, transform 21%, import 4%)[22m

