2,0.11662500002421439,0.12129199999617413,0.14525000000139698,0.12075000000186265,0.13437500002328306,0.13175000000046566,0.11237499996786937,0.11804199998732656,0.11791699996683747,0.11370899999747053,0.11987499997485429,0.11495800002012402,0.1153749999939464],"min":0.10479200002737343,"max":0.14525000000139698,"p50":0.11987499997485429,"p95":0.1445829999865964},"outputDigest":"fe4befe80f3bc1bb7a3e28514f3dd5deb408f17ad4c453ee8efbc4015915e13d","calls":{"handler":0,"probe":0,"accept":0}}
{"phase":"warmup","name":"one-group-detail","index":1,"ms":469.9248329999973}
{"phase":"warmup","name":"one-group-detail","index":2,"ms":478.2376669999794}
{"phase":"warmup","name":"one-group-detail","index":3,"ms":472.86779200000456}
{"phase":"warmup","name":"one-group-detail","index":4,"ms":468.20549999998184}
{"phase":"warmup","name":"one-group-detail","index":5,"ms":472.6634160000249}
{"phase":"warmup","name":"one-group-detail","index":6,"ms":479.1913330000243}
{"phase":"warmup","name":"one-group-detail","index":7,"ms":476.908000000054}
{"phase":"warmup","name":"one-group-detail","index":8,"ms":467.2368750000023}
{"phase":"warmup","name":"one-group-detail","index":9,"ms":466.27974999998696}
{"phase":"warmup","name":"one-group-detail","index":10,"ms":472.2465840000077}
{"phase":"sample","name":"one-group-detail","index":1,"ms":482.7467920000199}
{"phase":"sample","name":"one-group-detail","index":2,"ms":472.5067090000375}
{"phase":"sample","name":"one-group-detail","index":3,"ms":470.0537910000421}
{"phase":"sample","name":"one-group-detail","index":4,"ms":470.7219169999589}
{"phase":"sample","name":"one-group-detail","index":5,"ms":483.89299999998184}
{"phase":"sample","name":"one-group-detail","index":6,"ms":475.30758299998706}
{"phase":"sample","name":"one-group-detail","index":7,"ms":463.16720800002804}
{"phase":"sample","name":"one-group-detail","index":8,"ms":461.9587080000201}
{"phase":"sample","name":"one-group-detail","index":9,"ms":469.81762499996694}
{"phase":"sample","name":"one-group-detail","index":10,"ms":478.06379200000083}
{"phase":"sample","name":"one-group-detail","index":11,"ms":465.76687500003027}
{"phase":"sample","name":"one-group-detail","index":12,"ms":466.6978329999838}
{"phase":"sample","name":"one-group-detail","index":13,"ms":468.03979100001743}
{"phase":"sample","name":"one-group-detail","index":14,"ms":477.5900419999962}
{"phase":"sample","name":"one-group-detail","index":15,"ms":478.59433300001547}
{"phase":"sample","name":"one-group-detail","index":16,"ms":473.98333299998194}
{"phase":"sample","name":"one-group-detail","index":17,"ms":468.24849999998696}
{"phase":"sample","name":"one-group-detail","index":18,"ms":466.7897079999675}
{"phase":"sample","name":"one-group-detail","index":19,"ms":479.78529199998593}
{"phase":"sample","name":"one-group-detail","index":20,"ms":473.55758299998706}
{"phase":"sample","name":"one-group-detail","index":21,"ms":611.5913750000182}
{"phase":"sample","name":"one-group-detail","index":22,"ms":464.6189579999773}
{"phase":"sample","name":"one-group-detail","index":23,"ms":477.15991699998267}
{"phase":"sample","name":"one-group-detail","index":24,"ms":478.1972919999971}
{"phase":"sample","name":"one-group-detail","index":25,"ms":469.42424999998184}
{"phase":"sample","name":"one-group-detail","index":26,"ms":473.23816599999554}
{"phase":"sample","name":"one-group-detail","index":27,"ms":470.4525839999551}
{"phase":"sample","name":"one-group-detail","index":28,"ms":489.2183330000262}
{"phase":"sample","name":"one-group-detail","index":29,"ms":475.1539169999887}
{"phase":"sample","name":"one-group-detail","index":30,"ms":478.28954099997645}
{"name":"one-group-detail","timing":{"warmup":10,"samples":30,"rawMs":[482.7467920000199,472.5067090000375,470.0537910000421,470.7219169999589,483.89299999998184,475.30758299998706,463.16720800002804,461.9587080000201,469.81762499996694,478.06379200000083,465.76687500003027,466.6978329999838,468.03979100001743,477.5900419999962,478.59433300001547,473.98333299998194,468.24849999998696,466.7897079999675,479.78529199998593,473.55758299998706,611.5913750000182,464.6189579999773,477.15991699998267,478.1972919999971,469.42424999998184,473.23816599999554,470.4525839999551,489.2183330000262,475.1539169999887,478.28954099997645],"min":461.9587080000201,"max":611.5913750000182,"p50":473.23816599999554,"p95":489.2183330000262},"outputDigest":"cad0a7da400208c27396c711a16d07ad198adc54cf2ab8d2012f1314c92bcb36","calls":{"handler":0,"probe":0,"accept":0}}
{"phase":"warmup","name":"all-live-detail","index":1,"ms":47725.777249999985}
{"phase":"warmup","name":"all-live-detail","index":2,"ms":47541.88829099992}
{"phase":"warmup","name":"all-live-detail","index":3,"ms":47433.275792}
{"phase":"warmup","name":"all-live-detail","index":4,"ms":47156.518667}
{"phase":"warmup","name":"all-live-detail","index":5,"ms":47472.67979199998}
{"phase":"warmup","name":"all-live-detail","index":6,"ms":47248.655750000034}
{"phase":"warmup","name":"all-live-detail","index":7,"ms":47203.15295899997}
{"phase":"warmup","name":"all-live-detail","index":8,"ms":47739.399083000026}
{"phase":"warmup","name":"all-live-detail","index":9,"ms":47170.346458000015}
{"phase":"warmup","name":"all-live-detail","index":10,"ms":49105.00066700007}
{"phase":"sample","name":"all-live-detail","index":1,"ms":49212.28358299995}
{"phase":"sample","name":"all-live-detail","index":2,"ms":48765.10570800002}
{"phase":"sample","name":"all-live-detail","index":3,"ms":48767.148125000065}
{"phase":"sample","name":"all-live-detail","index":4,"ms":50104.37049999996}
{"phase":"sample","name":"all-live-detail","index":5,"ms":47648.335082999896}
{"phase":"sample","name":"all-live-detail","index":6,"ms":47313.82287499984}
{"phase":"sample","name":"all-live-detail","index":7,"ms":47882.46058299998}
{"phase":"sample","name":"all-live-detail","index":8,"ms":47627.31349999993}
{"phase":"sample","name":"all-live-detail","index":9,"ms":47692.257250000024}
{"phase":"sample","name":"all-live-detail","index":10,"ms":47842.89141599997}
{"phase":"sample","name":"all-live-detail","index":11,"ms":47416.71187500004}
{"phase":"sample","name":"all-live-detail","index":12,"ms":47415.26224999991}
{"phase":"sample","name":"all-live-detail","index":13,"ms":47603.67491699988}
{"phase":"sample","name":"all-live-detail","index":14,"ms":47433.53887499985}
{"phase":"sample","name":"all-live-detail","index":15,"ms":47467.6066670001}
{"phase":"sample","name":"all-live-detail","index":16,"ms":47640.54966700007}
{"phase":"sample","name":"all-live-detail","index":17,"ms":49780.22770799999}
{"phase":"sample","name":"all-live-detail","index":18,"ms":48969.190124999965}
{"phase":"sample","name":"all-live-detail","index":19,"ms":48729.23887500004}
{"phase":"sample","name":"all-live-detail","index":20,"ms":49239.13229099987}
{"phase":"sample","name":"all-live-detail","index":21,"ms":48805.315124999965}
{"phase":"sample","name":"all-live-detail","index":22,"ms":48797.14333300013}
{"phase":"sample","name":"all-live-detail","index":23,"ms":49022.207167000044}
{"phase":"sample","name":"all-live-detail","index":24,"ms":48639.145958000096}
{"phase":"sample","name":"all-live-detail","index":25,"ms":48737.864333000034}
{"phase":"sample","name":"all-live-detail","index":26,"ms":48908.3189170002}
{"phase":"sample","name":"all-live-detail","index":27,"ms":48785.75891699968}
{"phase":"sample","name":"all-live-detail","index":28,"ms":49049.01195800025}
{"phase":"sample","name":"all-live-detail","index":29,"ms":49099.29524999997}
{"phase":"sample","name":"all-live-detail","index":30,"ms":49419.74895899976}
{"name":"all-live-detail","timing":{"warmup":10,"samples":30,"rawMs":[49212.28358299995,48765.10570800002,48767.148125000065,50104.37049999996,47648.335082999896,47313.82287499984,47882.46058299998,47627.31349999993,47692.257250000024,47842.89141599997,47416.71187500004,47415.26224999991,47603.67491699988,47433.53887499985,47467.6066670001,47640.54966700007,49780.22770799999,48969.190124999965,48729.23887500004,49239.13229099987,48805.315124999965,48797.14333300013,49022.207167000044,48639.145958000096,48737.864333000034,48908.3189170002,48785.75891699968,49049.01195800025,49099.29524999997,49419.74895899976],"min":47313.82287499984,"max":50104.37049999996,"p50":48737.864333000034,"p95":49780.22770799999},"outputDigest":"d63f8f2f33b791051c07b448b24a45c799e5cdd724dacd6eb8345f34df41043d","calls":{"handler":0,"probe":0,"accept":0}}
{"phase":"warmup","name":"replenish","index":1,"ms":139.95058399997652}
{"phase":"warmup","name":"replenish","index":2,"ms":250.9052920001559}
{"phase":"warmup","name":"replenish","index":3,"ms":131.63258299976587}
{"phase":"warmup","name":"replenish","index":4,"ms":120.73379199998453}
{"phase":"warmup","name":"replenish","index":5,"ms":128.26320899976417}
{"phase":"warmup","name":"replenish","index":6,"ms":127.21233300026506}
{"phase":"warmup","name":"replenish","index":7,"ms":115.27304200036451}
{"phase":"warmup","name":"replenish","index":8,"ms":123.46666700020432}
{"phase":"warmup","name":"replenish","index":9,"ms":114.16650000028312}
{"phase":"warmup","name":"replenish","index":10,"ms":115.58433300023898}
{"phase":"sample","name":"replenish","index":1,"ms":122.64729199977592}
{"phase":"sample","name":"replenish","index":2,"ms":119.65149999968708}
{"phase":"sample","name":"replenish","index":3,"ms":123.41899999976158}
{"phase":"sample","name":"replenish","index":4,"ms":115.02091699978337}
{"phase":"sample","name":"replenish","index":5,"ms":124.46574999997392}
{"phase":"sample","name":"replenish","index":6,"ms":112.961291000247}
{"phase":"sample","name":"replenish","index":7,"ms":116.69262500014156}
{"phase":"sample","name":"replenish","index":8,"ms":124.77920899959281}
{"phase":"sample","name":"replenish","index":9,"ms":119.36820799997076}
{"phase":"sample","name":"replenish","index":10,"ms":116.26104199979454}
{"phase":"sample","name":"replenish","index":11,"ms":117.17950000008568}
{"phase":"sample","name":"replenish","ind