
[1m[30m[46m RUN [49m[39m[22m [36mv5.0.3 [39m[90m/private/tmp/od9/performance-task3-mutation[39m

(node:42361) ExperimentalWarning: SQLite is an experimental feature and might change at any time
(Use `node --trace-warnings ...` to show where the warning was created)
[33m[39m[2m[90m-[39m[22m/private/tmp/od9/t/orca-tmp-eeA5GI/orca-snapshot-verify-AbpWn7/input.bundle is okay
[33m[39m[31mx[39m[33m[39m[2m[90m-[39m[22m

[31m⎯⎯⎯⎯⎯⎯⎯[39m[1m[41m Failed Tests 1 [49m[22m[31m⎯⎯⎯⎯⎯⎯⎯[39m

[41m[1m FAIL [22m[49m tests/control/controlPollBenchmark.test.ts[2m > [22mreal-path benchmark integrity[2m > [22mbuilds one legal store with DAG, current runs, activities and a real replenishment
[31m[1mAssertionError[22m: expected null to be { …(12) } // Object.is equality[39m

[32m- Expected:[39m
{}

[31m+ Received:[39m
null

[36m [2m❯[22m tests/control/controlPollBenchmark.test.ts:[2m38:46[22m[39m
    [90m 36|[39m    const nativePending=f.store.db.prepare("SELECT id,group_id,kind,bod…
    [90m 37|[39m    const pending=storePending(f.store);
    [90m 38|[39m    expect(Object.getPrototypeOf(pending[0])).toBe(Object.prototype);
    [90m   |[39m                                              [31m^[39m
    [90m 39|[39m    expect(pending).toStrictEqual(JSON.parse(JSON.stringify(nativePendi…
    [90m 40|[39m    const initial=captureDatabase(f.store);
[90m [2m❯[22m withFreshRoot tests/control/controlPollBenchmark.test.ts:[2m16:7[22m[39m

[31m[2m⎯⎯⎯⎯⎯⎯⎯⎯⎯⎯⎯⎯⎯⎯⎯⎯⎯⎯⎯⎯⎯⎯⎯⎯[1/1]⎯[22m[39m


[2m Test Files [22m [1m[31m1 failed[39m[22m[90m (1)[39m
[2m      Tests [22m [1m[31m1 failed[39m[22m[2m | [22m[33m2 skipped[39m[90m (3)[39m
[2m   Start at [22m 23:47:01
[2m   Duration [22m 2.50s[2m (tests 73%, transform 23%, import 4%)[22m

