vered: 1,
        group_id: 'archive-094',
        id: 'scheduler-wake:archive-094:estimate:estimate-10f11d2fc41a825daf54f840',
        kind: 'budget-estimate'
      },
+     [Object: null prototype] {
-     {
        body: '{"groupId":"archive-094","startRevision":1}',
        delivered: 0,
        group_id: 'archive-094',
        id: 'archive-094:start',
        kind: 'start'
      },
+     [Object: null prototype] {
-     {
        body: '{"groupId":"archive-094","startRevision":1}',
        delivered: 0,
        group_id: 'archive-094',
        id: 'archive-094:no-start',
        kind: 'no-start'
      },
+     [Object: null prototype] {
-     {
        body: '{"groupId":"archive-094","startRevision":1}',
        delivered: 0,
        group_id: 'archive-094',
        id: 'archive-094:resume',
        kind: 'resume'
      },
+     [Object: null prototype] {
-     {
        body: '{"groupId":"archive-095","estimateId":"estimate-fa690da523d1b3c12e941957","planHash":"1e6261b5fe36755502989b040c2cbc5115902c16db48f7b351c39c6913672b8c"}',
        delivered: 1,
        group_id: 'archive-095',
        id: 'scheduler-wake:archive-095:estimate:estimate-fa690da523d1b3c12e941957',
        kind: 'budget-estimate'
      },
+     [Object: null prototype] {
-     {
        body: '{"groupId":"archive-095","startRevision":1}',
        delivered: 0,
        group_id: 'archive-095',
        id: 'archive-095:start',
        kind: 'start'
      },
+     [Object: null prototype] {
-     {
        body: '{"groupId":"archive-095","startRevision":1}',
        delivered: 0,
        group_id: 'archive-095',
        id: 'archive-095:no-start',
        kind: 'no-start'
      },
+     [Object: null prototype] {
-     {
        body: '{"groupId":"archive-095","startRevision":1}',
        delivered: 0,
        group_id: 'archive-095',
        id: 'archive-095:resume',
        kind: 'resume'
      },
+     [Object: null prototype] {
-     {
        body: '{"groupId":"archive-096","estimateId":"estimate-4d50f688854a01cba8ffb4b4","planHash":"1e6261b5fe36755502989b040c2cbc5115902c16db48f7b351c39c6913672b8c"}',
        delivered: 1,
        group_id: 'archive-096',
        id: 'scheduler-wake:archive-096:estimate:estimate-4d50f688854a01cba8ffb4b4',
        kind: 'budget-estimate'
      },
+     [Object: null prototype] {
-     {
        body: '{"groupId":"archive-096","startRevision":1}',
        delivered: 0,
        group_id: 'archive-096',
        id: 'archive-096:start',
        kind: 'start'
      },
+     [Object: null prototype] {
-     {
        body: '{"groupId":"archive-096","startRevision":1}',
        delivered: 0,
        group_id: 'archive-096',
        id: 'archive-096:no-start',
        kind: 'no-start'
      },
+     [Object: null prototype] {
-     {
        body: '{"groupId":"archive-096","startRevision":1}',
        delivered: 0,
        group_id: 'archive-096',
        id: 'archive-096:resume',
        kind: 'resume'
      },
+     [Object: null prototype] {
-     {
        body: '{"groupId":"archive-097","estimateId":"estimate-4913dac863eee6453dd922ab","planHash":"1e6261b5fe36755502989b040c2cbc5115902c16db48f7b351c39c6913672b8c"}',
        delivered: 1,
        group_id: 'archive-097',
        id: 'scheduler-wake:archive-097:estimate:estimate-4913dac863eee6453dd922ab',
        kind: 'budget-estimate'
      },
+     [Object: null prototype] {
-     {
        body: '{"groupId":"archive-097","startRevision":1}',
        delivered: 0,
        group_id: 'archive-097',
        id: 'archive-097:start',
        kind: 'start'
      },
+     [Object: null prototype] {
-     {
        body: '{"groupId":"archive-097","startRevision":1}',
        delivered: 0,
        group_id: 'archive-097',
        id: 'archive-097:no-start',
        kind: 'no-start'
      },
+     [Object: null prototype] {
-     {
        body: '{"groupId":"archive-097","startRevision":1}',
        delivered: 0,
        group_id: 'archive-097',
        id: 'archive-097:resume',
        kind: 'resume'
      },
+     [Object: null prototype] {
-     {
        body: '{"groupId":"archive-098","estimateId":"estimate-bf9df3aab6c3da1edbb9f556","planHash":"1e6261b5fe36755502989b040c2cbc5115902c16db48f7b351c39c6913672b8c"}',
        delivered: 1,
        group_id: 'archive-098',
        id: 'scheduler-wake:archive-098:estimate:estimate-bf9df3aab6c3da1edbb9f556',
        kind: 'budget-estimate'
      },
+     [Object: null prototype] {
-     {
        body: '{"groupId":"archive-098","startRevision":1}',
        delivered: 0,
        group_id: 'archive-098',
        id: 'archive-098:start',
        kind: 'start'
      },
+     [Object: null prototype] {
-     {
        body: '{"groupId":"archive-098","startRevision":1}',
        delivered: 0,
        group_id: 'archive-098',
        id: 'archive-098:no-start',
        kind: 'no-start'
      },
+     [Object: null prototype] {
-     {
        body: '{"groupId":"archive-098","startRevision":1}',
        delivered: 0,
        group_id: 'archive-098',
        id: 'archive-098:resume',
        kind: 'resume'
      },
+     [Object: null prototype] {
-     {
        body: '{"groupId":"archive-099","estimateId":"estimate-4f8587ff6ebdfe8de6afb1d8","planHash":"1e6261b5fe36755502989b040c2cbc5115902c16db48f7b351c39c6913672b8c"}',
        delivered: 1,
        group_id: 'archive-099',
        id: 'scheduler-wake:archive-099:estimate:estimate-4f8587ff6ebdfe8de6afb1d8',
        kind: 'budget-estimate'
      },
+     [Object: null prototype] {
-     {
        body: '{"groupId":"archive-099","startRevision":1}',
        delivered: 0,
        group_id: 'archive-099',
        id: 'archive-099:start',
        kind: 'start'
      },
+     [Object: null prototype] {
-     {
        body: '{"groupId":"archive-099","startRevision":1}',
        delivered: 0,
        group_id: 'archive-099',
        id: 'archive-099:no-start',
        kind: 'no-start'
      },
+     [Object: null prototype] {
-     {
        body: '{"groupId":"archive-099","startRevision":1}',
        delivered: 0,
        group_id: 'archive-099',
        id: 'archive-099:resume',
        kind: 'resume'

    at main (/private/tmp/od9/performance-after/tests/bench/controlPollPerformance.ts:115:501) {
  generatedMessage: true,
  code: 'ERR_ASSERTION',
  actual: [Object],
  expected: [Object],
  operator: 'deepStrictEqual'
}
