   group_id: 'live-085',
        id: 'scheduler-wake:live-085:3',
        kind: 'start'
      },
+     [Object: null prototype] {
-     {
        body: '{"groupId":"live-086","estimateId":"estimate-26b6d5447152095d1be0ed39","planHash":"70d8caa677ec17a0da3a38f06f13ea0af39fe9f371659eb7d8dc7de4766ceeb7"}',
        delivered: 1,
        group_id: 'live-086',
        id: 'scheduler-wake:live-086:estimate:estimate-26b6d5447152095d1be0ed39',
        kind: 'budget-estimate'
      },
+     [Object: null prototype] {
-     {
        body: '{"executionSnapshotHash":"ee8784befa1a2799fafe16c55305ad15fdf3fdaca1f9af87b38dbd6070e43f03","groupId":"live-086","startRevision":3}',
        delivered: 1,
        group_id: 'live-086',
        id: 'scheduler-wake:live-086:3',
        kind: 'start'
      },
+     [Object: null prototype] {
-     {
        body: '{"groupId":"live-087","estimateId":"estimate-cbd7b160542819c6421d97a6","planHash":"70d8caa677ec17a0da3a38f06f13ea0af39fe9f371659eb7d8dc7de4766ceeb7"}',
        delivered: 1,
        group_id: 'live-087',
        id: 'scheduler-wake:live-087:estimate:estimate-cbd7b160542819c6421d97a6',
        kind: 'budget-estimate'
      },
+     [Object: null prototype] {
-     {
        body: '{"executionSnapshotHash":"73cd31a25690f2ff68ac3b88168be4bf31ffb855628c51e0ca44739d4f7c19c9","groupId":"live-087","startRevision":3}',
        delivered: 1,
        group_id: 'live-087',
        id: 'scheduler-wake:live-087:3',
        kind: 'start'
      },
+     [Object: null prototype] {
-     {
        body: '{"groupId":"live-088","estimateId":"estimate-3bf2ad2458716a18af754293","planHash":"70d8caa677ec17a0da3a38f06f13ea0af39fe9f371659eb7d8dc7de4766ceeb7"}',
        delivered: 1,
        group_id: 'live-088',
        id: 'scheduler-wake:live-088:estimate:estimate-3bf2ad2458716a18af754293',
        kind: 'budget-estimate'
      },
+     [Object: null prototype] {
-     {
        body: '{"executionSnapshotHash":"2977cb7474ea098c886996140938bc3970f133877c4ffbddea22f842a93729a4","groupId":"live-088","startRevision":3}',
        delivered: 1,
        group_id: 'live-088',
        id: 'scheduler-wake:live-088:3',
        kind: 'start'
      },
+     [Object: null prototype] {
-     {
        body: '{"groupId":"live-089","estimateId":"estimate-6384fdd4e458d0cfabe51fc7","planHash":"70d8caa677ec17a0da3a38f06f13ea0af39fe9f371659eb7d8dc7de4766ceeb7"}',
        delivered: 1,
        group_id: 'live-089',
        id: 'scheduler-wake:live-089:estimate:estimate-6384fdd4e458d0cfabe51fc7',
        kind: 'budget-estimate'
      },
+     [Object: null prototype] {
-     {
        body: '{"executionSnapshotHash":"7c361e9f1dd5ddfd5bb98bbd8d16332023a2b208b411b6d72420374ed581d84e","groupId":"live-089","startRevision":3}',
        delivered: 1,
        group_id: 'live-089',
        id: 'scheduler-wake:live-089:3',
        kind: 'start'
      },
+     [Object: null prototype] {
-     {
        body: '{"groupId":"live-090","estimateId":"estimate-de0e6ad6147129763ec866c1","planHash":"70d8caa677ec17a0da3a38f06f13ea0af39fe9f371659eb7d8dc7de4766ceeb7"}',
        delivered: 1,
        group_id: 'live-090',
        id: 'scheduler-wake:live-090:estimate:estimate-de0e6ad6147129763ec866c1',
        kind: 'budget-estimate'
      },
+     [Object: null prototype] {
-     {
        body: '{"executionSnapshotHash":"fa9ff77a130f7ef94671a633e584b82bdd06ba857dfe886a58274d06aea09905","groupId":"live-090","startRevision":3}',
        delivered: 1,
        group_id: 'live-090',
        id: 'scheduler-wake:live-090:3',
        kind: 'start'
      },
+     [Object: null prototype] {
-     {
        body: '{"groupId":"live-091","estimateId":"estimate-460f5e7d19de93f45321aa6c","planHash":"70d8caa677ec17a0da3a38f06f13ea0af39fe9f371659eb7d8dc7de4766ceeb7"}',
        delivered: 1,
        group_id: 'live-091',
        id: 'scheduler-wake:live-091:estimate:estimate-460f5e7d19de93f45321aa6c',
        kind: 'budget-estimate'
      },
+     [Object: null prototype] {
-     {
        body: '{"executionSnapshotHash":"8f039b57dffe9499542bcdbf9c2064f9740e69cb6ccfb38b5f4245e84aee2781","groupId":"live-091","startRevision":3}',
        delivered: 1,
        group_id: 'live-091',
        id: 'scheduler-wake:live-091:3',
        kind: 'start'
      },
+     [Object: null prototype] {
-     {
        body: '{"groupId":"live-092","estimateId":"estimate-c0e356be7baacff65e55fe83","planHash":"70d8caa677ec17a0da3a38f06f13ea0af39fe9f371659eb7d8dc7de4766ceeb7"}',
        delivered: 1,
        group_id: 'live-092',
        id: 'scheduler-wake:live-092:estimate:estimate-c0e356be7baacff65e55fe83',
        kind: 'budget-estimate'
      },
+     [Object: null prototype] {
-     {
        body: '{"executionSnapshotHash":"ed4795ed7a8696f9fa754cf8b3764fadaef3d739872071d1a3808dc61eb2b822","groupId":"live-092","startRevision":3}',
        delivered: 1,
        group_id: 'live-092',
        id: 'scheduler-wake:live-092:3',
        kind: 'start'
      },
+     [Object: null prototype] {
-     {
        body: '{"groupId":"live-093","estimateId":"estimate-60048eebc10ebe39df895b2e","planHash":"70d8caa677ec17a0da3a38f06f13ea0af39fe9f371659eb7d8dc7de4766ceeb7"}',
        delivered: 1,
        group_id: 'live-093',
        id: 'scheduler-wake:live-093:estimate:estimate-60048eebc10ebe39df895b2e',
        kind: 'budget-estimate'
      },
+     [Object: null prototype] {
-     {
        body: '{"executionSnapshotHash":"f72237287d0a3dac73870d8457b18bbf41deac040e89e79d40010f6f350b7913","groupId":"live-093","startRevision":3}',
        delivered: 1,
        group_id: 'live-093',
        id: 'scheduler-wake:live-093:3',
        kind: 'start'
      },
+     [Object: null prototype] {
-     {
        body: '{"groupId":"live-094","estimateId":"estimate-777ff93663ebd036e2a64608","planHash":"70d8caa677ec17a0da3a38f06f13ea0af39fe9f371659eb7d8dc7de4766ceeb7"}',
        delivered: 1,
        group_id: 'live-094',
        id: 'scheduler-wake:live-094:estimate:estimate-777ff93663ebd036e2a64608',
        kind: 'budget-estimate'
      },
+     [Object: null prototype] {
-     {
        body: '{"executionSnapshotHash":"b1a065292afb885dd2b1e4cf7db587b696784a320281a37795656949f8634903","groupId":"live-094","startRevision":3}',
        delivered: 1,
        group_id: 'live-094',
        id: 'scheduler-wake:live-094:3',
        kind: 'start'
      },
+     [Object: null prototype] {
-     {
        body: '{"groupId":"live-095","estimateId":"estimate-40f5c407059b8e9b7477eb36","planHash":"70d8caa677ec17a0da3a38f06f13ea0af39fe9f371659eb7d8dc7de4766ceeb7"}',
        delivered: 1,
        group_id: 'live-095',
        id: 'scheduler-wake:live-095:estimate:estimate-40f5c407059b8e9b7477eb36',
        kind: 'budget-estimate'
      },
+     [Object: null prototype] {
-     {
        body: '{"executionSnapshotHash":"b1d9a92437aabf35f3b4ae7224102eaf1486e9712cc0c046a606603e76618a50","groupId":"live-095","startRevision":3}',
        delivered: 1,
        group_id: 'live-095',
        id: 'scheduler-wake:live-095:3',
        kind: 'start'
      },
+     [Object: null prototype] {
-     {
        body: '{"groupId":"live-096","estimateId":"estimate-d01bdb454a4334a08161ea7d","planHash":"70d8caa677ec17a0da3a38f06f13ea0af39fe9f371659eb7d8dc7de4766ceeb7"}',
        delivered: 1,
        group_id: 'live-096',
        id: 'scheduler-wake:live-096:estimate:estimate-d01bdb454a4334a08161ea7d',
        kind: 'budget-estimate'
      },
+     [Object: null prototype] {
-     {
        body: '{"executionSnapshotHash":"fd768f6b75f15a33f387b374ed4544d28135e819a40abdb01115ad8fbabab500","groupId":"live-096","startRevision":3}',
        delivered: 1,
        group_id: 'live-096',
        id: 'scheduler-wake:live-096:3',
        kind: 'start'
      },
+     [Object: null prototype] {
-     {
        body: '{"groupId":"live-097","estimateId":"estimate-6e46908d6d1b8357c1bb3ed5","planHash":"70d8caa677ec17a0da3a38f06f13ea0af39fe9f371659eb7d8dc7de4766ceeb7"}',
        delivered: 1,
        group_id: 'live-097',
        id: 'scheduler-wake:live-097:estimate:estimate-6e46908d6d1b8357c1bb3ed5',
        kind: 'budget-estimate'
      },
+     [Object: null prototype] {
-     {
        body: '{"executionSnapshotHash":"500580438f21a95a98791ff50bd6bc9874d8bafcdeabc1529c264b8fa913f8fd","groupId":"live-097","startRevision":3}',
        delivered: 1,
        group_id: 'live-097',
        id: 'scheduler-wake:live-097:3',
        kind: 'start'
      },
+     [Object: null prototype] {
-     {
        body: '{"groupId":"live-098","estimateId":"estimate-51b0746a63db161111eb347a","planHash":"70d8caa677ec17a0da3a38f06f13ea0af39fe9f371659eb7d8dc7de4766ceeb7"}',
        delivered: 1,
        group_id: 'live-098',
        id: 'scheduler-wake:live-098:estimate:estimate-51b0746a63db161111eb347a',
        kind: 'budget-estimate'
      },
+     [Object: null prototype] {
-     {
        body: '{"executionSnapshotHash":"c96bbfe21bd50e4c2ec09885bc6e98a4c3b49952c677a450e60ec68e43cd423a","groupId":"live-098","startRevision":3}',
        delivered: 1,
        group_id: 'live-098',
        id: 'scheduler-wake:live-098:3',
        kind: 'start'
      },
+     [Object: null prototype] {
-     {
        body: '{"groupId":"live-099","estimateId":"estimate-3d7eb59811822ca45e221c1b","planHash":"70d8caa677ec17a0da3a38f06f13ea0af39fe9f371659eb7d8dc7de4766ceeb7"}',
        delivered: 1,
        group_id: 'live-099',
        id: 'scheduler-wake:live-099:estimate:estimate-3d7eb59811822ca45e221c1b',
        kind: 'budget-estimate'
      },
+     [Object: null prototype] {
-     {
        body: '{"executionSnapshotHash":"dbaae76d1bad0c718f6fc541085e340b6b1b6de8275690198474f6286d753541","groupId":"live-099","startRevision":3}',
        delivered: 1,
        group_id: 'live-099',
        id: 'scheduler-wake:live-099:3',
        kind: 'start'
      },
+     [Object: null prototype] {
-     {
        body: '{"groupId":"archive-000","estimateId":"estimate-42ca390e790e5d5c641b6168","planHash":"1e6