rchive-018:resume',
        kind: 'resume'
      },
+     [Object: null prototype] {
-     {
        body: '{"groupId":"archive-019","estimateId":"estimate-1eec3e2c3ed6bb1237852536","planHash":"1e6261b5fe36755502989b040c2cbc5115902c16db48f7b351c39c6913672b8c"}',
        delivered: 1,
        group_id: 'archive-019',
        id: 'scheduler-wake:archive-019:estimate:estimate-1eec3e2c3ed6bb1237852536',
        kind: 'budget-estimate'
      },
+     [Object: null prototype] {
-     {
        body: '{"groupId":"archive-019","startRevision":1}',
        delivered: 0,
        group_id: 'archive-019',
        id: 'archive-019:start',
        kind: 'start'
      },
+     [Object: null prototype] {
-     {
        body: '{"groupId":"archive-019","startRevision":1}',
        delivered: 0,
        group_id: 'archive-019',
        id: 'archive-019:no-start',
        kind: 'no-start'
      },
+     [Object: null prototype] {
-     {
        body: '{"groupId":"archive-019","startRevision":1}',
        delivered: 0,
        group_id: 'archive-019',
        id: 'archive-019:resume',
        kind: 'resume'
      },
+     [Object: null prototype] {
-     {
        body: '{"groupId":"archive-020","estimateId":"estimate-4133479c4f533c79d9974a43","planHash":"1e6261b5fe36755502989b040c2cbc5115902c16db48f7b351c39c6913672b8c"}',
        delivered: 1,
        group_id: 'archive-020',
        id: 'scheduler-wake:archive-020:estimate:estimate-4133479c4f533c79d9974a43',
        kind: 'budget-estimate'
      },
+     [Object: null prototype] {
-     {
        body: '{"groupId":"archive-020","startRevision":1}',
        delivered: 0,
        group_id: 'archive-020',
        id: 'archive-020:start',
        kind: 'start'
      },
+     [Object: null prototype] {
-     {
        body: '{"groupId":"archive-020","startRevision":1}',
        delivered: 0,
        group_id: 'archive-020',
        id: 'archive-020:no-start',
        kind: 'no-start'
      },
+     [Object: null prototype] {
-     {
        body: '{"groupId":"archive-020","startRevision":1}',
        delivered: 0,
        group_id: 'archive-020',
        id: 'archive-020:resume',
        kind: 'resume'
      },
+     [Object: null prototype] {
-     {
        body: '{"groupId":"archive-021","estimateId":"estimate-e841e01eb7ae459df7bc8d5c","planHash":"1e6261b5fe36755502989b040c2cbc5115902c16db48f7b351c39c6913672b8c"}',
        delivered: 1,
        group_id: 'archive-021',
        id: 'scheduler-wake:archive-021:estimate:estimate-e841e01eb7ae459df7bc8d5c',
        kind: 'budget-estimate'
      },
+     [Object: null prototype] {
-     {
        body: '{"groupId":"archive-021","startRevision":1}',
        delivered: 0,
        group_id: 'archive-021',
        id: 'archive-021:start',
        kind: 'start'
      },
+     [Object: null prototype] {
-     {
        body: '{"groupId":"archive-021","startRevision":1}',
        delivered: 0,
        group_id: 'archive-021',
        id: 'archive-021:no-start',
        kind: 'no-start'
      },
+     [Object: null prototype] {
-     {
        body: '{"groupId":"archive-021","startRevision":1}',
        delivered: 0,
        group_id: 'archive-021',
        id: 'archive-021:resume',
        kind: 'resume'
      },
+     [Object: null prototype] {
-     {
        body: '{"groupId":"archive-022","estimateId":"estimate-f2813a4f0369b700e0e37526","planHash":"1e6261b5fe36755502989b040c2cbc5115902c16db48f7b351c39c6913672b8c"}',
        delivered: 1,
        group_id: 'archive-022',
        id: 'scheduler-wake:archive-022:estimate:estimate-f2813a4f0369b700e0e37526',
        kind: 'budget-estimate'
      },
+     [Object: null prototype] {
-     {
        body: '{"groupId":"archive-022","startRevision":1}',
        delivered: 0,
        group_id: 'archive-022',
        id: 'archive-022:start',
        kind: 'start'
      },
+     [Object: null prototype] {
-     {
        body: '{"groupId":"archive-022","startRevision":1}',
        delivered: 0,
        group_id: 'archive-022',
        id: 'archive-022:no-start',
        kind: 'no-start'
      },
+     [Object: null prototype] {
-     {
        body: '{"groupId":"archive-022","startRevision":1}',
        delivered: 0,
        group_id: 'archive-022',
        id: 'archive-022:resume',
        kind: 'resume'
      },
+     [Object: null prototype] {
-     {
        body: '{"groupId":"archive-023","estimateId":"estimate-d5262965f58860cf8ae34356","planHash":"1e6261b5fe36755502989b040c2cbc5115902c16db48f7b351c39c6913672b8c"}',
        delivered: 1,
        group_id: 'archive-023',
        id: 'scheduler-wake:archive-023:estimate:estimate-d5262965f58860cf8ae34356',
        kind: 'budget-estimate'
      },
+     [Object: null prototype] {
-     {
        body: '{"groupId":"archive-023","startRevision":1}',
        delivered: 0,
        group_id: 'archive-023',
        id: 'archive-023:start',
        kind: 'start'
      },
+     [Object: null prototype] {
-     {
        body: '{"groupId":"archive-023","startRevision":1}',
        delivered: 0,
        group_id: 'archive-023',
        id: 'archive-023:no-start',
        kind: 'no-start'
      },
+     [Object: null prototype] {
-     {
        body: '{"groupId":"archive-023","startRevision":1}',
        delivered: 0,
        group_id: 'archive-023',
        id: 'archive-023:resume',
        kind: 'resume'
      },
+     [Object: null prototype] {
-     {
        body: '{"groupId":"archive-024","estimateId":"estimate-87e4b90c285919c035c801df","planHash":"1e6261b5fe36755502989b040c2cbc5115902c16db48f7b351c39c6913672b8c"}',
        delivered: 1,
        group_id: 'archive-024',
        id: 'scheduler-wake:archive-024:estimate:estimate-87e4b90c285919c035c801df',
        kind: 'budget-estimate'
      },
+     [Object: null prototype] {
-     {
        body: '{"groupId":"archive-024","startRevision":1}',
        delivered: 0,
        group_id: 'archive-024',
        id: 'archive-024:start',
        kind: 'start'
      },
+     [Object: null prototype] {
-     {
        body: '{"groupId":"archive-024","startRevision":1}',
        delivered: 0,
        group_id: 'archive-024',
        id: 'archive-024:no-start',
        kind: 'no-start'
      },
+     [Object: null prototype] {
-     {
        body: '{"groupId":"archive-024","startRevision":1}',
        delivered: 0,
        group_id: 'archive-024',
        id: 'archive-024:resume',
        kind: 'resume'
      },
+     [Object: null prototype] {
-     {
        body: '{"groupId":"archive-025","estimateId":"estimate-c58dac43722319c5f4b2d263","planHash":"1e6261b5fe36755502989b040c2cbc5115902c16db48f7b351c39c6913672b8c"}',
        delivered: 1,
        group_id: 'archive-025',
        id: 'scheduler-wake:archive-025:estimate:estimate-c58dac43722319c5f4b2d263',
        kind: 'budget-estimate'
      },
+     [Object: null prototype] {
-     {
        body: '{"groupId":"archive-025","startRevision":1}',
        delivered: 0,
        group_id: 'archive-025',
        id: 'archive-025:start',
        kind: 'start'
      },
+     [Object: null prototype] {
-     {
        body: '{"groupId":"archive-025","startRevision":1}',
        delivered: 0,
        group_id: 'archive-025',
        id: 'archive-025:no-start',
        kind: 'no-start'
      },
+     [Object: null prototype] {
-     {
        body: '{"groupId":"archive-025","startRevision":1}',
        delivered: 0,
        group_id: 'archive-025',
        id: 'archive-025:resume',
        kind: 'resume'
      },
+     [Object: null prototype] {
-     {
        body: '{"groupId":"archive-026","estimateId":"estimate-3e1262997e0ad028faeaee50","planHash":"1e6261b5fe36755502989b040c2cbc5115902c16db48f7b351c39c6913672b8c"}',
        delivered: 1,
        group_id: 'archive-026',
        id: 'scheduler-wake:archive-026:estimate:estimate-3e1262997e0ad028faeaee50',
        kind: 'budget-estimate'
      },
+     [Object: null prototype] {
-     {
        body: '{"groupId":"archive-026","startRevision":1}',
        delivered: 0,
        group_id: 'archive-026',
        id: 'archive-026:start',
        kind: 'start'
      },
+     [Object: null prototype] {
-     {
        body: '{"groupId":"archive-026","startRevision":1}',
        delivered: 0,
        group_id: 'archive-026',
        id: 'archive-026:no-start',
        kind: 'no-start'
      },
+     [Object: null prototype] {
-     {
        body: '{"groupId":"archive-026","startRevision":1}',
        delivered: 0,
        group_id: 'archive-026',
        id: 'archive-026:resume',
        kind: 'resume'
      },
+     [Object: null prototype] {
-     {
        body: '{"groupId":"archive-027","estimateId":"estimate-1cb2ae2e3a313d8911054125","planHash":"1e6261b5fe36755502989b040c2cbc5115902c16db48f7b351c39c6913672b8c"}',
        delivered: 1,
        group_id: 'archive-027',
        id: 'scheduler-wake:archive-027:estimate:estimate-1cb2ae2e3a313d8911054125',
        kind: 'budget-estimate'
      },
+     [Object: null prototype] {
-     {
        body: '{"groupId":"archive-027","startRevision":1}',
        delivered: 0,
        group_id: 'archive-027',
        id: 'archive-027:start',
        kind: 'start'
      },
+     [Object: null prototype] {
-     {
        body: '{"groupId":"archive-027","startRevision":1}',
        delivered: 0,
        group_id: 'archive-027',
        id: 'archive-027:no-start',
        kind: 'no-start'
      },
+     [Object: null prototype] {
-     {
        body: '{"groupId":"archive-027","startRevision":1}',
        delivered: 0,
        group_id: 'archive-027',
        id: 'archive-027:resume',
        kind: 'resume'
      },
+     [Object: null prototype] {
-     {
        body: '{"groupId":"archive-028","estimateId":"estimate-48fd38bf0d6de39d605b0148","planHash":"1e6261b5fe36755502989b040c2cbc5115902c16db48f7b351c39c6913672b8c"}',
        delivered: 1,
        group_id: 'archive-028',
        id: 'scheduler-wake:archive-028:estimate:estimate-48fd38bf0d6de39d605b0148',
        kind: 'budget-estimate