: null prototype] {
-     {
        body: '{"groupId":"archive-084","startRevision":1}',
        delivered: 0,
        group_id: 'archive-084',
        id: 'archive-084:resume',
        kind: 'resume'
      },
+     [Object: null prototype] {
-     {
        body: '{"groupId":"archive-085","estimateId":"estimate-c0e34e648e6fe1ab928c3c5f","planHash":"1e6261b5fe36755502989b040c2cbc5115902c16db48f7b351c39c6913672b8c"}',
        delivered: 1,
        group_id: 'archive-085',
        id: 'scheduler-wake:archive-085:estimate:estimate-c0e34e648e6fe1ab928c3c5f',
        kind: 'budget-estimate'
      },
+     [Object: null prototype] {
-     {
        body: '{"groupId":"archive-085","startRevision":1}',
        delivered: 0,
        group_id: 'archive-085',
        id: 'archive-085:start',
        kind: 'start'
      },
+     [Object: null prototype] {
-     {
        body: '{"groupId":"archive-085","startRevision":1}',
        delivered: 0,
        group_id: 'archive-085',
        id: 'archive-085:no-start',
        kind: 'no-start'
      },
+     [Object: null prototype] {
-     {
        body: '{"groupId":"archive-085","startRevision":1}',
        delivered: 0,
        group_id: 'archive-085',
        id: 'archive-085:resume',
        kind: 'resume'
      },
+     [Object: null prototype] {
-     {
        body: '{"groupId":"archive-086","estimateId":"estimate-2c385c818ef29ffe439ca1ea","planHash":"1e6261b5fe36755502989b040c2cbc5115902c16db48f7b351c39c6913672b8c"}',
        delivered: 1,
        group_id: 'archive-086',
        id: 'scheduler-wake:archive-086:estimate:estimate-2c385c818ef29ffe439ca1ea',
        kind: 'budget-estimate'
      },
+     [Object: null prototype] {
-     {
        body: '{"groupId":"archive-086","startRevision":1}',
        delivered: 0,
        group_id: 'archive-086',
        id: 'archive-086:start',
        kind: 'start'
      },
+     [Object: null prototype] {
-     {
        body: '{"groupId":"archive-086","startRevision":1}',
        delivered: 0,
        group_id: 'archive-086',
        id: 'archive-086:no-start',
        kind: 'no-start'
      },
+     [Object: null prototype] {
-     {
        body: '{"groupId":"archive-086","startRevision":1}',
        delivered: 0,
        group_id: 'archive-086',
        id: 'archive-086:resume',
        kind: 'resume'
      },
+     [Object: null prototype] {
-     {
        body: '{"groupId":"archive-087","estimateId":"estimate-192be00544b00458033497dd","planHash":"1e6261b5fe36755502989b040c2cbc5115902c16db48f7b351c39c6913672b8c"}',
        delivered: 1,
        group_id: 'archive-087',
        id: 'scheduler-wake:archive-087:estimate:estimate-192be00544b00458033497dd',
        kind: 'budget-estimate'
      },
+     [Object: null prototype] {
-     {
        body: '{"groupId":"archive-087","startRevision":1}',
        delivered: 0,
        group_id: 'archive-087',
        id: 'archive-087:start',
        kind: 'start'
      },
+     [Object: null prototype] {
-     {
        body: '{"groupId":"archive-087","startRevision":1}',
        delivered: 0,
        group_id: 'archive-087',
        id: 'archive-087:no-start',
        kind: 'no-start'
      },
+     [Object: null prototype] {
-     {
        body: '{"groupId":"archive-087","startRevision":1}',
        delivered: 0,
        group_id: 'archive-087',
        id: 'archive-087:resume',
        kind: 'resume'
      },
+     [Object: null prototype] {
-     {
        body: '{"groupId":"archive-088","estimateId":"estimate-f70b17a79cdb8bdecaf4fae8","planHash":"1e6261b5fe36755502989b040c2cbc5115902c16db48f7b351c39c6913672b8c"}',
        delivered: 1,
        group_id: 'archive-088',
        id: 'scheduler-wake:archive-088:estimate:estimate-f70b17a79cdb8bdecaf4fae8',
        kind: 'budget-estimate'
      },
+     [Object: null prototype] {
-     {
        body: '{"groupId":"archive-088","startRevision":1}',
        delivered: 0,
        group_id: 'archive-088',
        id: 'archive-088:start',
        kind: 'start'
      },
+     [Object: null prototype] {
-     {
        body: '{"groupId":"archive-088","startRevision":1}',
        delivered: 0,
        group_id: 'archive-088',
        id: 'archive-088:no-start',
        kind: 'no-start'
      },
+     [Object: null prototype] {
-     {
        body: '{"groupId":"archive-088","startRevision":1}',
        delivered: 0,
        group_id: 'archive-088',
        id: 'archive-088:resume',
        kind: 'resume'
      },
+     [Object: null prototype] {
-     {
        body: '{"groupId":"archive-089","estimateId":"estimate-dfd9573a67a2c555dca9ee44","planHash":"1e6261b5fe36755502989b040c2cbc5115902c16db48f7b351c39c6913672b8c"}',
        delivered: 1,
        group_id: 'archive-089',
        id: 'scheduler-wake:archive-089:estimate:estimate-dfd9573a67a2c555dca9ee44',
        kind: 'budget-estimate'
      },
+     [Object: null prototype] {
-     {
        body: '{"groupId":"archive-089","startRevision":1}',
        delivered: 0,
        group_id: 'archive-089',
        id: 'archive-089:start',
        kind: 'start'
      },
+     [Object: null prototype] {
-     {
        body: '{"groupId":"archive-089","startRevision":1}',
        delivered: 0,
        group_id: 'archive-089',
        id: 'archive-089:no-start',
        kind: 'no-start'
      },
+     [Object: null prototype] {
-     {
        body: '{"groupId":"archive-089","startRevision":1}',
        delivered: 0,
        group_id: 'archive-089',
        id: 'archive-089:resume',
        kind: 'resume'
      },
+     [Object: null prototype] {
-     {
        body: '{"groupId":"archive-090","estimateId":"estimate-3060e5fa5c9136f3d24d4139","planHash":"1e6261b5fe36755502989b040c2cbc5115902c16db48f7b351c39c6913672b8c"}',
        delivered: 1,
        group_id: 'archive-090',
        id: 'scheduler-wake:archive-090:estimate:estimate-3060e5fa5c9136f3d24d4139',
        kind: 'budget-estimate'
      },
+     [Object: null prototype] {
-     {
        body: '{"groupId":"archive-090","startRevision":1}',
        delivered: 0,
        group_id: 'archive-090',
        id: 'archive-090:start',
        kind: 'start'
      },
+     [Object: null prototype] {
-     {
        body: '{"groupId":"archive-090","startRevision":1}',
        delivered: 0,
        group_id: 'archive-090',
        id: 'archive-090:no-start',
        kind: 'no-start'
      },
+     [Object: null prototype] {
-     {
        body: '{"groupId":"archive-090","startRevision":1}',
        delivered: 0,
        group_id: 'archive-090',
        id: 'archive-090:resume',
        kind: 'resume'
      },
+     [Object: null prototype] {
-     {
        body: '{"groupId":"archive-091","estimateId":"estimate-402ba8e3ab8f73b97b85e3d7","planHash":"1e6261b5fe36755502989b040c2cbc5115902c16db48f7b351c39c6913672b8c"}',
        delivered: 1,
        group_id: 'archive-091',
        id: 'scheduler-wake:archive-091:estimate:estimate-402ba8e3ab8f73b97b85e3d7',
        kind: 'budget-estimate'
      },
+     [Object: null prototype] {
-     {
        body: '{"groupId":"archive-091","startRevision":1}',
        delivered: 0,
        group_id: 'archive-091',
        id: 'archive-091:start',
        kind: 'start'
      },
+     [Object: null prototype] {
-     {
        body: '{"groupId":"archive-091","startRevision":1}',
        delivered: 0,
        group_id: 'archive-091',
        id: 'archive-091:no-start',
        kind: 'no-start'
      },
+     [Object: null prototype] {
-     {
        body: '{"groupId":"archive-091","startRevision":1}',
        delivered: 0,
        group_id: 'archive-091',
        id: 'archive-091:resume',
        kind: 'resume'
      },
+     [Object: null prototype] {
-     {
        body: '{"groupId":"archive-092","estimateId":"estimate-8373e98a743d21873aff00c8","planHash":"1e6261b5fe36755502989b040c2cbc5115902c16db48f7b351c39c6913672b8c"}',
        delivered: 1,
        group_id: 'archive-092',
        id: 'scheduler-wake:archive-092:estimate:estimate-8373e98a743d21873aff00c8',
        kind: 'budget-estimate'
      },
+     [Object: null prototype] {
-     {
        body: '{"groupId":"archive-092","startRevision":1}',
        delivered: 0,
        group_id: 'archive-092',
        id: 'archive-092:start',
        kind: 'start'
      },
+     [Object: null prototype] {
-     {
        body: '{"groupId":"archive-092","startRevision":1}',
        delivered: 0,
        group_id: 'archive-092',
        id: 'archive-092:no-start',
        kind: 'no-start'
      },
+     [Object: null prototype] {
-     {
        body: '{"groupId":"archive-092","startRevision":1}',
        delivered: 0,
        group_id: 'archive-092',
        id: 'archive-092:resume',
        kind: 'resume'
      },
+     [Object: null prototype] {
-     {
        body: '{"groupId":"archive-093","estimateId":"estimate-7e81fbdc6d6b831d44cb36d2","planHash":"1e6261b5fe36755502989b040c2cbc5115902c16db48f7b351c39c6913672b8c"}',
        delivered: 1,
        group_id: 'archive-093',
        id: 'scheduler-wake:archive-093:estimate:estimate-7e81fbdc6d6b831d44cb36d2',
        kind: 'budget-estimate'
      },
+     [Object: null prototype] {
-     {
        body: '{"groupId":"archive-093","startRevision":1}',
        delivered: 0,
        group_id: 'archive-093',
        id: 'archive-093:start',
        kind: 'start'
      },
+     [Object: null prototype] {
-     {
        body: '{"groupId":"archive-093","startRevision":1}',
        delivered: 0,
        group_id: 'archive-093',
        id: 'archive-093:no-start',
        kind: 'no-start'
      },
+     [Object: null prototype] {
-     {
        body: '{"groupId":"archive-093","startRevision":1}',
        delivered: 0,
        group_id: 'archive-093',
        id: 'archive-093:resume',
        kind: 'resume'
      },
+     [Object: null prototype] {
-     {
        body: '{"groupId":"archive-094","estimateId":"estimate-10f11d2fc41a825daf54f840","planHash":"1e6261b5fe36755502989b040c2cbc5115902c16db48f7b351c39c6913672b8c"}',
        deli