48f7b351c39c6913672b8c"}',
        delivered: 1,
        group_id: 'archive-047',
        id: 'scheduler-wake:archive-047:estimate:estimate-7ac71be2048f7da38f3a72e0',
        kind: 'budget-estimate'
      },
+     [Object: null prototype] {
-     {
        body: '{"groupId":"archive-047","startRevision":1}',
        delivered: 0,
        group_id: 'archive-047',
        id: 'archive-047:start',
        kind: 'start'
      },
+     [Object: null prototype] {
-     {
        body: '{"groupId":"archive-047","startRevision":1}',
        delivered: 0,
        group_id: 'archive-047',
        id: 'archive-047:no-start',
        kind: 'no-start'
      },
+     [Object: null prototype] {
-     {
        body: '{"groupId":"archive-047","startRevision":1}',
        delivered: 0,
        group_id: 'archive-047',
        id: 'archive-047:resume',
        kind: 'resume'
      },
+     [Object: null prototype] {
-     {
        body: '{"groupId":"archive-048","estimateId":"estimate-76849206d59e9b83ebba7b1f","planHash":"1e6261b5fe36755502989b040c2cbc5115902c16db48f7b351c39c6913672b8c"}',
        delivered: 1,
        group_id: 'archive-048',
        id: 'scheduler-wake:archive-048:estimate:estimate-76849206d59e9b83ebba7b1f',
        kind: 'budget-estimate'
      },
+     [Object: null prototype] {
-     {
        body: '{"groupId":"archive-048","startRevision":1}',
        delivered: 0,
        group_id: 'archive-048',
        id: 'archive-048:start',
        kind: 'start'
      },
+     [Object: null prototype] {
-     {
        body: '{"groupId":"archive-048","startRevision":1}',
        delivered: 0,
        group_id: 'archive-048',
        id: 'archive-048:no-start',
        kind: 'no-start'
      },
+     [Object: null prototype] {
-     {
        body: '{"groupId":"archive-048","startRevision":1}',
        delivered: 0,
        group_id: 'archive-048',
        id: 'archive-048:resume',
        kind: 'resume'
      },
+     [Object: null prototype] {
-     {
        body: '{"groupId":"archive-049","estimateId":"estimate-7d9f1835bf3d94a1eac232eb","planHash":"1e6261b5fe36755502989b040c2cbc5115902c16db48f7b351c39c6913672b8c"}',
        delivered: 1,
        group_id: 'archive-049',
        id: 'scheduler-wake:archive-049:estimate:estimate-7d9f1835bf3d94a1eac232eb',
        kind: 'budget-estimate'
      },
+     [Object: null prototype] {
-     {
        body: '{"groupId":"archive-049","startRevision":1}',
        delivered: 0,
        group_id: 'archive-049',
        id: 'archive-049:start',
        kind: 'start'
      },
+     [Object: null prototype] {
-     {
        body: '{"groupId":"archive-049","startRevision":1}',
        delivered: 0,
        group_id: 'archive-049',
        id: 'archive-049:no-start',
        kind: 'no-start'
      },
+     [Object: null prototype] {
-     {
        body: '{"groupId":"archive-049","startRevision":1}',
        delivered: 0,
        group_id: 'archive-049',
        id: 'archive-049:resume',
        kind: 'resume'
      },
+     [Object: null prototype] {
-     {
        body: '{"groupId":"archive-050","estimateId":"estimate-7c5b4caa3b184cf74ce433cc","planHash":"1e6261b5fe36755502989b040c2cbc5115902c16db48f7b351c39c6913672b8c"}',
        delivered: 1,
        group_id: 'archive-050',
        id: 'scheduler-wake:archive-050:estimate:estimate-7c5b4caa3b184cf74ce433cc',
        kind: 'budget-estimate'
      },
+     [Object: null prototype] {
-     {
        body: '{"groupId":"archive-050","startRevision":1}',
        delivered: 0,
        group_id: 'archive-050',
        id: 'archive-050:start',
        kind: 'start'
      },
+     [Object: null prototype] {
-     {
        body: '{"groupId":"archive-050","startRevision":1}',
        delivered: 0,
        group_id: 'archive-050',
        id: 'archive-050:no-start',
        kind: 'no-start'
      },
+     [Object: null prototype] {
-     {
        body: '{"groupId":"archive-050","startRevision":1}',
        delivered: 0,
        group_id: 'archive-050',
        id: 'archive-050:resume',
        kind: 'resume'
      },
+     [Object: null prototype] {
-     {
        body: '{"groupId":"archive-051","estimateId":"estimate-d2a1800a710d68cd9bb210b7","planHash":"1e6261b5fe36755502989b040c2cbc5115902c16db48f7b351c39c6913672b8c"}',
        delivered: 1,
        group_id: 'archive-051',
        id: 'scheduler-wake:archive-051:estimate:estimate-d2a1800a710d68cd9bb210b7',
        kind: 'budget-estimate'
      },
+     [Object: null prototype] {
-     {
        body: '{"groupId":"archive-051","startRevision":1}',
        delivered: 0,
        group_id: 'archive-051',
        id: 'archive-051:start',
        kind: 'start'
      },
+     [Object: null prototype] {
-     {
        body: '{"groupId":"archive-051","startRevision":1}',
        delivered: 0,
        group_id: 'archive-051',
        id: 'archive-051:no-start',
        kind: 'no-start'
      },
+     [Object: null prototype] {
-     {
        body: '{"groupId":"archive-051","startRevision":1}',
        delivered: 0,
        group_id: 'archive-051',
        id: 'archive-051:resume',
        kind: 'resume'
      },
+     [Object: null prototype] {
-     {
        body: '{"groupId":"archive-052","estimateId":"estimate-f82b05f2f475606fb4e8d1ee","planHash":"1e6261b5fe36755502989b040c2cbc5115902c16db48f7b351c39c6913672b8c"}',
        delivered: 1,
        group_id: 'archive-052',
        id: 'scheduler-wake:archive-052:estimate:estimate-f82b05f2f475606fb4e8d1ee',
        kind: 'budget-estimate'
      },
+     [Object: null prototype] {
-     {
        body: '{"groupId":"archive-052","startRevision":1}',
        delivered: 0,
        group_id: 'archive-052',
        id: 'archive-052:start',
        kind: 'start'
      },
+     [Object: null prototype] {
-     {
        body: '{"groupId":"archive-052","startRevision":1}',
        delivered: 0,
        group_id: 'archive-052',
        id: 'archive-052:no-start',
        kind: 'no-start'
      },
+     [Object: null prototype] {
-     {
        body: '{"groupId":"archive-052","startRevision":1}',
        delivered: 0,
        group_id: 'archive-052',
        id: 'archive-052:resume',
        kind: 'resume'
      },
+     [Object: null prototype] {
-     {
        body: '{"groupId":"archive-053","estimateId":"estimate-890129a092222b4aa0f50e25","planHash":"1e6261b5fe36755502989b040c2cbc5115902c16db48f7b351c39c6913672b8c"}',
        delivered: 1,
        group_id: 'archive-053',
        id: 'scheduler-wake:archive-053:estimate:estimate-890129a092222b4aa0f50e25',
        kind: 'budget-estimate'
      },
+     [Object: null prototype] {
-     {
        body: '{"groupId":"archive-053","startRevision":1}',
        delivered: 0,
        group_id: 'archive-053',
        id: 'archive-053:start',
        kind: 'start'
      },
+     [Object: null prototype] {
-     {
        body: '{"groupId":"archive-053","startRevision":1}',
        delivered: 0,
        group_id: 'archive-053',
        id: 'archive-053:no-start',
        kind: 'no-start'
      },
+     [Object: null prototype] {
-     {
        body: '{"groupId":"archive-053","startRevision":1}',
        delivered: 0,
        group_id: 'archive-053',
        id: 'archive-053:resume',
        kind: 'resume'
      },
+     [Object: null prototype] {
-     {
        body: '{"groupId":"archive-054","estimateId":"estimate-1b3a601c273a5c2cb9fb89ad","planHash":"1e6261b5fe36755502989b040c2cbc5115902c16db48f7b351c39c6913672b8c"}',
        delivered: 1,
        group_id: 'archive-054',
        id: 'scheduler-wake:archive-054:estimate:estimate-1b3a601c273a5c2cb9fb89ad',
        kind: 'budget-estimate'
      },
+     [Object: null prototype] {
-     {
        body: '{"groupId":"archive-054","startRevision":1}',
        delivered: 0,
        group_id: 'archive-054',
        id: 'archive-054:start',
        kind: 'start'
      },
+     [Object: null prototype] {
-     {
        body: '{"groupId":"archive-054","startRevision":1}',
        delivered: 0,
        group_id: 'archive-054',
        id: 'archive-054:no-start',
        kind: 'no-start'
      },
+     [Object: null prototype] {
-     {
        body: '{"groupId":"archive-054","startRevision":1}',
        delivered: 0,
        group_id: 'archive-054',
        id: 'archive-054:resume',
        kind: 'resume'
      },
+     [Object: null prototype] {
-     {
        body: '{"groupId":"archive-055","estimateId":"estimate-86ce5b5822c6bde83e37dfd4","planHash":"1e6261b5fe36755502989b040c2cbc5115902c16db48f7b351c39c6913672b8c"}',
        delivered: 1,
        group_id: 'archive-055',
        id: 'scheduler-wake:archive-055:estimate:estimate-86ce5b5822c6bde83e37dfd4',
        kind: 'budget-estimate'
      },
+     [Object: null prototype] {
-     {
        body: '{"groupId":"archive-055","startRevision":1}',
        delivered: 0,
        group_id: 'archive-055',
        id: 'archive-055:start',
        kind: 'start'
      },
+     [Object: null prototype] {
-     {
        body: '{"groupId":"archive-055","startRevision":1}',
        delivered: 0,
        group_id: 'archive-055',
        id: 'archive-055:no-start',
        kind: 'no-start'
      },
+     [Object: null prototype] {
-     {
        body: '{"groupId":"archive-055","startRevision":1}',
        delivered: 0,
        group_id: 'archive-055',
        id: 'archive-055:resume',
        kind: 'resume'
      },
+     [Object: null prototype] {
-     {
        body: '{"groupId":"archive-056","estimateId":"estimate-9bb7f7ce7d1156736e8c163e","planHash":"1e6261b5fe36755502989b040c2cbc5115902c16db48f7b351c39c6913672b8c"}',
        delivered: 1,
        group_id: 'archive-056',
        id: 'scheduler-wake:archive-056:estimate:estimate-9bb7f7ce7d1156736e8c163e',
        kind: 'budget-estimate'
      },
+     [Object: null prototype] {
-     {
        body: '{"groupId":"archive-056","startRevision":1}',
        delivered: 0,
        group_id: 'archive-056',
        id: 'archive-056:start',
        kind: 'start'
      },
+   