(node:5761) ExperimentalWarning: SQLite is an experimental feature and might change at any time
(Use `node --trace-warnings ...` to show where the warning was created)
{"phase":"warmup","name":"full-reset","index":1,"ms":1971.3800829999964}
{"phase":"warmup","name":"full-reset","index":2,"ms":1829.0117920000048}
{"phase":"warmup","name":"full-reset","index":3,"ms":1853.2844590000022}
{"phase":"warmup","name":"full-reset","index":4,"ms":1843.8099169999914}
{"phase":"warmup","name":"full-reset","index":5,"ms":1831.9190830000007}
{"phase":"warmup","name":"full-reset","index":6,"ms":1878.226834000001}
{"phase":"warmup","name":"full-reset","index":7,"ms":1834.3497919999936}
{"phase":"warmup","name":"full-reset","index":8,"ms":1887.9504159999924}
{"phase":"warmup","name":"full-reset","index":9,"ms":1833.751040999996}
{"phase":"warmup","name":"full-reset","index":10,"ms":1840.5142909999995}
{"phase":"sample","name":"full-reset","index":1,"ms":1941.1265419999982}
{"phase":"sample","name":"full-reset","index":2,"ms":1801.4972500000003}
{"phase":"sample","name":"full-reset","index":3,"ms":1848.5935000000027}
{"phase":"sample","name":"full-reset","index":4,"ms":1785.3415419999947}
{"phase":"sample","name":"full-reset","index":5,"ms":1796.384167000011}
{"phase":"sample","name":"full-reset","index":6,"ms":1809.2285830000037}
{"phase":"sample","name":"full-reset","index":7,"ms":1804.3415410000016}
{"phase":"sample","name":"full-reset","index":8,"ms":1806.8630410000042}
{"phase":"sample","name":"full-reset","index":9,"ms":1771.5705420000013}
{"phase":"sample","name":"full-reset","index":10,"ms":1942.587166000012}
{"phase":"sample","name":"full-reset","index":11,"ms":1945.8719169999968}
{"phase":"sample","name":"full-reset","index":12,"ms":1813.458958000003}
{"phase":"sample","name":"full-reset","index":13,"ms":1778.698790999988}
{"phase":"sample","name":"full-reset","index":14,"ms":1769.349749999994}
{"phase":"sample","name":"full-reset","index":15,"ms":1833.7990839999984}
{"phase":"sample","name":"full-reset","index":16,"ms":1769.5278749999998}
{"phase":"sample","name":"full-reset","index":17,"ms":1758.929375000007}
{"phase":"sample","name":"full-reset","index":18,"ms":1770.2142909999966}
{"phase":"sample","name":"full-reset","index":19,"ms":1830.5003750000033}
{"phase":"sample","name":"full-reset","index":20,"ms":1769.5655830000032}
{"phase":"sample","name":"full-reset","index":21,"ms":1902.628000000026}
{"phase":"sample","name":"full-reset","index":22,"ms":1751.785917000001}
{"phase":"sample","name":"full-reset","index":23,"ms":1747.0692500000005}
{"phase":"sample","name":"full-reset","index":24,"ms":1755.5562080000236}
{"phase":"sample","name":"full-reset","index":25,"ms":1758.5129590000142}
{"phase":"sample","name":"full-reset","index":26,"ms":1749.7962080000143}
{"phase":"sample","name":"full-reset","index":27,"ms":1761.2336669999931}
{"phase":"sample","name":"full-reset","index":28,"ms":1776.209583000018}
{"phase":"sample","name":"full-reset","index":29,"ms":1760.1846660000156}
{"phase":"sample","name":"full-reset","index":30,"ms":1797.4066250000033}
{"name":"full-reset","timing":{"warmup":10,"samples":30,"rawMs":[1941.1265419999982,1801.4972500000003,1848.5935000000027,1785.3415419999947,1796.384167000011,1809.2285830000037,1804.3415410000016,1806.8630410000042,1771.5705420000013,1942.587166000012,1945.8719169999968,1813.458958000003,1778.698790999988,1769.349749999994,1833.7990839999984,1769.5278749999998,1758.929375000007,1770.2142909999966,1830.5003750000033,1769.5655830000032,1902.628000000026,1751.785917000001,1747.0692500000005,1755.5562080000236,1758.5129590000142,1749.7962080000143,1761.2336669999931,1776.209583000018,1760.1846660000156,1797.4066250000033],"min":1747.0692500000005,"max":1945.8719169999968,"p50":1778.698790999988,"p95":1942.587166000012},"outputDigest":"d0ccc02d38b5b49088f7ac8b7a424075ab1029693e3116a8e2948c23d6c10276","calls":{"handler":0,"probe":0,"accept":0}}
{"phase":"warmup","name":"forced-reset","index":1,"ms":1976.1784579999803}
{"phase":"warmup","name":"forced-reset","index":2,"ms":1745.2687920000171}
{"phase":"warmup","name":"forced-reset","index":3,"ms":1744.2012500000128}
{"phase":"warmup","name":"forced-reset","index":4,"ms":1739.6499590000021}
{"phase":"warmup","name":"forced-reset","index":5,"ms":1747.4887919999892}
{"phase":"warmup","name":"forced-reset","index":6,"ms":1772.9261669999978}
{"phase":"warmup","name":"forced-reset","index":7,"ms":1768.9603329999954}
{"phase":"warmup","name":"forced-reset","index":8,"ms":1756.8079580000194}
{"phase":"warmup","name":"forced-reset","index":9,"ms":1760.6689170000027}
{"phase":"warmup","name":"forced-reset","index":10,"ms":1771.2972909999953}
{"phase":"sample","name":"forced-reset","index":1,"ms":1894.4300419999927}
{"phase":"sample","name":"forced-reset","index":2,"ms":1819.2292920000036}
{"phase":"sample","name":"forced-reset","index":3,"ms":1742.765166999976}
{"phase":"sample","name":"forced-reset","index":4,"ms":1737.07491700002}
{"phase":"sample","name":"forced-reset","index":5,"ms":1748.2340419999964}
{"phase":"sample","name":"forced-reset","index":6,"ms":1741.6054160000058}
{"phase":"sample","name":"forced-reset","index":7,"ms":1764.5025840000017}
{"phase":"sample","name":"forced-reset","index":8,"ms":1749.4944169999799}
{"phase":"sample","name":"forced-reset","index":9,"ms":1757.533374999999}
{"phase":"sample","name":"forced-reset","index":10,"ms":1750.3739999999816}
{"phase":"sample","name":"forced-reset","index":11,"ms":1757.9939580000064}
{"phase":"sample","name":"forced-reset","index":12,"ms":1754.2860419999924}
{"phase":"sample","name":"forced-reset","index":13,"ms":1741.1224999999977}
{"phase":"sample","name":"forced-reset","index":14,"ms":1750.863458000007}
{"phase":"sample","name":"forced-reset","index":15,"ms":1752.163499999995}
{"phase":"sample","name":"forced-reset","index":16,"ms":1765.2854579999985}
{"phase":"sample","name":"forced-reset","index":17,"ms":1746.538166000013}
{"phase":"sample","name":"forced-reset","index":18,"ms":1770.697583000001}
{"phase":"sample","name":"forced-reset","index":19,"ms":1741.8575000000128}
{"phase":"sample","name":"forced-reset","index":20,"ms":2035.823625000019}
{"phase":"sample","name":"forced-reset","index":21,"ms":1750.1540000000095}
{"phase":"sample","name":"forced-reset","index":22,"ms":1730.9434170000022}
{"phase":"sample","name":"forced-reset","index":23,"ms":1739.6485000000102}
{"phase":"sample","name":"forced-reset","index":24,"ms":1751.395709000004}
{"phase":"sample","name":"forced-reset","index":25,"ms":1753.5297920000157}
{"phase":"sample","name":"forced-reset","index":26,"ms":1758.5189169999794}
{"phase":"sample","name":"forced-reset","index":27,"ms":1748.1399169999931}
{"phase":"sample","name":"forced-reset","index":28,"ms":1741.393207999994}
{"phase":"sample","name":"forced-reset","index":29,"ms":1755.4669590000121}
{"phase":"sample","name":"forced-reset","index":30,"ms":1907.5735829999903}
{"name":"forced-reset","timing":{"warmup":10,"samples":30,"rawMs":[1894.4300419999927,1819.2292920000036,1742.765166999976,1737.07491700002,1748.2340419999964,1741.6054160000058,1764.5025840000017,1749.4944169999799,1757.533374999999,1750.3739999999816,1757.9939580000064,1754.2860419999924,1741.1224999999977,1750.863458000007,1752.163499999995,1765.2854579999985,1746.538166000013,1770.697583000001,1741.8575000000128,2035.823625000019,1750.1540000000095,1730.9434170000022,1739.6485000000102,1751.395709000004,1753.5297920000157,1758.5189169999794,1748.1399169999931,1741.393207999994,1755.4669590000121,1907.5735829999903],"min":1730.9434170000022,"max":2035.823625000019,"p50":1750.863458000007,"p95":1907.5735829999903},"outputDigest":"d0ccc02d38b5b49088f7ac8b7a424075ab1029693e3116a8e2948c23d6c10276","calls":{"handler":0,"probe":0,"accept":0}}
{"phase":"warmup","name":"retention-reset","index":1,"ms":1738.3792919999978}
{"phase":"warmup","name":"retention-reset","index":2,"ms":1728.3793339999975}
{"phase":"warmup","name":"retention-reset","index":3,"ms":1734.2548750000133}
{"phase":"warmup","name":"retention-reset","index":4,"ms":1755.224750000023}
{"phase":"warmup","name":"retention-reset","index":5,"ms":1738.2690000000002}
{"phase":"warmup","name":"retention-reset","index":6,"ms":1731.7431250000081}
{"phase":"warmup","name":"retention-reset","index":7,"ms":1741.572583000001}
{"phase":"warmup","name":"retention-reset","index":8,"ms":1848.5400410000002}
{"phase":"warmup","name":"retention-reset","index":9,"ms":1743.7669170000008}
{"phase":"warmup","name":"retention-reset","index":10,"ms":1768.2767080000194}
{"phase":"sample","name":"retention-reset","index":1,"ms":1729.4500829999452}
{"phase":"sample","name":"retention-reset","index":2,"ms":1730.5277079999796}
{"phase":"sample","name":"retention-reset","index":3,"ms":1744.7593329999945}
{"phase":"sample","name":"retention-reset","index":4,"ms":1725.4373749999795}
{"phase":"sample","name":"retention-reset","index":5,"ms":1738.3053749999963}
{"phase":"sample","name":"retention-reset","index":6,"ms":1755.1364579999936}
{"phase":"sample","name":"retention-reset","index":7,"ms":2088.699957999983}
{"phase":"sample","name":"retention-reset","index":8,"ms":1971.935375000001}
{"phase":"sample","name":"retention-reset","index":9,"ms":1797.93429200002}
{"phase":"sample","name":"retention-reset","index":10,"ms":2240.942083000031}
{"phase":"sample","name":"retention-reset","index":11,"ms":1759.5796670000418}
{"phase":"sample","name":"retention-reset","index":12,"ms":1789.328542000032}
{"phase":"sample","name":"retention-reset","index":13,"ms":1759.5370409999741}
{"phase":"sample","name":"retention-reset","index":14,"ms":1803.3627499999711}
{"phase":"sample","name":"retention-reset","index":15,"ms":1776.4330830000108}
{"phase":"sample","name":"retention-reset","index":16,"ms":1790.8725000000559}
{"phase":"sample","name":"retention-reset","index":17,"ms":1786.7449170000036}
{"phase":"sample","name":"retention-reset","index":18,"ms":1777.4924159999937}
{"phase":"sample","name":"retention-reset","index":19,"ms":1804.4380420000525}
{"phase":"sample","name":"retention-reset","index":20,"ms":1936.487124999985}
{"phase":"sample","name":"retention-reset","index":21,"ms":1757.1454580000136}
{"phase":"sample","name":"retention-reset","index":22,"ms":1760.0639589999919}
{"phase":"sample","name":"retention-reset","index":23,"ms":1754.9554580000113}
{"phase":"sample","name":"retention-reset","index":24,"ms":1765.031667000032}
{"phase":"sample","name":"retention-reset","index":25,"ms":1753.9183750000084}
{"phase":"sample","name":"retention-reset","index":26,"ms":1789.8915830000187}
{"phase":"sample","name":"retention-reset","index":27,"ms":1758.9413749999949}
{"phase":"sample","name":"retention-reset","index":28,"ms":1776.298124999972}
{"phase":"sample","name":"retention-reset","index":29,"ms":1821.1388750000042}
{"phase":"sample","name":"retention-reset","index":30,"ms":1924.626500000013}
{"name":"retention-reset","timing":{"warmup":10,"samples":30,"rawMs":[1729.4500829999452,1730.5277079999796,1744.7593329999945,1725.4373749999795,1738.3053749999963,1755.1364579999936,2088.699957999983,1971.935375000001,1797.93429200002,2240.942083000031,1759.5796670000418,1789.328542000032,1759.5370409999741,1803.3627499999711,1776.4330830000108,1790.8725000000559,1786.7449170000036,1777.4924159999937,1804.4380420000525,1936.487124999985,1757.1454580000136,1760.0639589999919,1754.9554580000113,1765.031667000032,1753.9183750000084,1789.8915830000187,1758.9413749999949,1776.298124999972,1821.1388750000042,1924.626500000013],"min":1725.4373749999795,"max":2240.942083000031,"p50":1776.298124999972,"p95":2088.699957999983},"outputDigest":"65124581bfe57c61425b625953ebd73da63872067c787099e9f5836949f014d3","calls":{"handler":0,"probe":0,"accept":0}}
{"phase":"warmup","name":"all-live-changed-incremental","index":1,"ms":1714.744875000033}
{"phase":"warmup","name":"all-live-changed-incremental","index":2,"ms":1685.872417000006}
{"phase":"warmup","name":"all-live-changed-incremental","index":3,"ms":1691.423542000004}
{"phase":"warmup","name":"all-live-changed-incremental","index":4,"ms":1717.2912919999799}
{"phase":"warmup","name":"all-live-changed-incremental","index":5,"ms":1715.9822079999722}
{"phase":"warmup","name":"all-live-changed-incremental","index":6,"ms":1709.5112920000101}
{"phase":"warmup","name":"all-live-changed-incremental","index":7,"ms":1870.0255839999882}
{"phase":"warmup","name":"all-live-changed-incremental","index":8,"ms":1696.9908750000177}
{"phase":"warmup","name":"all-live-changed-incremental","index":9,"ms":1729.2909579999978}
{"phase":"warmup","name":"all-live-changed-incremental","index":10,"ms":1957.6225829999894}
{"phase":"sample","name":"all-live-changed-incremental","index":1,"ms":1728.152833}
{"phase":"sample","name":"all-live-changed-incremental","index":2,"ms":1678.2520830000285}
{"phase":"sample","name":"all-live-changed-incremental","index":3,"ms":1715.2639169999748}
{"phase":"sample","name":"all-live-changed-incremental","index":4,"ms":1683.185541999992}
{"phase":"sample","name":"all-live-changed-incremental","index":5,"ms":1694.5044579999521}
{"phase":"sample","name":"all-live-changed-incremental","index":6,"ms":1711.6632079999545}
{"phase":"sample","name":"all-live-changed-incremental","index":7,"ms":1694.1211250000051}
{"phase":"sample","name":"all-live-changed-incremental","index":8,"ms":1723.1709169999813}
{"phase":"sample","name":"all-live-changed-incremental","index":9,"ms":1663.899207999988}
{"phase":"sample","name":"all-live-changed-incremental","index":10,"ms":1840.3655830000062}
{"phase":"sample","name":"all-live-changed-incremental","index":11,"ms":1663.7586669999873}
{"phase":"sample","name":"all-live-changed-incremental","index":12,"ms":1696.6201669999864}
{"phase":"sample","name":"all-live-changed-incremental","index":13,"ms":1670.1951659999904}
{"phase":"sample","name":"all-live-changed-incremental","index":14,"ms":1708.3074579999666}
{"phase":"sample","name":"all-live-changed-incremental","index":15,"ms":1656.9719159999513}
{"phase":"sample","name":"all-live-changed-incremental","index":16,"ms":1701.586500000034}
{"phase":"sample","name":"all-live-changed-incremental","index":17,"ms":1660.371583}
{"phase":"sample","name":"all-live-changed-incremental","index":18,"ms":1698.4944169999799}
{"phase":"sample","name":"all-live-changed-incremental","index":19,"ms":1759.477332999988}
{"phase":"sample","name":"all-live-changed-incremental","index":20,"ms":1811.228375000006}
{"phase":"sample","name":"all-live-changed-incremental","index":21,"ms":1663.6389169999748}
{"phase":"sample","name":"all-live-changed-incremental","index":22,"ms":1697.9760000000242}
{"phase":"sample","name":"all-live-changed-incremental","index":23,"ms":1704.7136249999749}
{"phase":"sample","name":"all-live-changed-incremental","index":24,"ms":1681.3576250000042}
{"phase":"sample","name":"all-live-changed-incremental","index":25,"ms":1660.1729160000104}
{"phase":"sample","name":"all-live-changed-incremental","index":26,"ms":1662.9935839999816}
{"phase":"sample","name":"all-live-changed-incremental","index":27,"ms":1672.972333999991}
{"phase":"sample","name":"all-live-changed-incremental","index":28,"ms":1659.2584999999963}
{"phase":"sample","name":"all-live-changed-incremental","index":29,"ms":1669.054375000007}
{"phase":"sample","name":"all-live-changed-incremental","index":30,"ms":1821.9346249999944}
{"name":"all-live-changed-incremental","timing":{"warmup":10,"samples":30,"rawMs":[1728.152833,1678.2520830000285,1715.2639169999748,1683.185541999992,1694.5044579999521,1711.6632079999545,1694.1211250000051,1723.1709169999813,1663.899207999988,1840.3655830000062,1663.7586669999873,1696.6201669999864,1670.1951659999904,1708.3074579999666,1656.9719159999513,1701.586500000034,1660.371583,1698.4944169999799,1759.477332999988,1811.228375000006,1663.6389169999748,1697.9760000000242,1704.7136249999749,1681.3576250000042,1660.1729160000104,1662.9935839999816,1672.972333999991,1659.2584999999963,1669.054375000007,1821.9346249999944],"min":1656.9719159999513,"max":1840.3655830000062,"p50":1694.1211250000051,"p95":1821.9346249999944},"outputDigest":"b94f556a8027eb218d2045287e568bfa1d347af45d4614ecf84cc6e18f21d30e","calls":{"handler":0,"probe":0,"accept":0}}
{"phase":"warmup","name":"empty-incremental","index":1,"ms":0.12741700001060963}
{"phase":"warmup","name":"empty-incremental","index":2,"ms":0.11554199998499826}
{"phase":"warmup","name":"empty-incremental","index":3,"ms":0.12241599999833852}
{"phase":"warmup","name":"empty-incremental","index":4,"ms":0.13933299999916926}
{"phase":"warmup","name":"empty-incremental","index":5,"ms":0.17675000004237518}
{"phase":"warmup","name":"empty-incremental","index":6,"ms":0.11833399999886751}
{"phase":"warmup","name":"empty-incremental","index":7,"ms":0.11966600001323968}
{"phase":"warmup","name":"empty-incremental","index":8,"ms":0.11779200000455603}
{"phase":"warmup","name":"empty-incremental","index":9,"ms":0.12137500004610047}
{"phase":"warmup","name":"empty-incremental","index":10,"ms":0.12866599997505546}
{"phase":"sample","name":"empty-incremental","index":1,"ms":0.13329099997645244}
{"phase":"sample","name":"empty-incremental","index":2,"ms":0.12099999998463318}
{"phase":"sample","name":"empty-incremental","index":3,"ms":0.11849999998230487}
{"phase":"sample","name":"empty-incremental","index":4,"ms":0.12329099996713921}
{"phase":"sample","name":"empty-incremental","index":5,"ms":0.12166600005002692}
{"phase":"sample","name":"empty-incremental","index":6,"ms":0.11670800001593307}
{"phase":"sample","name":"empty-incremental","index":7,"ms":0.16391599999042228}
{"phase":"sample","name":"empty-incremental","index":8,"ms":0.11541700002271682}
{"phase":"sample","name":"empty-incremental","index":9,"ms":0.11466600000858307}
{"phase":"sample","name":"empty-incremental","index":10,"ms":0.12066600000252947}
{"phase":"sample","name":"empty-incremental","index":11,"ms":0.11329199996544048}
{"phase":"sample","name":"empty-incremental","index":12,"ms":0.1185410000034608}
{"phase":"sample","name":"empty-incremental","index":13,"ms":0.11808400001609698}
{"phase":"sample","name":"empty-incremental","index":14,"ms":0.11445799999637529}
{"phase":"sample","name":"empty-incremental","index":15,"ms":0.11383300001034513}
{"phase":"sample","name":"empty-incremental","index":16,"ms":0.11566599999787286}
{"phase":"sample","name":"empty-incremental","index":17,"ms":0.12329199997475371}
{"phase":"sample","name":"empty-incremental","index":18,"ms":0.11279199999989942}
{"phase":"sample","name":"empty-incremental","index":19,"ms":0.12083299999358132}
{"phase":"sample","name":"empty-incremental","index":20,"ms":0.11574999999720603}
{"phase":"sample","name":"empty-incremental","index":21,"ms":0.11920800001826137}
{"phase":"sample","name":"empty-incremental","index":22,"ms":0.11858399998163804}
{"phase":"sample","name":"empty-incremental","index":23,"ms":0.11783399997511879}
{"phase":"sample","name":"empty-incremental","index":24,"ms":0.12254199996823445}
{"phase":"sample","name":"empty-incremental","index":25,"ms":0.11166699999012053}
{"phase":"sample","name":"empty-incremental","index":26,"ms":0.1167079999577254}
{"phase":"sample","name":"empty-incremental","index":27,"ms":0.11758299998473376}
{"phase":"sample","name":"empty-incremental","index":28,"ms":0.12041700002737343}
{"phase":"sample","name":"empty-incremental","index":29,"ms":0.1193339999881573}
{"phase":"sample","name":"empty-incremental","index":30,"ms":0.12270800000987947}
{"name":"empty-incremental","timing":{"warmup":10,"samples":30,"rawMs":[0.13329099997645244,0.12099999998463318,0.11849999998230487,0.12329099996713921,0.12166600005002692,0.11670800001593307,0.16391599999042228,0.11541700002271682,0.11466600000858307,0.12066600000252947,0.11329199996544048,0.1185410000034608,0.11808400001609698,0.11445799999637529,0.11383300001034513,0.11566599999787286,0.12329199997475371,0.11279199999989942,0.12083299999358132,0.11574999999720603,0.11920800001826137,0.11858399998163804,0.11783399997511879,0.12254199996823445,0.11166699999012053,0.1167079999577254,0.11758299998473376,0.12041700002737343,0.1193339999881573,0.12270800000987947],"min":0.11166699999012053,"max":0.16391599999042228,"p50":0.11849999998230487,"p95":0.13329099997645244},"outputDigest":"fe4befe80f3bc1bb7a3e28514f3dd5deb408f17ad4c453ee8efbc4015915e13d","calls":{"handler":0,"probe":0,"accept":0}}
{"phase":"warmup","name":"one-group-detail","index":1,"ms":513.9712500000023}
{"phase":"warmup","name":"one-group-detail","index":2,"ms":513.3935000000056}
{"phase":"warmup","name":"one-group-detail","index":3,"ms":494.7035840000026}
{"phase":"warmup","name":"one-group-detail","index":4,"ms":488.0285830000066}
{"phase":"warmup","name":"one-group-detail","index":5,"ms":501.7126660000067}
{"phase":"warmup","name":"one-group-detail","index":6,"ms":490.93887499999255}
{"phase":"warmup","name":"one-group-detail","index":7,"ms":490.12458299996797}
{"phase":"warmup","name":"one-group-detail","index":8,"ms":492.1559159999597}
{"phase":"warmup","name":"one-group-detail","index":9,"ms":604.2433749999618}
{"phase":"warmup","name":"one-group-detail","index":10,"ms":509.4955000000191}
{"phase":"sample","name":"one-group-detail","index":1,"ms":511.1729589999886}
{"phase":"sample","name":"one-group-detail","index":2,"ms":487.69162499997765}
{"phase":"sample","name":"one-group-detail","index":3,"ms":515.1739999999991}
{"phase":"sample","name":"one-group-detail","index":4,"ms":519.7039160000277}
{"phase":"sample","name":"one-group-detail","index":5,"ms":491.8962499999907}
{"phase":"sample","name":"one-group-detail","index":6,"ms":488.15279199997894}
{"phase":"sample","name":"one-group-detail","index":7,"ms":498.55395899998257}
{"phase":"sample","name":"one-group-detail","index":8,"ms":503.42204199999105}
{"phase":"sample","name":"one-group-detail","index":9,"ms":493.34375}
{"phase":"sample","name":"one-group-detail","index":10,"ms":486.5976249999949}
{"phase":"sample","name":"one-group-detail","index":11,"ms":482.13550000003306}
{"phase":"sample","name":"one-group-detail","index":12,"ms":498.25520800001686}
{"phase":"sample","name":"one-group-detail","index":13,"ms":484.008833000029}
{"phase":"sample","name":"one-group-detail","index":14,"ms":494.43887499999255}
{"phase":"sample","name":"one-group-detail","index":15,"ms":485.7292080000043}
{"phase":"sample","name":"one-group-detail","index":16,"ms":506.1096660000039}
{"phase":"sample","name":"one-group-detail","index":17,"ms":489.4635000000126}
{"phase":"sample","name":"one-group-detail","index":18,"ms":489.351874999993}
{"phase":"sample","name":"one-group-detail","index":19,"ms":490.34312500001397}
{"phase":"sample","name":"one-group-detail","index":20,"ms":498.46187499997905}
{"phase":"sample","name":"one-group-detail","index":21,"ms":498.312957999995}
{"phase":"sample","name":"one-group-detail","index":22,"ms":489.54241700004786}
{"phase":"sample","name":"one-group-detail","index":23,"ms":509.6755830000038}
{"phase":"sample","name":"one-group-detail","index":24,"ms":496.2448330000043}
{"phase":"sample","name":"one-group-detail","index":25,"ms":499.5292500000214}
{"phase":"sample","name":"one-group-detail","index":26,"ms":654.4093330000178}
{"phase":"sample","name":"one-group-detail","index":27,"ms":480.7870000000112}
{"phase":"sample","name":"one-group-detail","index":28,"ms":484.017375000054}
{"phase":"sample","name":"one-group-detail","index":29,"ms":502.60920800000895}
{"phase":"sample","name":"one-group-detail","index":30,"ms":494.58687499997905}
{"name":"one-group-detail","timing":{"warmup":10,"samples":30,"rawMs":[511.1729589999886,487.69162499997765,515.1739999999991,519.7039160000277,491.8962499999907,488.15279199997894,498.55395899998257,503.42204199999105,493.34375,486.5976249999949,482.13550000003306,498.25520800001686,484.008833000029,494.43887499999255,485.7292080000043,506.1096660000039,489.4635000000126,489.351874999993,490.34312500001397,498.46187499997905,498.312957999995,489.54241700004786,509.6755830000038,496.2448330000043,499.5292500000214,654.4093330000178,480.7870000000112,484.017375000054,502.60920800000895,494.58687499997905],"min":480.7870000000112,"max":654.4093330000178,"p50":494.43887499999255,"p95":519.7039160000277},"outputDigest":"cad0a7da400208c27396c711a16d07ad198adc54cf2ab8d2012f1314c92bcb36","calls":{"handler":0,"probe":0,"accept":0}}
{"phase":"warmup","name":"all-live-detail","index":1,"ms":49763.46462500002}
{"phase":"warmup","name":"all-live-detail","index":2,"ms":50241.878833999974}
{"phase":"warmup","name":"all-live-detail","index":3,"ms":50473.24283299991}
{"phase":"warmup","name":"all-live-detail","index":4,"ms":50362.91570800007}
{"phase":"warmup","name":"all-live-detail","index":5,"ms":50477.591625}
{"phase":"warmup","name":"all-live-detail","index":6,"ms":49837.83637500007}
{"phase":"warmup","name":"all-live-detail","index":7,"ms":49962.416666000034}
{"phase":"warmup","name":"all-live-detail","index":8,"ms":50292.39629100007}
{"phase":"warmup","name":"all-live-detail","index":9,"ms":50361.07654200005}
{"phase":"warmup","name":"all-live-detail","index":10,"ms":50603.082916999934}
{"phase":"sample","name":"all-live-detail","index":1,"ms":50280.01783299993}
{"phase":"sample","name":"all-live-detail","index":2,"ms":50364.32491700002}
{"phase":"sample","name":"all-live-detail","index":3,"ms":50370.682458000025}
{"phase":"sample","name":"all-live-detail","index":4,"ms":50132.17424999992}
{"phase":"sample","name":"all-live-detail","index":5,"ms":49963.951040999964}
{"phase":"sample","name":"all-live-detail","index":6,"ms":50440.54395799991}
{"phase":"sample","name":"all-live-detail","index":7,"ms":50451.541708000004}
{"phase":"sample","name":"all-live-detail","index":8,"ms":50624.859375}
{"phase":"sample","name":"all-live-detail","index":9,"ms":50615.13154199999}
{"phase":"sample","name":"all-live-detail","index":10,"ms":52707.81095899991}
{"phase":"sample","name":"all-live-detail","index":11,"ms":51661.58899999992}
{"phase":"sample","name":"all-live-detail","index":12,"ms":51967.968458000105}
{"phase":"sample","name":"all-live-detail","index":13,"ms":51627.696292000124}
{"phase":"sample","name":"all-live-detail","index":14,"ms":51717.296040999936}
{"phase":"sample","name":"all-live-detail","index":15,"ms":51821.92529199994}
{"phase":"sample","name":"all-live-detail","index":16,"ms":51741.30366700003}
{"phase":"sample","name":"all-live-detail","index":17,"ms":51763.12850000011}
{"phase":"sample","name":"all-live-detail","index":18,"ms":51726.008249999955}
{"phase":"sample","name":"all-live-detail","index":19,"ms":51572.12379199988}
{"phase":"sample","name":"all-live-detail","index":20,"ms":51723.02725000004}
{"phase":"sample","name":"all-live-detail","index":21,"ms":51674.09725000011}
{"phase":"sample","name":"all-live-detail","index":22,"ms":51778.76333300001}
{"phase":"sample","name":"all-live-detail","index":23,"ms":51804.46837500017}
{"phase":"sample","name":"all-live-detail","index":24,"ms":51790.38112499984}
{"phase":"sample","name":"all-live-detail","index":25,"ms":52903.446915999986}
{"phase":"sample","name":"all-live-detail","index":26,"ms":51299.43829199998}
{"phase":"sample","name":"all-live-detail","index":27,"ms":50392.358791999985}
{"phase":"sample","name":"all-live-detail","index":28,"ms":50368.63145800028}
{"phase":"sample","name":"all-live-detail","index":29,"ms":50529.47929200018}
{"phase":"sample","name":"all-live-detail","index":30,"ms":50631.964791999664}
{"name":"all-live-detail","timing":{"warmup":10,"samples":30,"rawMs":[50280.01783299993,50364.32491700002,50370.682458000025,50132.17424999992,49963.951040999964,50440.54395799991,50451.541708000004,50624.859375,50615.13154199999,52707.81095899991,51661.58899999992,51967.968458000105,51627.696292000124,51717.296040999936,51821.92529199994,51741.30366700003,51763.12850000011,51726.008249999955,51572.12379199988,51723.02725000004,51674.09725000011,51778.76333300001,51804.46837500017,51790.38112499984,52903.446915999986,51299.43829199998,50392.358791999985,50368.63145800028,50529.47929200018,50631.964791999664],"min":49963.951040999964,"max":52903.446915999986,"p50":51572.12379199988,"p95":52707.81095899991},"outputDigest":"d63f8f2f33b791051c07b448b24a45c799e5cdd724dacd6eb8345f34df41043d","calls":{"handler":0,"probe":0,"accept":0}}
{"phase":"warmup","name":"replenish","index":1,"ms":131.05924999993294}
{"phase":"warmup","name":"replenish","index":2,"ms":120.64162500016391}
{"phase":"warmup","name":"replenish","index":3,"ms":126.33474999992177}
{"phase":"warmup","name":"replenish","index":4,"ms":118.0413750000298}
{"phase":"warmup","name":"replenish","index":5,"ms":118.29887499986216}
{"phase":"warmup","name":"replenish","index":6,"ms":121.43208299996331}
{"phase":"warmup","name":"replenish","index":7,"ms":116.62220799969509}
{"phase":"warmup","name":"replenish","index":8,"ms":119.9020000002347}
{"phase":"warmup","name":"replenish","index":9,"ms":121.59512500045821}
{"phase":"warmup","name":"replenish","index":10,"ms":121.99220899958163}
{"phase":"sample","name":"replenish","index":1,"ms":121.78187500033528}
{"phase":"sample","name":"replenish","index":2,"ms":124.99212499987334}
{"phase":"sample","name":"replenish","index":3,"ms":116.14829200040549}
{"phase":"sample","name":"replenish","index":4,"ms":124.19041700009257}
{"phase":"sample","name":"replenish","index":5,"ms":123.04779199976474}
{"phase":"sample","name":"replenish","index":6,"ms":117.9292500000447}
{"phase":"sample","name":"replenish","index":7,"ms":123.7072919998318}
{"phase":"sample","name":"replenish","index":8,"ms":125.3570840000175}
{"phase":"sample","name":"replenish","index":9,"ms":123.08112500002608}
{"phase":"sample","name":"replenish","index":10,"ms":117.14566700020805}
{"phase":"sample","name":"replenish","index":11,"ms":121.72629099991173}
{"phase":"sample","name":"replenish","index":12,"ms":126.02408299967647}
{"phase":"sample","name":"replenish","index":13,"ms":119.42224999982864}
{"phase":"sample","name":"replenish","index":14,"ms":122.39437500014901}
{"phase":"sample","name":"replenish","index":15,"ms":125.42354100011289}
{"phase":"sample","name":"replenish","index":16,"ms":117.89308399986476}
{"phase":"sample","name":"replenish","index":17,"ms":122.2527499999851}
{"phase":"sample","name":"replenish","index":18,"ms":115.87525000004098}
{"phase":"sample","name":"replenish","index":19,"ms":120.38279200019315}
{"phase":"sample","name":"replenish","index":20,"ms":121.6925000003539}
{"phase":"sample","name":"replenish","index":21,"ms":126.44949999963865}
{"phase":"sample","name":"replenish","index":22,"ms":121.49666600022465}
{"phase":"sample","name":"replenish","index":23,"ms":128.5662079998292}
{"phase":"sample","name":"replenish","index":24,"ms":112.66733400011435}
{"phase":"sample","name":"replenish","index":25,"ms":115.1199999996461}
{"phase":"sample","name":"replenish","index":26,"ms":121.21437499998137}
{"phase":"sample","name":"replenish","index":27,"ms":114.99479199992493}
{"phase":"sample","name":"replenish","index":28,"ms":118.66295900009573}
{"phase":"sample","name":"replenish","index":29,"ms":123.63662499981001}
{"phase":"sample","name":"replenish","index":30,"ms":124.12558300001547}
{"name":"replenish","timing":{"warmup":10,"samples":30,"rawMs":[121.78187500033528,124.99212499987334,116.14829200040549,124.19041700009257,123.04779199976474,117.9292500000447,123.7072919998318,125.3570840000175,123.08112500002608,117.14566700020805,121.72629099991173,126.02408299967647,119.42224999982864,122.39437500014901,125.42354100011289,117.89308399986476,122.2527499999851,115.87525000004098,120.38279200019315,121.6925000003539,126.44949999963865,121.49666600022465,128.5662079998292,112.66733400011435,115.1199999996461,121.21437499998137,114.99479199992493,118.66295900009573,123.63662499981001,124.12558300001547],"min":112.66733400011435,"max":128.5662079998292,"p50":121.72629099991173,"p95":126.44949999963865},"outputDigest":"af7a252c61e84cbb99d4b468a11993932b2d03feaf15d46c69b1dc2b12e30176","calls":{"handler":0,"probe":0,"accept":0}}
{"phase":"warmup","name":"archived-only-pump","index":1,"ms":30.341916000004858}
{"phase":"warmup","name":"archived-only-pump","index":2,"ms":30.01416700007394}
{"phase":"warmup","name":"archived-only-pump","index":3,"ms":31.543624999932945}
{"phase":"warmup","name":"archived-only-pump","index":4,"ms":30.001041000243276}
{"phase":"warmup","name":"archived-only-pump","index":5,"ms":31.392500000074506}
{"phase":"warmup","name":"archived-only-pump","index":6,"ms":30.083333999849856}
{"phase":"warmup","name":"archived-only-pump","index":7,"ms":30.71487500006333}
{"phase":"warmup","name":"archived-only-pump","index":8,"ms":31.60170800006017}
{"phase":"warmup","name":"archived-only-pump","index":9,"ms":32.15420799981803}
{"phase":"warmup","name":"archived-only-pump","index":10,"ms":29.955540999770164}
{"phase":"sample","name":"archived-only-pump","index":1,"ms":31.642333999741822}
{"phase":"sample","name":"archived-only-pump","index":2,"ms":29.469250000081956}
{"phase":"sample","name":"archived-only-pump","index":3,"ms":30.288166999816895}
{"phase":"sample","name":"archived-only-pump","index":4,"ms":31.794875000137836}
{"phase":"sample","name":"archived-only-pump","index":5,"ms":30.18650000030175}
{"phase":"sample","name":"archived-only-pump","index":6,"ms":31.99645800003782}
{"phase":"sample","name":"archived-only-pump","index":7,"ms":30.326791999861598}
{"phase":"sample","name":"archived-only-pump","index":8,"ms":30.68875000020489}
{"phase":"sample","name":"archived-only-pump","index":9,"ms":29.505082999821752}
{"phase":"sample","name":"archived-only-pump","index":10,"ms":29.510834000073373}
{"phase":"sample","name":"archived-only-pump","index":11,"ms":31.055125000420958}
{"phase":"sample","name":"archived-only-pump","index":12,"ms":30.180916000157595}
{"phase":"sample","name":"archived-only-pump","index":13,"ms":31.032666999846697}
{"phase":"sample","name":"archived-only-pump","index":14,"ms":29.898124999832362}
{"phase":"sample","name":"archived-only-pump","index":15,"ms":29.54174999985844}
{"phase":"sample","name":"archived-only-pump","index":16,"ms":30.629499999806285}
{"phase":"sample","name":"archived-only-pump","index":17,"ms":30.64254100015387}
{"phase":"sample","name":"archived-only-pump","index":18,"ms":31.17975000012666}
{"phase":"sample","name":"archived-only-pump","index":19,"ms":29.637583000119776}
{"phase":"sample","name":"archived-only-pump","index":20,"ms":29.56375000020489}
{"phase":"sample","name":"archived-only-pump","index":21,"ms":29.430124999955297}
{"phase":"sample","name":"archived-only-pump","index":22,"ms":29.820208000019193}
{"phase":"sample","name":"archived-only-pump","index":23,"ms":29.44958300003782}
{"phase":"sample","name":"archived-only-pump","index":24,"ms":29.532458000350744}
{"phase":"sample","name":"archived-only-pump","index":25,"ms":29.815625000279397}
{"phase":"sample","name":"archived-only-pump","index":26,"ms":29.505459000356495}
{"phase":"sample","name":"archived-only-pump","index":27,"ms":31.855208999942988}
{"phase":"sample","name":"archived-only-pump","index":28,"ms":30.991042000241578}
{"phase":"sample","name":"archived-only-pump","index":29,"ms":29.722415999975055}
{"phase":"sample","name":"archived-only-pump","index":30,"ms":30.753583000041544}
{"name":"archived-only-pump","timing":{"warmup":10,"samples":30,"rawMs":[31.642333999741822,29.469250000081956,30.288166999816895,31.794875000137836,30.18650000030175,31.99645800003782,30.326791999861598,30.68875000020489,29.505082999821752,29.510834000073373,31.055125000420958,30.180916000157595,31.032666999846697,29.898124999832362,29.54174999985844,30.629499999806285,30.64254100015387,31.17975000012666,29.637583000119776,29.56375000020489,29.430124999955297,29.820208000019193,29.44958300003782,29.532458000350744,29.815625000279397,29.505459000356495,31.855208999942988,30.991042000241578,29.722415999975055,30.753583000041544],"min":29.430124999955297,"max":31.99645800003782,"p50":30.180916000157595,"p95":31.855208999942988},"outputDigest":"1ae4bb8018a817da834b6f7766dae34b6a41447489b9d8dfe2d2c8b3278b305e","calls":{"handler":300,"probe":0,"accept":0}}
{"phase":"warmup","name":"mixed-pump","index":1,"ms":1852.1605420000851}
{"phase":"warmup","name":"mixed-pump","index":2,"ms":1849.086791999638}
{"phase":"warmup","name":"mixed-pump","index":3,"ms":1884.674209000077}
{"phase":"warmup","name":"mixed-pump","index":4,"ms":1880.3518750001676}
{"phase":"warmup","name":"mixed-pump","index":5,"ms":1812.1442499998957}
{"phase":"warmup","name":"mixed-pump","index":6,"ms":1825.8388749998994}
{"phase":"warmup","name":"mixed-pump","index":7,"ms":1823.1672920002602}
{"phase":"warmup","name":"mixed-pump","index":8,"ms":1841.394375000149}
{"phase":"warmup","name":"mixed-pump","index":9,"ms":1826.3479999997653}
{"phase":"warmup","name":"mixed-pump","index":10,"ms":1957.227208999917}
{"phase":"sample","name":"mixed-pump","index":1,"ms":1817.723000000231}
{"phase":"sample","name":"mixed-pump","index":2,"ms":1818.729624999687}
{"phase":"sample","name":"mixed-pump","index":3,"ms":1826.4041250003502}
{"phase":"sample","name":"mixed-pump","index":4,"ms":1808.3063749996945}
{"phase":"sample","name":"mixed-pump","index":5,"ms":1836.061749999877}
{"phase":"sample","name":"mixed-pump","index":6,"ms":1822.8572909999639}
{"phase":"sample","name":"mixed-pump","index":7,"ms":1969.8139170003124}
{"phase":"sample","name":"mixed-pump","index":8,"ms":1807.3052920000628}
{"phase":"sample","name":"mixed-pump","index":9,"ms":1812.106625000015}
{"phase":"sample","name":"mixed-pump","index":10,"ms":1825.6985420002602}
{"phase":"sample","name":"mixed-pump","index":11,"ms":1807.9401670000516}
{"phase":"sample","name":"mixed-pump","index":12,"ms":1844.355709000025}
{"phase":"sample","name":"mixed-pump","index":13,"ms":1929.9797499999404}
{"phase":"sample","name":"mixed-pump","index":14,"ms":1834.5475420001894}
{"phase":"sample","name":"mixed-pump","index":15,"ms":1809.6754589998163}
{"phase":"sample","name":"mixed-pump","index":16,"ms":1824.7641249997541}
{"phase":"sample","name":"mixed-pump","index":17,"ms":1831.8788330000825}
{"phase":"sample","name":"mixed-pump","index":18,"ms":1816.430999999866}
{"phase":"sample","name":"mixed-pump","index":19,"ms":1845.2401250000112}
{"phase":"sample","name":"mixed-pump","index":20,"ms":1933.595958000049}
{"phase":"sample","name":"mixed-pump","index":21,"ms":1824.8793750000186}
{"phase":"sample","name":"mixed-pump","index":22,"ms":1809.3301249998622}
{"phase":"sample","name":"mixed-pump","index":23,"ms":1807.3332909997553}
{"phase":"sample","name":"mixed-pump","index":24,"ms":1919.825290999841}
{"phase":"sample","name":"mixed-pump","index":25,"ms":1808.0445840000175}
{"phase":"sample","name":"mixed-pump","index":26,"ms":1957.2587079997174}
{"phase":"sample","name":"mixed-pump","index":27,"ms":1814.2905419999734}
{"phase":"sample","name":"mixed-pump","index":28,"ms":1820.1997080002911}
{"phase":"sample","name":"mixed-pump","index":29,"ms":1814.45866700029}
{"phase":"sample","name":"mixed-pump","index":30,"ms":1820.7947080000304}
{"name":"mixed-pump","timing":{"warmup":10,"samples":30,"rawMs":[1817.723000000231,1818.729624999687,1826.4041250003502,1808.3063749996945,1836.061749999877,1822.8572909999639,1969.8139170003124,1807.3052920000628,1812.106625000015,1825.6985420002602,1807.9401670000516,1844.355709000025,1929.9797499999404,1834.5475420001894,1809.6754589998163,1824.7641249997541,1831.8788330000825,1816.430999999866,1845.2401250000112,1933.595958000049,1824.8793750000186,1809.3301249998622,1807.3332909997553,1919.825290999841,1808.0445840000175,1957.2587079997174,1814.2905419999734,1820.1997080002911,1814.45866700029,1820.7947080000304],"min":1807.3052920000628,"max":1969.8139170003124,"p50":1820.7947080000304,"p95":1957.2587079997174},"outputDigest":"33a58e0b3a2f5b6aac9422dcd04cb05131e3100f47d6bda8d096fbe50661242c","calls":{"handler":399,"probe":198,"accept":0}}
{"result":"/private/tmp/od9/performance-before-final/result.json","manifest":{"liveGroups":100,"archivedGroups":100,"tasks":5000,"dependencies":9700,"runs":100,"pendingTargetWakes":300},"initialDigest":"849f0db18d6d00f2e1024d1c71c74219486aa88e4cb33f7a4380a9646ec5d21e","refusalDigest":"c9675ffe16bf99584b12150bb50865caf183441f346dc9321ba54faab442afdc","equivalent":false}
