6d26e77ff8',
        kind: 'budget-estimate'
      },
+     [Object: null prototype] {
-     {
        body: '{"executionSnapshotHash":"7f26feae05827f4a3bb3528c62b7894b0c6dec7be8a78a2d22b41dd3e75dbdd1","groupId":"live-028","startRevision":3}',
        delivered: 1,
        group_id: 'live-028',
        id: 'scheduler-wake:live-028:3',
        kind: 'start'
      },
+     [Object: null prototype] {
-     {
        body: '{"groupId":"live-029","estimateId":"estimate-dd96d5ca6ae6d12dc815947e","planHash":"70d8caa677ec17a0da3a38f06f13ea0af39fe9f371659eb7d8dc7de4766ceeb7"}',
        delivered: 1,
        group_id: 'live-029',
        id: 'scheduler-wake:live-029:estimate:estimate-dd96d5ca6ae6d12dc815947e',
        kind: 'budget-estimate'
      },
+     [Object: null prototype] {
-     {
        body: '{"executionSnapshotHash":"4a96caca6877ad3a21b1e71fc56c375694d62f8a79b930d858fdbb3b7b38f8cb","groupId":"live-029","startRevision":3}',
        delivered: 1,
        group_id: 'live-029',
        id: 'scheduler-wake:live-029:3',
        kind: 'start'
      },
+     [Object: null prototype] {
-     {
        body: '{"groupId":"live-030","estimateId":"estimate-a9c9769eabc553d440b33a3f","planHash":"70d8caa677ec17a0da3a38f06f13ea0af39fe9f371659eb7d8dc7de4766ceeb7"}',
        delivered: 1,
        group_id: 'live-030',
        id: 'scheduler-wake:live-030:estimate:estimate-a9c9769eabc553d440b33a3f',
        kind: 'budget-estimate'
      },
+     [Object: null prototype] {
-     {
        body: '{"executionSnapshotHash":"94712b18ae6e00c006c03c6329341aa5101e391a9a68b6ce7dbb3bd0d09a3f44","groupId":"live-030","startRevision":3}',
        delivered: 1,
        group_id: 'live-030',
        id: 'scheduler-wake:live-030:3',
        kind: 'start'
      },
+     [Object: null prototype] {
-     {
        body: '{"groupId":"live-031","estimateId":"estimate-aa5d1b149442b03ccd1a8891","planHash":"70d8caa677ec17a0da3a38f06f13ea0af39fe9f371659eb7d8dc7de4766ceeb7"}',
        delivered: 1,
        group_id: 'live-031',
        id: 'scheduler-wake:live-031:estimate:estimate-aa5d1b149442b03ccd1a8891',
        kind: 'budget-estimate'
      },
+     [Object: null prototype] {
-     {
        body: '{"executionSnapshotHash":"90b3a1e59d13465a6d761d59cd857829991507dbe5fbd538d5510a96afe29b90","groupId":"live-031","startRevision":3}',
        delivered: 1,
        group_id: 'live-031',
        id: 'scheduler-wake:live-031:3',
        kind: 'start'
      },
+     [Object: null prototype] {
-     {
        body: '{"groupId":"live-032","estimateId":"estimate-ac214bbd6ea262192ad8a836","planHash":"70d8caa677ec17a0da3a38f06f13ea0af39fe9f371659eb7d8dc7de4766ceeb7"}',
        delivered: 1,
        group_id: 'live-032',
        id: 'scheduler-wake:live-032:estimate:estimate-ac214bbd6ea262192ad8a836',
        kind: 'budget-estimate'
      },
+     [Object: null prototype] {
-     {
        body: '{"executionSnapshotHash":"10ef4b39a272854a97eabb87dede3e654101ecb6c434f906c71441ab86ab8620","groupId":"live-032","startRevision":3}',
        delivered: 1,
        group_id: 'live-032',
        id: 'scheduler-wake:live-032:3',
        kind: 'start'
      },
+     [Object: null prototype] {
-     {
        body: '{"groupId":"live-033","estimateId":"estimate-265cb1da8406f83678e3038c","planHash":"70d8caa677ec17a0da3a38f06f13ea0af39fe9f371659eb7d8dc7de4766ceeb7"}',
        delivered: 1,
        group_id: 'live-033',
        id: 'scheduler-wake:live-033:estimate:estimate-265cb1da8406f83678e3038c',
        kind: 'budget-estimate'
      },
+     [Object: null prototype] {
-     {
        body: '{"executionSnapshotHash":"21d857953718bb628e5fe4ae46752d1d2a52f2297626f56401290b9d819d8d35","groupId":"live-033","startRevision":3}',
        delivered: 1,
        group_id: 'live-033',
        id: 'scheduler-wake:live-033:3',
        kind: 'start'
      },
+     [Object: null prototype] {
-     {
        body: '{"groupId":"live-034","estimateId":"estimate-0dd2661c3996b913e1fc87e8","planHash":"70d8caa677ec17a0da3a38f06f13ea0af39fe9f371659eb7d8dc7de4766ceeb7"}',
        delivered: 1,
        group_id: 'live-034',
        id: 'scheduler-wake:live-034:estimate:estimate-0dd2661c3996b913e1fc87e8',
        kind: 'budget-estimate'
      },
+     [Object: null prototype] {
-     {
        body: '{"executionSnapshotHash":"3a92cbdb11ff1dd2196bfd7e8d2b3ca06041e32d03d2a17b0257414aa93ae492","groupId":"live-034","startRevision":3}',
        delivered: 1,
        group_id: 'live-034',
        id: 'scheduler-wake:live-034:3',
        kind: 'start'
      },
+     [Object: null prototype] {
-     {
        body: '{"groupId":"live-035","estimateId":"estimate-5c4f9fe3128feabbb9434a83","planHash":"70d8caa677ec17a0da3a38f06f13ea0af39fe9f371659eb7d8dc7de4766ceeb7"}',
        delivered: 1,
        group_id: 'live-035',
        id: 'scheduler-wake:live-035:estimate:estimate-5c4f9fe3128feabbb9434a83',
        kind: 'budget-estimate'
      },
+     [Object: null prototype] {
-     {
        body: '{"executionSnapshotHash":"0ce30ebf8314960bdb01e7dd1afa5bcdb4ffff53e21a5281db00d09a0127af7d","groupId":"live-035","startRevision":3}',
        delivered: 1,
        group_id: 'live-035',
        id: 'scheduler-wake:live-035:3',
        kind: 'start'
      },
+     [Object: null prototype] {
-     {
        body: '{"groupId":"live-036","estimateId":"estimate-f9ad9d935e0f45a33fe4530d","planHash":"70d8caa677ec17a0da3a38f06f13ea0af39fe9f371659eb7d8dc7de4766ceeb7"}',
        delivered: 1,
        group_id: 'live-036',
        id: 'scheduler-wake:live-036:estimate:estimate-f9ad9d935e0f45a33fe4530d',
        kind: 'budget-estimate'
      },
+     [Object: null prototype] {
-     {
        body: '{"executionSnapshotHash":"afc2e2937c175eac5540a1f4a8b6315c541b9cfbdd0a36ee136521265c8a7e33","groupId":"live-036","startRevision":3}',
        delivered: 1,
        group_id: 'live-036',
        id: 'scheduler-wake:live-036:3',
        kind: 'start'
      },
+     [Object: null prototype] {
-     {
        body: '{"groupId":"live-037","estimateId":"estimate-3909b431d1d268426b197b3b","planHash":"70d8caa677ec17a0da3a38f06f13ea0af39fe9f371659eb7d8dc7de4766ceeb7"}',
        delivered: 1,
        group_id: 'live-037',
        id: 'scheduler-wake:live-037:estimate:estimate-3909b431d1d268426b197b3b',
        kind: 'budget-estimate'
      },
+     [Object: null prototype] {
-     {
        body: '{"executionSnapshotHash":"e3026c7b92ba8a0e94721ebab108078199a85a53d9853a646617db82be8a5d00","groupId":"live-037","startRevision":3}',
        delivered: 1,
        group_id: 'live-037',
        id: 'scheduler-wake:live-037:3',
        kind: 'start'
      },
+     [Object: null prototype] {
-     {
        body: '{"groupId":"live-038","estimateId":"estimate-1b3dede7244cd5f7112dcf0c","planHash":"70d8caa677ec17a0da3a38f06f13ea0af39fe9f371659eb7d8dc7de4766ceeb7"}',
        delivered: 1,
        group_id: 'live-038',
        id: 'scheduler-wake:live-038:estimate:estimate-1b3dede7244cd5f7112dcf0c',
        kind: 'budget-estimate'
      },
+     [Object: null prototype] {
-     {
        body: '{"executionSnapshotHash":"0c9c06ee0fe9ec396ef9ef9ee9885cc21d8ca4d15c741c125fe9b6c1b15fb82b","groupId":"live-038","startRevision":3}',
        delivered: 1,
        group_id: 'live-038',
        id: 'scheduler-wake:live-038:3',
        kind: 'start'
      },
+     [Object: null prototype] {
-     {
        body: '{"groupId":"live-039","estimateId":"estimate-b2d91f04a891a87a94f8e193","planHash":"70d8caa677ec17a0da3a38f06f13ea0af39fe9f371659eb7d8dc7de4766ceeb7"}',
        delivered: 1,
        group_id: 'live-039',
        id: 'scheduler-wake:live-039:estimate:estimate-b2d91f04a891a87a94f8e193',
        kind: 'budget-estimate'
      },
+     [Object: null prototype] {
-     {
        body: '{"executionSnapshotHash":"056f891f127373867fcca431e4b33301fde21dfe08ff282be726cc5c93059828","groupId":"live-039","startRevision":3}',
        delivered: 1,
        group_id: 'live-039',
        id: 'scheduler-wake:live-039:3',
        kind: 'start'
      },
+     [Object: null prototype] {
-     {
        body: '{"groupId":"live-040","estimateId":"estimate-e1a0ae4afe8d561fb7991925","planHash":"70d8caa677ec17a0da3a38f06f13ea0af39fe9f371659eb7d8dc7de4766ceeb7"}',
        delivered: 1,
        group_id: 'live-040',
        id: 'scheduler-wake:live-040:estimate:estimate-e1a0ae4afe8d561fb7991925',
        kind: 'budget-estimate'
      },
+     [Object: null prototype] {
-     {
        body: '{"executionSnapshotHash":"eb00aaa1081cc806365b31401ded4e9153fbeb409bc4a6ab32c342bd30f1ee7b","groupId":"live-040","startRevision":3}',
        delivered: 1,
        group_id: 'live-040',
        id: 'scheduler-wake:live-040:3',
        kind: 'start'
      },
+     [Object: null prototype] {
-     {
        body: '{"groupId":"live-041","estimateId":"estimate-16498742473c9dc110bf138f","planHash":"70d8caa677ec17a0da3a38f06f13ea0af39fe9f371659eb7d8dc7de4766ceeb7"}',
        delivered: 1,
        group_id: 'live-041',
        id: 'scheduler-wake:live-041:estimate:estimate-16498742473c9dc110bf138f',
        kind: 'budget-estimate'
      },
+     [Object: null prototype] {
-     {
        body: '{"executionSnapshotHash":"35de5e0239a1cf3203615b107dece941318941721608b5d6988b9251f4d49ef4","groupId":"live-041","startRevision":3}',
        delivered: 1,
        group_id: 'live-041',
        id: 'scheduler-wake:live-041:3',
        kind: 'start'
      },
+     [Object: null prototype] {
-     {
        body: '{"groupId":"live-042","estimateId":"estimate-410c1bf8104f79737c146f40","planHash":"70d8caa677ec17a0da3a38f06f13ea0af39fe9f371659eb7d8dc7de4766ceeb7"}',
        delivered: 1,
        group_id: 'live-042',
        id: 'scheduler-wake:live-042:estimate:estimate-410c1bf8104f79737c146f40',
        kind: 'budget-estimate'
      },
+     [Object: null prototype] {
-     {
        body: '{"executionSnapshotHash":"169c24893340e6dead62f7085e4491e3369f61e4f506cb0612caa2a7633c0c92","groupId":"live-042","startRevision":3}'