Id":"estimate-e6cbbe0a8a4b7bac930b0348","planHash":"70d8caa677ec17a0da3a38f06f13ea0af39fe9f371659eb7d8dc7de4766ceeb7"}',
        delivered: 1,
        group_id: 'live-014',
        id: 'scheduler-wake:live-014:estimate:estimate-e6cbbe0a8a4b7bac930b0348',
        kind: 'budget-estimate'
      },
+     [Object: null prototype] {
-     {
        body: '{"executionSnapshotHash":"931fe07c7cd6f160278df7b917eefe41a30bc76d65580a8f51e9c8c1ae91acef","groupId":"live-014","startRevision":3}',
        delivered: 1,
        group_id: 'live-014',
        id: 'scheduler-wake:live-014:3',
        kind: 'start'
      },
+     [Object: null prototype] {
-     {
        body: '{"groupId":"live-015","estimateId":"estimate-6761253624db712e8e857148","planHash":"70d8caa677ec17a0da3a38f06f13ea0af39fe9f371659eb7d8dc7de4766ceeb7"}',
        delivered: 1,
        group_id: 'live-015',
        id: 'scheduler-wake:live-015:estimate:estimate-6761253624db712e8e857148',
        kind: 'budget-estimate'
      },
+     [Object: null prototype] {
-     {
        body: '{"executionSnapshotHash":"4addba8f9c7f5d72ed860b9cca049d7645f43753da4e99524de8645cdeb50ece","groupId":"live-015","startRevision":3}',
        delivered: 1,
        group_id: 'live-015',
        id: 'scheduler-wake:live-015:3',
        kind: 'start'
      },
+     [Object: null prototype] {
-     {
        body: '{"groupId":"live-016","estimateId":"estimate-8c3974101c10e57c0ce34845","planHash":"70d8caa677ec17a0da3a38f06f13ea0af39fe9f371659eb7d8dc7de4766ceeb7"}',
        delivered: 1,
        group_id: 'live-016',
        id: 'scheduler-wake:live-016:estimate:estimate-8c3974101c10e57c0ce34845',
        kind: 'budget-estimate'
      },
+     [Object: null prototype] {
-     {
        body: '{"executionSnapshotHash":"97927b3dbca9ac082c8fe6868205d50f64d0440638f3e78b80b547cbe8e2fe9c","groupId":"live-016","startRevision":3}',
        delivered: 1,
        group_id: 'live-016',
        id: 'scheduler-wake:live-016:3',
        kind: 'start'
      },
+     [Object: null prototype] {
-     {
        body: '{"groupId":"live-017","estimateId":"estimate-890b4769620f81178017f7df","planHash":"70d8caa677ec17a0da3a38f06f13ea0af39fe9f371659eb7d8dc7de4766ceeb7"}',
        delivered: 1,
        group_id: 'live-017',
        id: 'scheduler-wake:live-017:estimate:estimate-890b4769620f81178017f7df',
        kind: 'budget-estimate'
      },
+     [Object: null prototype] {
-     {
        body: '{"executionSnapshotHash":"c1af8f6470a08db050de5a1f3aa17b777140052d7be9b21d2b847d8c601fac93","groupId":"live-017","startRevision":3}',
        delivered: 1,
        group_id: 'live-017',
        id: 'scheduler-wake:live-017:3',
        kind: 'start'
      },
+     [Object: null prototype] {
-     {
        body: '{"groupId":"live-018","estimateId":"estimate-4b97a04e1c433881a09eee31","planHash":"70d8caa677ec17a0da3a38f06f13ea0af39fe9f371659eb7d8dc7de4766ceeb7"}',
        delivered: 1,
        group_id: 'live-018',
        id: 'scheduler-wake:live-018:estimate:estimate-4b97a04e1c433881a09eee31',
        kind: 'budget-estimate'
      },
+     [Object: null prototype] {
-     {
        body: '{"executionSnapshotHash":"4c8b1a017cf1037160ad7eaed3690e3c7aa076b9b20bc8e0300300a7742ed184","groupId":"live-018","startRevision":3}',
        delivered: 1,
        group_id: 'live-018',
        id: 'scheduler-wake:live-018:3',
        kind: 'start'
      },
+     [Object: null prototype] {
-     {
        body: '{"groupId":"live-019","estimateId":"estimate-44a14d46987cd3f67856c10c","planHash":"70d8caa677ec17a0da3a38f06f13ea0af39fe9f371659eb7d8dc7de4766ceeb7"}',
        delivered: 1,
        group_id: 'live-019',
        id: 'scheduler-wake:live-019:estimate:estimate-44a14d46987cd3f67856c10c',
        kind: 'budget-estimate'
      },
+     [Object: null prototype] {
-     {
        body: '{"executionSnapshotHash":"d44fa9adaf96b04683167ead320a8a5d6b0709747dee43e2df35002dda9df64f","groupId":"live-019","startRevision":3}',
        delivered: 1,
        group_id: 'live-019',
        id: 'scheduler-wake:live-019:3',
        kind: 'start'
      },
+     [Object: null prototype] {
-     {
        body: '{"groupId":"live-020","estimateId":"estimate-70baff4cb86fcd4fba46d8ba","planHash":"70d8caa677ec17a0da3a38f06f13ea0af39fe9f371659eb7d8dc7de4766ceeb7"}',
        delivered: 1,
        group_id: 'live-020',
        id: 'scheduler-wake:live-020:estimate:estimate-70baff4cb86fcd4fba46d8ba',
        kind: 'budget-estimate'
      },
+     [Object: null prototype] {
-     {
        body: '{"executionSnapshotHash":"7e469b4d45488e7017c06cbbacbd65df27d76621d59c4c10d9db18fac0a2b7a6","groupId":"live-020","startRevision":3}',
        delivered: 1,
        group_id: 'live-020',
        id: 'scheduler-wake:live-020:3',
        kind: 'start'
      },
+     [Object: null prototype] {
-     {
        body: '{"groupId":"live-021","estimateId":"estimate-3cbae6d2d013c76001ce56b5","planHash":"70d8caa677ec17a0da3a38f06f13ea0af39fe9f371659eb7d8dc7de4766ceeb7"}',
        delivered: 1,
        group_id: 'live-021',
        id: 'scheduler-wake:live-021:estimate:estimate-3cbae6d2d013c76001ce56b5',
        kind: 'budget-estimate'
      },
+     [Object: null prototype] {
-     {
        body: '{"executionSnapshotHash":"2382a421eea330dc907f101d37225e3672109362f7844acbd0701f3721c99cc8","groupId":"live-021","startRevision":3}',
        delivered: 1,
        group_id: 'live-021',
        id: 'scheduler-wake:live-021:3',
        kind: 'start'
      },
+     [Object: null prototype] {
-     {
        body: '{"groupId":"live-022","estimateId":"estimate-7a3c9a3a595570cb1e3b2b99","planHash":"70d8caa677ec17a0da3a38f06f13ea0af39fe9f371659eb7d8dc7de4766ceeb7"}',
        delivered: 1,
        group_id: 'live-022',
        id: 'scheduler-wake:live-022:estimate:estimate-7a3c9a3a595570cb1e3b2b99',
        kind: 'budget-estimate'
      },
+     [Object: null prototype] {
-     {
        body: '{"executionSnapshotHash":"4c692437cc924e91898da2f55c98f22b72babd9566aeae1ba3a15bd21fe8a098","groupId":"live-022","startRevision":3}',
        delivered: 1,
        group_id: 'live-022',
        id: 'scheduler-wake:live-022:3',
        kind: 'start'
      },
+     [Object: null prototype] {
-     {
        body: '{"groupId":"live-023","estimateId":"estimate-918ce0b6c47033ca89c441e6","planHash":"70d8caa677ec17a0da3a38f06f13ea0af39fe9f371659eb7d8dc7de4766ceeb7"}',
        delivered: 1,
        group_id: 'live-023',
        id: 'scheduler-wake:live-023:estimate:estimate-918ce0b6c47033ca89c441e6',
        kind: 'budget-estimate'
      },
+     [Object: null prototype] {
-     {
        body: '{"executionSnapshotHash":"bc713ca54b6ffadf8d12caa1c753a651379474dea152e257c93486568821e2e7","groupId":"live-023","startRevision":3}',
        delivered: 1,
        group_id: 'live-023',
        id: 'scheduler-wake:live-023:3',
        kind: 'start'
      },
+     [Object: null prototype] {
-     {
        body: '{"groupId":"live-024","estimateId":"estimate-4e9b253268d17fcd1b016c9d","planHash":"70d8caa677ec17a0da3a38f06f13ea0af39fe9f371659eb7d8dc7de4766ceeb7"}',
        delivered: 1,
        group_id: 'live-024',
        id: 'scheduler-wake:live-024:estimate:estimate-4e9b253268d17fcd1b016c9d',
        kind: 'budget-estimate'
      },
+     [Object: null prototype] {
-     {
        body: '{"executionSnapshotHash":"158ece1dabbc1f1bdf5a6d8fe93462b8db3026094a211efb29a5bd92854cfd8b","groupId":"live-024","startRevision":3}',
        delivered: 1,
        group_id: 'live-024',
        id: 'scheduler-wake:live-024:3',
        kind: 'start'
      },
+     [Object: null prototype] {
-     {
        body: '{"groupId":"live-025","estimateId":"estimate-1efc47ad0931d24bd3c6b527","planHash":"70d8caa677ec17a0da3a38f06f13ea0af39fe9f371659eb7d8dc7de4766ceeb7"}',
        delivered: 1,
        group_id: 'live-025',
        id: 'scheduler-wake:live-025:estimate:estimate-1efc47ad0931d24bd3c6b527',
        kind: 'budget-estimate'
      },
+     [Object: null prototype] {
-     {
        body: '{"executionSnapshotHash":"798646b7fdc4619a4e3dc2c4548966f51dd9c4ceed1e4f8246396ed8c5bc26e5","groupId":"live-025","startRevision":3}',
        delivered: 1,
        group_id: 'live-025',
        id: 'scheduler-wake:live-025:3',
        kind: 'start'
      },
+     [Object: null prototype] {
-     {
        body: '{"groupId":"live-026","estimateId":"estimate-81c544d46a2dac713331ac09","planHash":"70d8caa677ec17a0da3a38f06f13ea0af39fe9f371659eb7d8dc7de4766ceeb7"}',
        delivered: 1,
        group_id: 'live-026',
        id: 'scheduler-wake:live-026:estimate:estimate-81c544d46a2dac713331ac09',
        kind: 'budget-estimate'
      },
+     [Object: null prototype] {
-     {
        body: '{"executionSnapshotHash":"944c903a39427b5d6be848c1c4789bdb825e5772cfc0c9cbafc4c25dc323deb1","groupId":"live-026","startRevision":3}',
        delivered: 1,
        group_id: 'live-026',
        id: 'scheduler-wake:live-026:3',
        kind: 'start'
      },
+     [Object: null prototype] {
-     {
        body: '{"groupId":"live-027","estimateId":"estimate-73001d375ec04d960f34a580","planHash":"70d8caa677ec17a0da3a38f06f13ea0af39fe9f371659eb7d8dc7de4766ceeb7"}',
        delivered: 1,
        group_id: 'live-027',
        id: 'scheduler-wake:live-027:estimate:estimate-73001d375ec04d960f34a580',
        kind: 'budget-estimate'
      },
+     [Object: null prototype] {
-     {
        body: '{"executionSnapshotHash":"ff9e0a6b5a5723feb56e2cf977cf8847bc5e3d56acedbe089eb21b7e842f6dc7","groupId":"live-027","startRevision":3}',
        delivered: 1,
        group_id: 'live-027',
        id: 'scheduler-wake:live-027:3',
        kind: 'start'
      },
+     [Object: null prototype] {
-     {
        body: '{"groupId":"live-028","estimateId":"estimate-9f7772f22fa83e6d26e77ff8","planHash":"70d8caa677ec17a0da3a38f06f13ea0af39fe9f371659eb7d8dc7de4766ceeb7"}',
        delivered: 1,
        group_id: 'live-028',
        id: 'scheduler-wake:live-028:estimate:estimate-9f7772f22fa83e