kind: 'no-start'
      },
+     [Object: null prototype] {
-     {
        body: '{"groupId":"archive-037","startRevision":1}',
        delivered: 0,
        group_id: 'archive-037',
        id: 'archive-037:resume',
        kind: 'resume'
      },
+     [Object: null prototype] {
-     {
        body: '{"groupId":"archive-038","estimateId":"estimate-8fba2cbb7983a66b0bacff27","planHash":"1e6261b5fe36755502989b040c2cbc5115902c16db48f7b351c39c6913672b8c"}',
        delivered: 1,
        group_id: 'archive-038',
        id: 'scheduler-wake:archive-038:estimate:estimate-8fba2cbb7983a66b0bacff27',
        kind: 'budget-estimate'
      },
+     [Object: null prototype] {
-     {
        body: '{"groupId":"archive-038","startRevision":1}',
        delivered: 0,
        group_id: 'archive-038',
        id: 'archive-038:start',
        kind: 'start'
      },
+     [Object: null prototype] {
-     {
        body: '{"groupId":"archive-038","startRevision":1}',
        delivered: 0,
        group_id: 'archive-038',
        id: 'archive-038:no-start',
        kind: 'no-start'
      },
+     [Object: null prototype] {
-     {
        body: '{"groupId":"archive-038","startRevision":1}',
        delivered: 0,
        group_id: 'archive-038',
        id: 'archive-038:resume',
        kind: 'resume'
      },
+     [Object: null prototype] {
-     {
        body: '{"groupId":"archive-039","estimateId":"estimate-40b76a833885a8888c049276","planHash":"1e6261b5fe36755502989b040c2cbc5115902c16db48f7b351c39c6913672b8c"}',
        delivered: 1,
        group_id: 'archive-039',
        id: 'scheduler-wake:archive-039:estimate:estimate-40b76a833885a8888c049276',
        kind: 'budget-estimate'
      },
+     [Object: null prototype] {
-     {
        body: '{"groupId":"archive-039","startRevision":1}',
        delivered: 0,
        group_id: 'archive-039',
        id: 'archive-039:start',
        kind: 'start'
      },
+     [Object: null prototype] {
-     {
        body: '{"groupId":"archive-039","startRevision":1}',
        delivered: 0,
        group_id: 'archive-039',
        id: 'archive-039:no-start',
        kind: 'no-start'
      },
+     [Object: null prototype] {
-     {
        body: '{"groupId":"archive-039","startRevision":1}',
        delivered: 0,
        group_id: 'archive-039',
        id: 'archive-039:resume',
        kind: 'resume'
      },
+     [Object: null prototype] {
-     {
        body: '{"groupId":"archive-040","estimateId":"estimate-eac9b49e1c2f31564565f419","planHash":"1e6261b5fe36755502989b040c2cbc5115902c16db48f7b351c39c6913672b8c"}',
        delivered: 1,
        group_id: 'archive-040',
        id: 'scheduler-wake:archive-040:estimate:estimate-eac9b49e1c2f31564565f419',
        kind: 'budget-estimate'
      },
+     [Object: null prototype] {
-     {
        body: '{"groupId":"archive-040","startRevision":1}',
        delivered: 0,
        group_id: 'archive-040',
        id: 'archive-040:start',
        kind: 'start'
      },
+     [Object: null prototype] {
-     {
        body: '{"groupId":"archive-040","startRevision":1}',
        delivered: 0,
        group_id: 'archive-040',
        id: 'archive-040:no-start',
        kind: 'no-start'
      },
+     [Object: null prototype] {
-     {
        body: '{"groupId":"archive-040","startRevision":1}',
        delivered: 0,
        group_id: 'archive-040',
        id: 'archive-040:resume',
        kind: 'resume'
      },
+     [Object: null prototype] {
-     {
        body: '{"groupId":"archive-041","estimateId":"estimate-6c30758c45229987b807fd1c","planHash":"1e6261b5fe36755502989b040c2cbc5115902c16db48f7b351c39c6913672b8c"}',
        delivered: 1,
        group_id: 'archive-041',
        id: 'scheduler-wake:archive-041:estimate:estimate-6c30758c45229987b807fd1c',
        kind: 'budget-estimate'
      },
+     [Object: null prototype] {
-     {
        body: '{"groupId":"archive-041","startRevision":1}',
        delivered: 0,
        group_id: 'archive-041',
        id: 'archive-041:start',
        kind: 'start'
      },
+     [Object: null prototype] {
-     {
        body: '{"groupId":"archive-041","startRevision":1}',
        delivered: 0,
        group_id: 'archive-041',
        id: 'archive-041:no-start',
        kind: 'no-start'
      },
+     [Object: null prototype] {
-     {
        body: '{"groupId":"archive-041","startRevision":1}',
        delivered: 0,
        group_id: 'archive-041',
        id: 'archive-041:resume',
        kind: 'resume'
      },
+     [Object: null prototype] {
-     {
        body: '{"groupId":"archive-042","estimateId":"estimate-7f9ecf16f9abec52bef9790c","planHash":"1e6261b5fe36755502989b040c2cbc5115902c16db48f7b351c39c6913672b8c"}',
        delivered: 1,
        group_id: 'archive-042',
        id: 'scheduler-wake:archive-042:estimate:estimate-7f9ecf16f9abec52bef9790c',
        kind: 'budget-estimate'
      },
+     [Object: null prototype] {
-     {
        body: '{"groupId":"archive-042","startRevision":1}',
        delivered: 0,
        group_id: 'archive-042',
        id: 'archive-042:start',
        kind: 'start'
      },
+     [Object: null prototype] {
-     {
        body: '{"groupId":"archive-042","startRevision":1}',
        delivered: 0,
        group_id: 'archive-042',
        id: 'archive-042:no-start',
        kind: 'no-start'
      },
+     [Object: null prototype] {
-     {
        body: '{"groupId":"archive-042","startRevision":1}',
        delivered: 0,
        group_id: 'archive-042',
        id: 'archive-042:resume',
        kind: 'resume'
      },
+     [Object: null prototype] {
-     {
        body: '{"groupId":"archive-043","estimateId":"estimate-1f3f7a7c5566b1d6dec90186","planHash":"1e6261b5fe36755502989b040c2cbc5115902c16db48f7b351c39c6913672b8c"}',
        delivered: 1,
        group_id: 'archive-043',
        id: 'scheduler-wake:archive-043:estimate:estimate-1f3f7a7c5566b1d6dec90186',
        kind: 'budget-estimate'
      },
+     [Object: null prototype] {
-     {
        body: '{"groupId":"archive-043","startRevision":1}',
        delivered: 0,
        group_id: 'archive-043',
        id: 'archive-043:start',
        kind: 'start'
      },
+     [Object: null prototype] {
-     {
        body: '{"groupId":"archive-043","startRevision":1}',
        delivered: 0,
        group_id: 'archive-043',
        id: 'archive-043:no-start',
        kind: 'no-start'
      },
+     [Object: null prototype] {
-     {
        body: '{"groupId":"archive-043","startRevision":1}',
        delivered: 0,
        group_id: 'archive-043',
        id: 'archive-043:resume',
        kind: 'resume'
      },
+     [Object: null prototype] {
-     {
        body: '{"groupId":"archive-044","estimateId":"estimate-ba07f1bd5ebf28d96a91c75c","planHash":"1e6261b5fe36755502989b040c2cbc5115902c16db48f7b351c39c6913672b8c"}',
        delivered: 1,
        group_id: 'archive-044',
        id: 'scheduler-wake:archive-044:estimate:estimate-ba07f1bd5ebf28d96a91c75c',
        kind: 'budget-estimate'
      },
+     [Object: null prototype] {
-     {
        body: '{"groupId":"archive-044","startRevision":1}',
        delivered: 0,
        group_id: 'archive-044',
        id: 'archive-044:start',
        kind: 'start'
      },
+     [Object: null prototype] {
-     {
        body: '{"groupId":"archive-044","startRevision":1}',
        delivered: 0,
        group_id: 'archive-044',
        id: 'archive-044:no-start',
        kind: 'no-start'
      },
+     [Object: null prototype] {
-     {
        body: '{"groupId":"archive-044","startRevision":1}',
        delivered: 0,
        group_id: 'archive-044',
        id: 'archive-044:resume',
        kind: 'resume'
      },
+     [Object: null prototype] {
-     {
        body: '{"groupId":"archive-045","estimateId":"estimate-ec478ae407582c32d25b28fd","planHash":"1e6261b5fe36755502989b040c2cbc5115902c16db48f7b351c39c6913672b8c"}',
        delivered: 1,
        group_id: 'archive-045',
        id: 'scheduler-wake:archive-045:estimate:estimate-ec478ae407582c32d25b28fd',
        kind: 'budget-estimate'
      },
+     [Object: null prototype] {
-     {
        body: '{"groupId":"archive-045","startRevision":1}',
        delivered: 0,
        group_id: 'archive-045',
        id: 'archive-045:start',
        kind: 'start'
      },
+     [Object: null prototype] {
-     {
        body: '{"groupId":"archive-045","startRevision":1}',
        delivered: 0,
        group_id: 'archive-045',
        id: 'archive-045:no-start',
        kind: 'no-start'
      },
+     [Object: null prototype] {
-     {
        body: '{"groupId":"archive-045","startRevision":1}',
        delivered: 0,
        group_id: 'archive-045',
        id: 'archive-045:resume',
        kind: 'resume'
      },
+     [Object: null prototype] {
-     {
        body: '{"groupId":"archive-046","estimateId":"estimate-497a6fcdfef524995df0cdc9","planHash":"1e6261b5fe36755502989b040c2cbc5115902c16db48f7b351c39c6913672b8c"}',
        delivered: 1,
        group_id: 'archive-046',
        id: 'scheduler-wake:archive-046:estimate:estimate-497a6fcdfef524995df0cdc9',
        kind: 'budget-estimate'
      },
+     [Object: null prototype] {
-     {
        body: '{"groupId":"archive-046","startRevision":1}',
        delivered: 0,
        group_id: 'archive-046',
        id: 'archive-046:start',
        kind: 'start'
      },
+     [Object: null prototype] {
-     {
        body: '{"groupId":"archive-046","startRevision":1}',
        delivered: 0,
        group_id: 'archive-046',
        id: 'archive-046:no-start',
        kind: 'no-start'
      },
+     [Object: null prototype] {
-     {
        body: '{"groupId":"archive-046","startRevision":1}',
        delivered: 0,
        group_id: 'archive-046',
        id: 'archive-046:resume',
        kind: 'resume'
      },
+     [Object: null prototype] {
-     {
        body: '{"groupId":"archive-047","estimateId":"estimate-7ac71be2048f7da38f3a72e0","planHash":"1e6261b5fe36755502989b040c2cbc5115902c16db