{"phase":"sample","name":"retention-reset","index":19,"ms":1804.4380420000525}
{"phase":"sample","name":"retention-reset","index":20,"ms":1936.487124999985}
{"phase":"sample","name":"retention-reset","index":21,"ms":1757.1454580000136}
{"phase":"sample","name":"retention-reset","index":22,"ms":1760.0639589999919}
{"phase":"sample","name":"retention-reset","index":23,"ms":1754.9554580000113}
{"phase":"sample","name":"retention-reset","index":24,"ms":1765.031667000032}
{"phase":"sample","name":"retention-reset","index":25,"ms":1753.9183750000084}
{"phase":"sample","name":"retention-reset","index":26,"ms":1789.8915830000187}
{"phase":"sample","name":"retention-reset","index":27,"ms":1758.9413749999949}
{"phase":"sample","name":"retention-reset","index":28,"ms":1776.298124999972}
{"phase":"sample","name":"retention-reset","index":29,"ms":1821.1388750000042}
{"phase":"sample","name":"retention-reset","index":30,"ms":1924.626500000013}
{"name":"retention-reset","timing":{"warmup":10,"samples":30,"rawMs":[1729.4500829999452,1730.5277079999796,1744.7593329999945,1725.4373749999795,1738.3053749999963,1755.1364579999936,2088.699957999983,1971.935375000001,1797.93429200002,2240.942083000031,1759.5796670000418,1789.328542000032,1759.5370409999741,1803.3627499999711,1776.4330830000108,1790.8725000000559,1786.7449170000036,1777.4924159999937,1804.4380420000525,1936.487124999985,1757.1454580000136,1760.0639589999919,1754.9554580000113,1765.031667000032,1753.9183750000084,1789.8915830000187,1758.9413749999949,1776.298124999972,1821.1388750000042,1924.626500000013],"min":1725.4373749999795,"max":2240.942083000031,"p50":1776.298124999972,"p95":2088.699957999983},"outputDigest":"65124581bfe57c61425b625953ebd73da63872067c787099e9f5836949f014d3","calls":{"handler":0,"probe":0,"accept":0}}
{"phase":"warmup","name":"all-live-changed-incremental","index":1,"ms":1714.744875000033}
{"phase":"warmup","name":"all-live-changed-incremental","index":2,"ms":1685.872417000006}
{"phase":"warmup","name":"all-live-changed-incremental","index":3,"ms":1691.423542000004}
{"phase":"warmup","name":"all-live-changed-incremental","index":4,"ms":1717.2912919999799}
{"phase":"warmup","name":"all-live-changed-incremental","index":5,"ms":1715.9822079999722}
{"phase":"warmup","name":"all-live-changed-incremental","index":6,"ms":1709.5112920000101}
{"phase":"warmup","name":"all-live-changed-incremental","index":7,"ms":1870.0255839999882}
{"phase":"warmup","name":"all-live-changed-incremental","index":8,"ms":1696.9908750000177}
{"phase":"warmup","name":"all-live-changed-incremental","index":9,"ms":1729.2909579999978}
{"phase":"warmup","name":"all-live-changed-incremental","index":10,"ms":1957.6225829999894}
{"phase":"sample","name":"all-live-changed-incremental","index":1,"ms":1728.152833}
{"phase":"sample","name":"all-live-changed-incremental","index":2,"ms":1678.2520830000285}
{"phase":"sample","name":"all-live-changed-incremental","index":3,"ms":1715.2639169999748}
{"phase":"sample","name":"all-live-changed-incremental","index":4,"ms":1683.185541999992}
{"phase":"sample","name":"all-live-changed-incremental","index":5,"ms":1694.5044579999521}
{"phase":"sample","name":"all-live-changed-incremental","index":6,"ms":1711.6632079999545}
{"phase":"sample","name":"all-live-changed-incremental","index":7,"ms":1694.1211250000051}
{"phase":"sample","name":"all-live-changed-incremental","index":8,"ms":1723.1709169999813}
{"phase":"sample","name":"all-live-changed-incremental","index":9,"ms":1663.899207999988}
{"phase":"sample","name":"all-live-changed-incremental","index":10,"ms":1840.3655830000062}
{"phase":"sample","name":"all-live-changed-incremental","index":11,"ms":1663.7586669999873}
{"phase":"sample","name":"all-live-changed-incremental","index":12,"ms":1696.6201669999864}
{"phase":"sample","name":"all-live-changed-incremental","index":13,"ms":1670.1951659999904}
{"phase":"sample","name":"all-live-changed-incremental","index":14,"ms":1708.3074579999666}
{"phase":"sample","name":"all-live-changed-incremental","index":15,"ms":1656.9719159999513}
{"phase":"sample","name":"all-live-changed-incremental","index":16,"ms":1701.586500000034}
{"phase":"sample","name":"all-live-changed-incremental","index":17,"ms":1660.371583}
{"phase":"sample","name":"all-live-changed-incremental","index":18,"ms":1698.4944169999799}
{"phase":"sample","name":"all-live-changed-incremental","index":19,"ms":1759.477332999988}
{"phase":"sample","name":"all-live-changed-incremental","index":20,"ms":1811.228375000006}
{"phase":"sample","name":"all-live-changed-incremental","index":21,"ms":1663.6389169999748}
{"phase":"sample","name":"all-live-changed-incremental","index":22,"ms":1697.9760000000242}
{"phase":"sample","name":"all-live-changed-incremental","index":23,"ms":1704.7136249999749}
{"phase":"sample","name":"all-live-changed-incremental","index":24,"ms":1681.3576250000042}
{"phase":"sample","name":"all-live-changed-incremental","index":25,"ms":1660.1729160000104}
{"phase":"sample","name":"all-live-changed-incremental","index":26,"ms":1662.9935839999816}
{"phase":"sample","name":"all-live-changed-incremental","index":27,"ms":1672.972333999991}
{"phase":"sample","name":"all-live-changed-incremental","index":28,"ms":1659.2584999999963}
{"phase":"sample","name":"all-live-changed-incremental","index":29,"ms":1669.054375000007}
{"phase":"sample","name":"all-live-changed-incremental","index":30,"ms":1821.9346249999944}
{"name":"all-live-changed-incremental","timing":{"warmup":10,"samples":30,"rawMs":[1728.152833,1678.2520830000285,1715.2639169999748,1683.185541999992,1694.5044579999521,1711.6632079999545,1694.1211250000051,1723.1709169999813,1663.899207999988,1840.3655830000062,1663.7586669999873,1696.6201669999864,1670.1951659999904,1708.3074579999666,1656.9719159999513,1701.586500000034,1660.371583,1698.4944169999799,1759.477332999988,1811.228375000006,1663.6389169999748,1697.9760000000242,1704.7136249999749,1681.3576250000042,1660.1729160000104,1662.9935839999816,1672.972333999991,1659.2584999999963,1669.054375000007,1821.9346249999944],"min":1656.9719159999513,"max":1840.3655830000062,"p50":1694.1211250000051,"p95":1821.9346249999944},"outputDigest":"b94f556a8027eb218d2045287e568bfa1d347af45d4614ecf84cc6e18f21d30e","calls":{"handler":0,"probe":0,"accept":0}}
{"phase":"warmup","name":"empty-incremental","index":1,"ms":0.12741700001060963}
{"phase":"warmup","name":"empty-incremental","index":2,"ms":0.11554199998499826}
{"phase":"warmup","name":"empty-incremental","index":3,"ms":0.12241599999833852}
{"phase":"warmup","name":"empty-incremental","index":4,"ms":0.13933299999916926}
{"phase":"warmup","name":"empty-incremental","index":5,"ms":0.17675000004237518}
{"phase":"warmup","name":"empty-incremental","index":6,"ms":0.11833399999886751}
{"phase":"warmup","name":"empty-incremental","index":7,"ms":0.11966600001323968}
{"phase":"warmup","name":"empty-incremental","index":8,"ms":0.11779200000455603}
{"phase":"warmup","name":"empty-incremental","index":9,"ms":0.12137500004610047}
{"phase":"warmup","name":"empty-incremental","index":10,"ms":0.12866599997505546}
{"phase":"sample","name":"empty-incremental","index":1,"ms":0.13329099997645244}
{"phase":"sample","name":"empty-incremental","index":2,"ms":0.12099999998463318}
{"phase":"sample","name":"empty-incremental","index":3,"ms":0.11849999998230487}
{"phase":"sample","name":"empty-incremental","index":4,"ms":0.12329099996713921}
{"phase":"sample","name":"empty-incremental","index":5,"ms":0.12166600005002692}
{"phase":"sample","name":"empty-incremental","index":6,"ms":0.11670800001593307}
{"phase":"sample","name":"empty-incremental","index":7,"ms":0.16391599999042228}
{"phase":"sample","name":"empty-incremental","index":8,"ms":0.11541700002271682}
{"phase":"sample","name":"empty-incremental","index":9,"ms":0.11466600000858307}
{"phase":"sample","name":"empty-incremental","index":10,"ms":0.12066600000252947}
{"phase":"sample","name":"empty-incremental","index":11,"ms":0.11329199996544048}
{"phase":"sample","name":"empty-incremental","index":12,"ms":0.1185410000034608}
{"phase":"sample","name":"empty-incremental","index":13,"ms":0.11808400001609698}
{"phase":"sample","name":"empty-incremental","index":14,"ms":0.11445799999637529}
{"phase":"sample","name":"empty-incremental","index":15,"ms":0.11383300001034513}
{"phase":"sample","name":"empty-incremental","index":16,"ms":0.11566599999787286}
{"phase":"sample","name":"empty-incremental","index":17,"ms":0.12329199997475371}
{"phase":"sample","name":"empty-incremental","index":18,"ms":0.11279199999989942}
{"phase":"sample","name":"empty-incremental","index":19,"ms":0.12083299999358132}
{"phase":"sample","name":"empty-incremental","index":20,"ms":0.11574999999720603}
{"phase":"sample","name":"empty-incremental","index":21,"ms":0.11920800001826137}
{"phase":"sample","name":"empty-incremental","index":22,"ms":0.11858399998163804}
{"phase":"sample","name":"empty-incremental","index":23,"ms":0.11783399997511879}
{"phase":"sample","name":"empty-incremental","index":24,"ms":0.12254199996823445}
{"phase":"sample","name":"empty-incremental","index":25,"ms":0.11166699999012053}
{"phase":"sample","name":"empty-incremental","index":26,"ms":0.1167079999577254}
{"phase":"sample","name":"empty-incremental","index":27,"ms":0.11758299998473376}
{"phase":"sample","name":"empty-incremental","index":28,"ms":0.12041700002737343}
{"phase":"sample","name":"empty-incremental","index":29,"ms":0.1193339999881573}
{"phase":"sample","name":"empty-incremental","index":30,"ms":0.12270800000987947}
{"name":"empty-incremental","timing":{"warmup":10,"samples":30,"rawMs":[0.13329099997645244,0.12099999998463318,0.11849999998230487,0.12329099996713921,0.12166600005002692,0.11670800001593307,0.16391599999042228,0.11541700002271682,0.11466600000858307,0.12066600000252947,0.11329199996544048,0.1185410000034608,0.11808400001609698,0.11445799999637529,0.11383300001034513,0.11566599999787286,0.12329199997475371,0.11279199999989942,0.12083299999