'
      },
+     [Object: null prototype] {
-     {
        body: '{"groupId":"archive-028","startRevision":1}',
        delivered: 0,
        group_id: 'archive-028',
        id: 'archive-028:start',
        kind: 'start'
      },
+     [Object: null prototype] {
-     {
        body: '{"groupId":"archive-028","startRevision":1}',
        delivered: 0,
        group_id: 'archive-028',
        id: 'archive-028:no-start',
        kind: 'no-start'
      },
+     [Object: null prototype] {
-     {
        body: '{"groupId":"archive-028","startRevision":1}',
        delivered: 0,
        group_id: 'archive-028',
        id: 'archive-028:resume',
        kind: 'resume'
      },
+     [Object: null prototype] {
-     {
        body: '{"groupId":"archive-029","estimateId":"estimate-3bfe203276ec37eb19e8cd47","planHash":"1e6261b5fe36755502989b040c2cbc5115902c16db48f7b351c39c6913672b8c"}',
        delivered: 1,
        group_id: 'archive-029',
        id: 'scheduler-wake:archive-029:estimate:estimate-3bfe203276ec37eb19e8cd47',
        kind: 'budget-estimate'
      },
+     [Object: null prototype] {
-     {
        body: '{"groupId":"archive-029","startRevision":1}',
        delivered: 0,
        group_id: 'archive-029',
        id: 'archive-029:start',
        kind: 'start'
      },
+     [Object: null prototype] {
-     {
        body: '{"groupId":"archive-029","startRevision":1}',
        delivered: 0,
        group_id: 'archive-029',
        id: 'archive-029:no-start',
        kind: 'no-start'
      },
+     [Object: null prototype] {
-     {
        body: '{"groupId":"archive-029","startRevision":1}',
        delivered: 0,
        group_id: 'archive-029',
        id: 'archive-029:resume',
        kind: 'resume'
      },
+     [Object: null prototype] {
-     {
        body: '{"groupId":"archive-030","estimateId":"estimate-eafab4b94b0687784950f6f5","planHash":"1e6261b5fe36755502989b040c2cbc5115902c16db48f7b351c39c6913672b8c"}',
        delivered: 1,
        group_id: 'archive-030',
        id: 'scheduler-wake:archive-030:estimate:estimate-eafab4b94b0687784950f6f5',
        kind: 'budget-estimate'
      },
+     [Object: null prototype] {
-     {
        body: '{"groupId":"archive-030","startRevision":1}',
        delivered: 0,
        group_id: 'archive-030',
        id: 'archive-030:start',
        kind: 'start'
      },
+     [Object: null prototype] {
-     {
        body: '{"groupId":"archive-030","startRevision":1}',
        delivered: 0,
        group_id: 'archive-030',
        id: 'archive-030:no-start',
        kind: 'no-start'
      },
+     [Object: null prototype] {
-     {
        body: '{"groupId":"archive-030","startRevision":1}',
        delivered: 0,
        group_id: 'archive-030',
        id: 'archive-030:resume',
        kind: 'resume'
      },
+     [Object: null prototype] {
-     {
        body: '{"groupId":"archive-031","estimateId":"estimate-11630c9a989a82c70e56e5db","planHash":"1e6261b5fe36755502989b040c2cbc5115902c16db48f7b351c39c6913672b8c"}',
        delivered: 1,
        group_id: 'archive-031',
        id: 'scheduler-wake:archive-031:estimate:estimate-11630c9a989a82c70e56e5db',
        kind: 'budget-estimate'
      },
+     [Object: null prototype] {
-     {
        body: '{"groupId":"archive-031","startRevision":1}',
        delivered: 0,
        group_id: 'archive-031',
        id: 'archive-031:start',
        kind: 'start'
      },
+     [Object: null prototype] {
-     {
        body: '{"groupId":"archive-031","startRevision":1}',
        delivered: 0,
        group_id: 'archive-031',
        id: 'archive-031:no-start',
        kind: 'no-start'
      },
+     [Object: null prototype] {
-     {
        body: '{"groupId":"archive-031","startRevision":1}',
        delivered: 0,
        group_id: 'archive-031',
        id: 'archive-031:resume',
        kind: 'resume'
      },
+     [Object: null prototype] {
-     {
        body: '{"groupId":"archive-032","estimateId":"estimate-ccd5c1f08d37e4312ae92b5a","planHash":"1e6261b5fe36755502989b040c2cbc5115902c16db48f7b351c39c6913672b8c"}',
        delivered: 1,
        group_id: 'archive-032',
        id: 'scheduler-wake:archive-032:estimate:estimate-ccd5c1f08d37e4312ae92b5a',
        kind: 'budget-estimate'
      },
+     [Object: null prototype] {
-     {
        body: '{"groupId":"archive-032","startRevision":1}',
        delivered: 0,
        group_id: 'archive-032',
        id: 'archive-032:start',
        kind: 'start'
      },
+     [Object: null prototype] {
-     {
        body: '{"groupId":"archive-032","startRevision":1}',
        delivered: 0,
        group_id: 'archive-032',
        id: 'archive-032:no-start',
        kind: 'no-start'
      },
+     [Object: null prototype] {
-     {
        body: '{"groupId":"archive-032","startRevision":1}',
        delivered: 0,
        group_id: 'archive-032',
        id: 'archive-032:resume',
        kind: 'resume'
      },
+     [Object: null prototype] {
-     {
        body: '{"groupId":"archive-033","estimateId":"estimate-e0b706cd782b37174e5ea34c","planHash":"1e6261b5fe36755502989b040c2cbc5115902c16db48f7b351c39c6913672b8c"}',
        delivered: 1,
        group_id: 'archive-033',
        id: 'scheduler-wake:archive-033:estimate:estimate-e0b706cd782b37174e5ea34c',
        kind: 'budget-estimate'
      },
+     [Object: null prototype] {
-     {
        body: '{"groupId":"archive-033","startRevision":1}',
        delivered: 0,
        group_id: 'archive-033',
        id: 'archive-033:start',
        kind: 'start'
      },
+     [Object: null prototype] {
-     {
        body: '{"groupId":"archive-033","startRevision":1}',
        delivered: 0,
        group_id: 'archive-033',
        id: 'archive-033:no-start',
        kind: 'no-start'
      },
+     [Object: null prototype] {
-     {
        body: '{"groupId":"archive-033","startRevision":1}',
        delivered: 0,
        group_id: 'archive-033',
        id: 'archive-033:resume',
        kind: 'resume'
      },
+     [Object: null prototype] {
-     {
        body: '{"groupId":"archive-034","estimateId":"estimate-6f3da0a917ec22ab95100f6d","planHash":"1e6261b5fe36755502989b040c2cbc5115902c16db48f7b351c39c6913672b8c"}',
        delivered: 1,
        group_id: 'archive-034',
        id: 'scheduler-wake:archive-034:estimate:estimate-6f3da0a917ec22ab95100f6d',
        kind: 'budget-estimate'
      },
+     [Object: null prototype] {
-     {
        body: '{"groupId":"archive-034","startRevision":1}',
        delivered: 0,
        group_id: 'archive-034',
        id: 'archive-034:start',
        kind: 'start'
      },
+     [Object: null prototype] {
-     {
        body: '{"groupId":"archive-034","startRevision":1}',
        delivered: 0,
        group_id: 'archive-034',
        id: 'archive-034:no-start',
        kind: 'no-start'
      },
+     [Object: null prototype] {
-     {
        body: '{"groupId":"archive-034","startRevision":1}',
        delivered: 0,
        group_id: 'archive-034',
        id: 'archive-034:resume',
        kind: 'resume'
      },
+     [Object: null prototype] {
-     {
        body: '{"groupId":"archive-035","estimateId":"estimate-8282e47cc1417ec37780deec","planHash":"1e6261b5fe36755502989b040c2cbc5115902c16db48f7b351c39c6913672b8c"}',
        delivered: 1,
        group_id: 'archive-035',
        id: 'scheduler-wake:archive-035:estimate:estimate-8282e47cc1417ec37780deec',
        kind: 'budget-estimate'
      },
+     [Object: null prototype] {
-     {
        body: '{"groupId":"archive-035","startRevision":1}',
        delivered: 0,
        group_id: 'archive-035',
        id: 'archive-035:start',
        kind: 'start'
      },
+     [Object: null prototype] {
-     {
        body: '{"groupId":"archive-035","startRevision":1}',
        delivered: 0,
        group_id: 'archive-035',
        id: 'archive-035:no-start',
        kind: 'no-start'
      },
+     [Object: null prototype] {
-     {
        body: '{"groupId":"archive-035","startRevision":1}',
        delivered: 0,
        group_id: 'archive-035',
        id: 'archive-035:resume',
        kind: 'resume'
      },
+     [Object: null prototype] {
-     {
        body: '{"groupId":"archive-036","estimateId":"estimate-f7f07ef8a409c634e42a6484","planHash":"1e6261b5fe36755502989b040c2cbc5115902c16db48f7b351c39c6913672b8c"}',
        delivered: 1,
        group_id: 'archive-036',
        id: 'scheduler-wake:archive-036:estimate:estimate-f7f07ef8a409c634e42a6484',
        kind: 'budget-estimate'
      },
+     [Object: null prototype] {
-     {
        body: '{"groupId":"archive-036","startRevision":1}',
        delivered: 0,
        group_id: 'archive-036',
        id: 'archive-036:start',
        kind: 'start'
      },
+     [Object: null prototype] {
-     {
        body: '{"groupId":"archive-036","startRevision":1}',
        delivered: 0,
        group_id: 'archive-036',
        id: 'archive-036:no-start',
        kind: 'no-start'
      },
+     [Object: null prototype] {
-     {
        body: '{"groupId":"archive-036","startRevision":1}',
        delivered: 0,
        group_id: 'archive-036',
        id: 'archive-036:resume',
        kind: 'resume'
      },
+     [Object: null prototype] {
-     {
        body: '{"groupId":"archive-037","estimateId":"estimate-68828e9196f423f721000795","planHash":"1e6261b5fe36755502989b040c2cbc5115902c16db48f7b351c39c6913672b8c"}',
        delivered: 1,
        group_id: 'archive-037',
        id: 'scheduler-wake:archive-037:estimate:estimate-68828e9196f423f721000795',
        kind: 'budget-estimate'
      },
+     [Object: null prototype] {
-     {
        body: '{"groupId":"archive-037","startRevision":1}',
        delivered: 0,
        group_id: 'archive-037',
        id: 'archive-037:start',
        kind: 'start'
      },
+     [Object: null prototype] {
-     {
        body: '{"groupId":"archive-037","startRevision":1}',
        delivered: 0,
        group_id: 'archive-037',
        id: 'archive-037:no-start',
        