h","index":13,"ms":119.42224999982864}
{"phase":"sample","name":"replenish","index":14,"ms":122.39437500014901}
{"phase":"sample","name":"replenish","index":15,"ms":125.42354100011289}
{"phase":"sample","name":"replenish","index":16,"ms":117.89308399986476}
{"phase":"sample","name":"replenish","index":17,"ms":122.2527499999851}
{"phase":"sample","name":"replenish","index":18,"ms":115.87525000004098}
{"phase":"sample","name":"replenish","index":19,"ms":120.38279200019315}
{"phase":"sample","name":"replenish","index":20,"ms":121.6925000003539}
{"phase":"sample","name":"replenish","index":21,"ms":126.44949999963865}
{"phase":"sample","name":"replenish","index":22,"ms":121.49666600022465}
{"phase":"sample","name":"replenish","index":23,"ms":128.5662079998292}
{"phase":"sample","name":"replenish","index":24,"ms":112.66733400011435}
{"phase":"sample","name":"replenish","index":25,"ms":115.1199999996461}
{"phase":"sample","name":"replenish","index":26,"ms":121.21437499998137}
{"phase":"sample","name":"replenish","index":27,"ms":114.99479199992493}
{"phase":"sample","name":"replenish","index":28,"ms":118.66295900009573}
{"phase":"sample","name":"replenish","index":29,"ms":123.63662499981001}
{"phase":"sample","name":"replenish","index":30,"ms":124.12558300001547}
{"name":"replenish","timing":{"warmup":10,"samples":30,"rawMs":[121.78187500033528,124.99212499987334,116.14829200040549,124.19041700009257,123.04779199976474,117.9292500000447,123.7072919998318,125.3570840000175,123.08112500002608,117.14566700020805,121.72629099991173,126.02408299967647,119.42224999982864,122.39437500014901,125.42354100011289,117.89308399986476,122.2527499999851,115.87525000004098,120.38279200019315,121.6925000003539,126.44949999963865,121.49666600022465,128.5662079998292,112.66733400011435,115.1199999996461,121.21437499998137,114.99479199992493,118.66295900009573,123.63662499981001,124.12558300001547],"min":112.66733400011435,"max":128.5662079998292,"p50":121.72629099991173,"p95":126.44949999963865},"outputDigest":"af7a252c61e84cbb99d4b468a11993932b2d03feaf15d46c69b1dc2b12e30176","calls":{"handler":0,"probe":0,"accept":0}}
{"phase":"warmup","name":"archived-only-pump","index":1,"ms":30.341916000004858}
{"phase":"warmup","name":"archived-only-pump","index":2,"ms":30.01416700007394}
{"phase":"warmup","name":"archived-only-pump","index":3,"ms":31.543624999932945}
{"phase":"warmup","name":"archived-only-pump","index":4,"ms":30.001041000243276}
{"phase":"warmup","name":"archived-only-pump","index":5,"ms":31.392500000074506}
{"phase":"warmup","name":"archived-only-pump","index":6,"ms":30.083333999849856}
{"phase":"warmup","name":"archived-only-pump","index":7,"ms":30.71487500006333}
{"phase":"warmup","name":"archived-only-pump","index":8,"ms":31.60170800006017}
{"phase":"warmup","name":"archived-only-pump","index":9,"ms":32.15420799981803}
{"phase":"warmup","name":"archived-only-pump","index":10,"ms":29.955540999770164}
{"phase":"sample","name":"archived-only-pump","index":1,"ms":31.642333999741822}
{"phase":"sample","name":"archived-only-pump","index":2,"ms":29.469250000081956}
{"phase":"sample","name":"archived-only-pump","index":3,"ms":30.288166999816895}
{"phase":"sample","name":"archived-only-pump","index":4,"ms":31.794875000137836}
{"phase":"sample","name":"archived-only-pump","index":5,"ms":30.18650000030175}
{"phase":"sample","name":"archived-only-pump","index":6,"ms":31.99645800003782}
{"phase":"sample","name":"archived-only-pump","index":7,"ms":30.326791999861598}
{"phase":"sample","name":"archived-only-pump","index":8,"ms":30.68875000020489}
{"phase":"sample","name":"archived-only-pump","index":9,"ms":29.505082999821752}
{"phase":"sample","name":"archived-only-pump","index":10,"ms":29.510834000073373}
{"phase":"sample","name":"archived-only-pump","index":11,"ms":31.055125000420958}
{"phase":"sample","name":"archived-only-pump","index":12,"ms":30.180916000157595}
{"phase":"sample","name":"archived-only-pump","index":13,"ms":31.032666999846697}
{"phase":"sample","name":"archived-only-pump","index":14,"ms":29.898124999832362}
{"phase":"sample","name":"archived-only-pump","index":15,"ms":29.54174999985844}
{"phase":"sample","name":"archived-only-pump","index":16,"ms":30.629499999806285}
{"phase":"sample","name":"archived-only-pump","index":17,"ms":30.64254100015387}
{"phase":"sample","name":"archived-only-pump","index":18,"ms":31.17975000012666}
{"phase":"sample","name":"archived-only-pump","index":19,"ms":29.637583000119776}
{"phase":"sample","name":"archived-only-pump","index":20,"ms":29.56375000020489}
{"phase":"sample","name":"archived-only-pump","index":21,"ms":29.430124999955297}
{"phase":"sample","name":"archived-only-pump","index":22,"ms":29.820208000019193}
{"phase":"sample","name":"archived-only-pump","index":23,"ms":29.44958300003782}
{"phase":"sample","name":"archived-only-pump","index":24,"ms":29.532458000350744}
{"phase":"sample","name":"archived-only-pump","index":25,"ms":29.815625000279397}
{"phase":"sample","name":"archived-only-pump","index":26,"ms":29.505459000356495}
{"phase":"sample","name":"archived-only-pump","index":27,"ms":31.855208999942988}
{"phase":"sample","name":"archived-only-pump","index":28,"ms":30.991042000241578}
{"phase":"sample","name":"archived-only-pump","index":29,"ms":29.722415999975055}
{"phase":"sample","name":"archived-only-pump","index":30,"ms":30.753583000041544}
{"name":"archived-only-pump","timing":{"warmup":10,"samples":30,"rawMs":[31.642333999741822,29.469250000081956,30.288166999816895,31.794875000137836,30.18650000030175,31.99645800003782,30.326791999861598,30.68875000020489,29.505082999821752,29.510834000073373,31.055125000420958,30.180916000157595,31.032666999846697,29.898124999832362,29.54174999985844,30.629499999806285,30.64254100015387,31.17975000012666,29.637583000119776,29.56375000020489,29.430124999955297,29.820208000019193,29.44958300003782,29.532458000350744,29.815625000279397,29.505459000356495,31.855208999942988,30.991042000241578,29.722415999975055,30.753583000041544],"min":29.430124999955297,"max":31.99645800003782,"p50":30.180916000157595,"p95":31.855208999942988},"outputDigest":"1ae4bb8018a817da834b6f7766dae34b6a41447489b9d8dfe2d2c8b3278b305e","calls":{"handler":300,"probe":0,"accept":0}}
{"phase":"warmup","name":"mixed-pump","index":1,"ms":1852.1605420000851}
{"phase":"warmup","name":"mixed-pump","index":2,"ms":1849.086791999638}
{"phase":"warmup","name":"mixed-pump","index":3,"ms":1884.674209000077}
{"phase":"warmup","name":"mixed-pump","index":4,"ms":1880.3518750001676}
{"phase":"warmup","name":"mixed-pump","index":5,"ms":1812.1442499998957}
{"phase":"warmup","name":"mixed-pump","index":6,"ms":1825.8388749998994}
{"phase":"warmup","name":"mixed-pump","index":7,"ms":1823.1672920002602}
{"phase":"warmup","name":"mixed-pump","index":8,"ms":1841.394375000149}
{"phase":"warmup","name":"mixed-pump","index":9,"ms":1826.3479999997653}
{"phase":"warmup","name":"mixed-pump","index":10,"ms":1957.227208999917}
{"phase":"sample","name":"mixed-pump","index":1,"ms":1817.723000000231}
{"phase":"sample","name":"mixed-pump","index":2,"ms":1818.729624999687}
{"phase":"sample","name":"mixed-pump","index":3,"ms":1826.4041250003502}
{"phase":"sample","name":"mixed-pump","index":4,"ms":1808.3063749996945}
{"phase":"sample","name":"mixed-pump","index":5,"ms":1836.061749999877}
{"phase":"sample","name":"mixed-pump","index":6,"ms":1822.8572909999639}
{"phase":"sample","name":"mixed-pump","index":7,"ms":1969.8139170003124}
{"phase":"sample","name":"mixed-pump","index":8,"ms":1807.3052920000628}
{"phase":"sample","name":"mixed-pump","index":9,"ms":1812.106625000015}
{"phase":"sample","name":"mixed-pump","index":10,"ms":1825.6985420002602}
{"phase":"sample","name":"mixed-pump","index":11,"ms":1807.9401670000516}
{"phase":"sample","name":"mixed-pump","index":12,"ms":1844.355709000025}
{"phase":"sample","name":"mixed-pump","index":13,"ms":1929.9797499999404}
{"phase":"sample","name":"mixed-pump","index":14,"ms":1834.5475420001894}
{"phase":"sample","name":"mixed-pump","index":15,"ms":1809.6754589998163}
{"phase":"sample","name":"mixed-pump","index":16,"ms":1824.7641249997541}
{"phase":"sample","name":"mixed-pump","index":17,"ms":1831.8788330000825}
{"phase":"sample","name":"mixed-pump","index":18,"ms":1816.430999999866}
{"phase":"sample","name":"mixed-pump","index":19,"ms":1845.2401250000112}
{"phase":"sample","name":"mixed-pump","index":20,"ms":1933.595958000049}
{"phase":"sample","name":"mixed-pump","index":21,"ms":1824.8793750000186}
{"phase":"sample","name":"mixed-pump","index":22,"ms":1809.3301249998622}
{"phase":"sample","name":"mixed-pump","index":23,"ms":1807.3332909997553}
{"phase":"sample","name":"mixed-pump","index":24,"ms":1919.825290999841}
{"phase":"sample","name":"mixed-pump","index":25,"ms":1808.0445840000175}
{"phase":"sample","name":"mixed-pump","index":26,"ms":1957.2587079997174}
{"phase":"sample","name":"mixed-pump","index":27,"ms":1814.2905419999734}
{"phase":"sample","name":"mixed-pump","index":28,"ms":1820.1997080002911}
{"phase":"sample","name":"mixed-pump","index":29,"ms":1814.45866700029}
{"phase":"sample","name":"mixed-pump","index":30,"ms":1820.7947080000304}
{"name":"mixed-pump","timing":{"warmup":10,"samples":30,"rawMs":[1817.723000000231,1818.729624999687,1826.4041250003502,1808.3063749996945,1836.061749999877,1822.8572909999639,1969.8139170003124,1807.3052920000628,1812.106625000015,1825.6985420002602,1807.9401670000516,1844.355709000025,1929.9797499999404,1834.5475420001894,1809.6754589998163,1824.7641249997541,1831.8788330000825,1816.430999999866,1845.2401250000112,1933.595958000049,1824.8793750000186,1809.3301249998622,1807.3332909997553,1919.825290999841,1808.0445840000175,1957.2587079997174,1814.2905419999734,1820.1997080002911,1814.45866700029,1820.7947080000304],"min":1807.3052920000628,"max":1969.8139170003124,"p50":1820.7947080000304,"p95":1957.2587079997174},"outputDigest":"33a58e0b3a2f5b6aac9422dcd04cb05131e3100f47d6bda8d096fbe50661242c","calls":{"handler":