2381294d3","planHash":"70d8caa677ec17a0da3a38f06f13ea0af39fe9f371659eb7d8dc7de4766ceeb7"}',
        delivered: 1,
        group_id: 'live-057',
        id: 'scheduler-wake:live-057:estimate:estimate-1bbf3f4035ec7932381294d3',
        kind: 'budget-estimate'
      },
+     [Object: null prototype] {
-     {
        body: '{"executionSnapshotHash":"0b8cfc33de0e4c2471058689e3e7f79047e79f670116dbbff9a2b95d1a328fbd","groupId":"live-057","startRevision":3}',
        delivered: 1,
        group_id: 'live-057',
        id: 'scheduler-wake:live-057:3',
        kind: 'start'
      },
+     [Object: null prototype] {
-     {
        body: '{"groupId":"live-058","estimateId":"estimate-73f71a44099ad7bce427810a","planHash":"70d8caa677ec17a0da3a38f06f13ea0af39fe9f371659eb7d8dc7de4766ceeb7"}',
        delivered: 1,
        group_id: 'live-058',
        id: 'scheduler-wake:live-058:estimate:estimate-73f71a44099ad7bce427810a',
        kind: 'budget-estimate'
      },
+     [Object: null prototype] {
-     {
        body: '{"executionSnapshotHash":"de80c993eb741e684599ba35a06beee0b3915710cf6fae61dddccf78476967df","groupId":"live-058","startRevision":3}',
        delivered: 1,
        group_id: 'live-058',
        id: 'scheduler-wake:live-058:3',
        kind: 'start'
      },
+     [Object: null prototype] {
-     {
        body: '{"groupId":"live-059","estimateId":"estimate-b1b55651084815310cf5c3cc","planHash":"70d8caa677ec17a0da3a38f06f13ea0af39fe9f371659eb7d8dc7de4766ceeb7"}',
        delivered: 1,
        group_id: 'live-059',
        id: 'scheduler-wake:live-059:estimate:estimate-b1b55651084815310cf5c3cc',
        kind: 'budget-estimate'
      },
+     [Object: null prototype] {
-     {
        body: '{"executionSnapshotHash":"b82042576c837c841dc444341bded97adaeb7ba09a193e6526082e1e42a33672","groupId":"live-059","startRevision":3}',
        delivered: 1,
        group_id: 'live-059',
        id: 'scheduler-wake:live-059:3',
        kind: 'start'
      },
+     [Object: null prototype] {
-     {
        body: '{"groupId":"live-060","estimateId":"estimate-a445c408b450b2ab0aca55ab","planHash":"70d8caa677ec17a0da3a38f06f13ea0af39fe9f371659eb7d8dc7de4766ceeb7"}',
        delivered: 1,
        group_id: 'live-060',
        id: 'scheduler-wake:live-060:estimate:estimate-a445c408b450b2ab0aca55ab',
        kind: 'budget-estimate'
      },
+     [Object: null prototype] {
-     {
        body: '{"executionSnapshotHash":"c7cbe8890f9831f63b547f6c3273154b4611b7077c2105ba85b95b2d08eff079","groupId":"live-060","startRevision":3}',
        delivered: 1,
        group_id: 'live-060',
        id: 'scheduler-wake:live-060:3',
        kind: 'start'
      },
+     [Object: null prototype] {
-     {
        body: '{"groupId":"live-061","estimateId":"estimate-64b738b99dc6e5cd7f91ae16","planHash":"70d8caa677ec17a0da3a38f06f13ea0af39fe9f371659eb7d8dc7de4766ceeb7"}',
        delivered: 1,
        group_id: 'live-061',
        id: 'scheduler-wake:live-061:estimate:estimate-64b738b99dc6e5cd7f91ae16',
        kind: 'budget-estimate'
      },
+     [Object: null prototype] {
-     {
        body: '{"executionSnapshotHash":"b73d63b76d5e22a625f00ffbf6a409d2dfafac221d91c9a72eff28793012ca0c","groupId":"live-061","startRevision":3}',
        delivered: 1,
        group_id: 'live-061',
        id: 'scheduler-wake:live-061:3',
        kind: 'start'
      },
+     [Object: null prototype] {
-     {
        body: '{"groupId":"live-062","estimateId":"estimate-40b66ae5fd47f2f32608a5a5","planHash":"70d8caa677ec17a0da3a38f06f13ea0af39fe9f371659eb7d8dc7de4766ceeb7"}',
        delivered: 1,
        group_id: 'live-062',
        id: 'scheduler-wake:live-062:estimate:estimate-40b66ae5fd47f2f32608a5a5',
        kind: 'budget-estimate'
      },
+     [Object: null prototype] {
-     {
        body: '{"executionSnapshotHash":"cd75e42dd45e602321e582748edf9d3de2df109ab75f9cf803169d21fcba3d33","groupId":"live-062","startRevision":3}',
        delivered: 1,
        group_id: 'live-062',
        id: 'scheduler-wake:live-062:3',
        kind: 'start'
      },
+     [Object: null prototype] {
-     {
        body: '{"groupId":"live-063","estimateId":"estimate-8db21e2c82289f5a5cf004dc","planHash":"70d8caa677ec17a0da3a38f06f13ea0af39fe9f371659eb7d8dc7de4766ceeb7"}',
        delivered: 1,
        group_id: 'live-063',
        id: 'scheduler-wake:live-063:estimate:estimate-8db21e2c82289f5a5cf004dc',
        kind: 'budget-estimate'
      },
+     [Object: null prototype] {
-     {
        body: '{"executionSnapshotHash":"3c0a76bec9d7fcb5e140e575553d63389d2170ffa4e351ec8866a4c6da4fcb1a","groupId":"live-063","startRevision":3}',
        delivered: 1,
        group_id: 'live-063',
        id: 'scheduler-wake:live-063:3',
        kind: 'start'
      },
+     [Object: null prototype] {
-     {
        body: '{"groupId":"live-064","estimateId":"estimate-578de2c864580f8e39ca38f8","planHash":"70d8caa677ec17a0da3a38f06f13ea0af39fe9f371659eb7d8dc7de4766ceeb7"}',
        delivered: 1,
        group_id: 'live-064',
        id: 'scheduler-wake:live-064:estimate:estimate-578de2c864580f8e39ca38f8',
        kind: 'budget-estimate'
      },
+     [Object: null prototype] {
-     {
        body: '{"executionSnapshotHash":"b727f05fa7e1b2d6836573c0f935edaf0e4bfc0818d92d275999ec8298833ca1","groupId":"live-064","startRevision":3}',
        delivered: 1,
        group_id: 'live-064',
        id: 'scheduler-wake:live-064:3',
        kind: 'start'
      },
+     [Object: null prototype] {
-     {
        body: '{"groupId":"live-065","estimateId":"estimate-7c7ff15a94218b78823711d4","planHash":"70d8caa677ec17a0da3a38f06f13ea0af39fe9f371659eb7d8dc7de4766ceeb7"}',
        delivered: 1,
        group_id: 'live-065',
        id: 'scheduler-wake:live-065:estimate:estimate-7c7ff15a94218b78823711d4',
        kind: 'budget-estimate'
      },
+     [Object: null prototype] {
-     {
        body: '{"executionSnapshotHash":"cd822a92dc83b538af91ed81833b6b472a618fde308811b4cf550b3ffeee6bc9","groupId":"live-065","startRevision":3}',
        delivered: 1,
        group_id: 'live-065',
        id: 'scheduler-wake:live-065:3',
        kind: 'start'
      },
+     [Object: null prototype] {
-     {
        body: '{"groupId":"live-066","estimateId":"estimate-81feff3c2ccb49b38c109a8e","planHash":"70d8caa677ec17a0da3a38f06f13ea0af39fe9f371659eb7d8dc7de4766ceeb7"}',
        delivered: 1,
        group_id: 'live-066',
        id: 'scheduler-wake:live-066:estimate:estimate-81feff3c2ccb49b38c109a8e',
        kind: 'budget-estimate'
      },
+     [Object: null prototype] {
-     {
        body: '{"executionSnapshotHash":"197765de3525dd439f3a68bf7e6c235e16a16c0070c60a1efcdfcdd256d9c7e1","groupId":"live-066","startRevision":3}',
        delivered: 1,
        group_id: 'live-066',
        id: 'scheduler-wake:live-066:3',
        kind: 'start'
      },
+     [Object: null prototype] {
-     {
        body: '{"groupId":"live-067","estimateId":"estimate-39c4d5f3814f6ce45ab34391","planHash":"70d8caa677ec17a0da3a38f06f13ea0af39fe9f371659eb7d8dc7de4766ceeb7"}',
        delivered: 1,
        group_id: 'live-067',
        id: 'scheduler-wake:live-067:estimate:estimate-39c4d5f3814f6ce45ab34391',
        kind: 'budget-estimate'
      },
+     [Object: null prototype] {
-     {
        body: '{"executionSnapshotHash":"facfafbf833b8d8653389b4be7b11184262d7f1581c5544f61ef87ec82f56469","groupId":"live-067","startRevision":3}',
        delivered: 1,
        group_id: 'live-067',
        id: 'scheduler-wake:live-067:3',
        kind: 'start'
      },
+     [Object: null prototype] {
-     {
        body: '{"groupId":"live-068","estimateId":"estimate-27f31abd490337c1a7b80198","planHash":"70d8caa677ec17a0da3a38f06f13ea0af39fe9f371659eb7d8dc7de4766ceeb7"}',
        delivered: 1,
        group_id: 'live-068',
        id: 'scheduler-wake:live-068:estimate:estimate-27f31abd490337c1a7b80198',
        kind: 'budget-estimate'
      },
+     [Object: null prototype] {
-     {
        body: '{"executionSnapshotHash":"6b2dec575406cca9a7c262d9381bc38010a61e36ebdda48059207f660c9bae69","groupId":"live-068","startRevision":3}',
        delivered: 1,
        group_id: 'live-068',
        id: 'scheduler-wake:live-068:3',
        kind: 'start'
      },
+     [Object: null prototype] {
-     {
        body: '{"groupId":"live-069","estimateId":"estimate-66a7b8b031de9611976d47ef","planHash":"70d8caa677ec17a0da3a38f06f13ea0af39fe9f371659eb7d8dc7de4766ceeb7"}',
        delivered: 1,
        group_id: 'live-069',
        id: 'scheduler-wake:live-069:estimate:estimate-66a7b8b031de9611976d47ef',
        kind: 'budget-estimate'
      },
+     [Object: null prototype] {
-     {
        body: '{"executionSnapshotHash":"b01532d6e3c5c3be940b72a758ea13ae317e6b57755e5e4e4e73db29a36f8b8e","groupId":"live-069","startRevision":3}',
        delivered: 1,
        group_id: 'live-069',
        id: 'scheduler-wake:live-069:3',
        kind: 'start'
      },
+     [Object: null prototype] {
-     {
        body: '{"groupId":"live-070","estimateId":"estimate-2a0f8bdf35af83e5ce770ddd","planHash":"70d8caa677ec17a0da3a38f06f13ea0af39fe9f371659eb7d8dc7de4766ceeb7"}',
        delivered: 1,
        group_id: 'live-070',
        id: 'scheduler-wake:live-070:estimate:estimate-2a0f8bdf35af83e5ce770ddd',
        kind: 'budget-estimate'
      },
+     [Object: null prototype] {
-     {
        body: '{"executionSnapshotHash":"20eadfd53fd11e5a5572125bf882675684547b8bb21b671361bf593af17bb709","groupId":"live-070","startRevision":3}',
        delivered: 1,
        group_id: 'live-070',
        id: 'scheduler-wake:live-070:3',
        kind: 'start'
      },
+     [Object: null prototype] {
-     {
        body: '{"groupId":"live-071","estimateId":"estimate-65e37037e789d267e3da11c7","planHash":"70d8caa677ec17a0da3a38f06f13ea0af39fe9f371659eb7d8dc7de4766ceeb7"}',
        delivered: 1,
        group_id: 'live-071',
        id: 'scheduler-wake:live-071:estimate:estimate-65e37037e789d267e3da11c7',
        kind: 'b