udget-estimate'
      },
+     [Object: null prototype] {
-     {
        body: '{"executionSnapshotHash":"23abe61524a028937a2f6d5d8ad8fd73b7618db6374a6088ca1e5a73e012aaf0","groupId":"live-071","startRevision":3}',
        delivered: 1,
        group_id: 'live-071',
        id: 'scheduler-wake:live-071:3',
        kind: 'start'
      },
+     [Object: null prototype] {
-     {
        body: '{"groupId":"live-072","estimateId":"estimate-f33a3622afd737c19d4e9397","planHash":"70d8caa677ec17a0da3a38f06f13ea0af39fe9f371659eb7d8dc7de4766ceeb7"}',
        delivered: 1,
        group_id: 'live-072',
        id: 'scheduler-wake:live-072:estimate:estimate-f33a3622afd737c19d4e9397',
        kind: 'budget-estimate'
      },
+     [Object: null prototype] {
-     {
        body: '{"executionSnapshotHash":"f0f34b85f6a9d6e00be25aff66ab83de46e5475b2954bc176ab1adb7487ed570","groupId":"live-072","startRevision":3}',
        delivered: 1,
        group_id: 'live-072',
        id: 'scheduler-wake:live-072:3',
        kind: 'start'
      },
+     [Object: null prototype] {
-     {
        body: '{"groupId":"live-073","estimateId":"estimate-0688c533caa1ad61d759879d","planHash":"70d8caa677ec17a0da3a38f06f13ea0af39fe9f371659eb7d8dc7de4766ceeb7"}',
        delivered: 1,
        group_id: 'live-073',
        id: 'scheduler-wake:live-073:estimate:estimate-0688c533caa1ad61d759879d',
        kind: 'budget-estimate'
      },
+     [Object: null prototype] {
-     {
        body: '{"executionSnapshotHash":"faabcc9356e59afac7b80a33cdfef2a92cfb4b11480cb322ece9c8b571a2481c","groupId":"live-073","startRevision":3}',
        delivered: 1,
        group_id: 'live-073',
        id: 'scheduler-wake:live-073:3',
        kind: 'start'
      },
+     [Object: null prototype] {
-     {
        body: '{"groupId":"live-074","estimateId":"estimate-8ba8c4b231d0b8f9fa5add9d","planHash":"70d8caa677ec17a0da3a38f06f13ea0af39fe9f371659eb7d8dc7de4766ceeb7"}',
        delivered: 1,
        group_id: 'live-074',
        id: 'scheduler-wake:live-074:estimate:estimate-8ba8c4b231d0b8f9fa5add9d',
        kind: 'budget-estimate'
      },
+     [Object: null prototype] {
-     {
        body: '{"executionSnapshotHash":"e30473a9faff8622bf058bf3b400851a3248061dc32296c6b2fd3338f5b2d736","groupId":"live-074","startRevision":3}',
        delivered: 1,
        group_id: 'live-074',
        id: 'scheduler-wake:live-074:3',
        kind: 'start'
      },
+     [Object: null prototype] {
-     {
        body: '{"groupId":"live-075","estimateId":"estimate-cbf1a5749c0f516a78fcadf6","planHash":"70d8caa677ec17a0da3a38f06f13ea0af39fe9f371659eb7d8dc7de4766ceeb7"}',
        delivered: 1,
        group_id: 'live-075',
        id: 'scheduler-wake:live-075:estimate:estimate-cbf1a5749c0f516a78fcadf6',
        kind: 'budget-estimate'
      },
+     [Object: null prototype] {
-     {
        body: '{"executionSnapshotHash":"3137c7b546106be8f10db98cf3cd51092db4757382326eb1dec7fd622fd54af2","groupId":"live-075","startRevision":3}',
        delivered: 1,
        group_id: 'live-075',
        id: 'scheduler-wake:live-075:3',
        kind: 'start'
      },
+     [Object: null prototype] {
-     {
        body: '{"groupId":"live-076","estimateId":"estimate-96c3fcc8b3404379f0fc485c","planHash":"70d8caa677ec17a0da3a38f06f13ea0af39fe9f371659eb7d8dc7de4766ceeb7"}',
        delivered: 1,
        group_id: 'live-076',
        id: 'scheduler-wake:live-076:estimate:estimate-96c3fcc8b3404379f0fc485c',
        kind: 'budget-estimate'
      },
+     [Object: null prototype] {
-     {
        body: '{"executionSnapshotHash":"04b95466a317e4c449af72029883c2006acc4f019542336fede9625e1884b937","groupId":"live-076","startRevision":3}',
        delivered: 1,
        group_id: 'live-076',
        id: 'scheduler-wake:live-076:3',
        kind: 'start'
      },
+     [Object: null prototype] {
-     {
        body: '{"groupId":"live-077","estimateId":"estimate-789381925534a27c3e8b278a","planHash":"70d8caa677ec17a0da3a38f06f13ea0af39fe9f371659eb7d8dc7de4766ceeb7"}',
        delivered: 1,
        group_id: 'live-077',
        id: 'scheduler-wake:live-077:estimate:estimate-789381925534a27c3e8b278a',
        kind: 'budget-estimate'
      },
+     [Object: null prototype] {
-     {
        body: '{"executionSnapshotHash":"474f7590fe66e02286e7055148d6896b6ce902f762337feadb24c11c439b09a4","groupId":"live-077","startRevision":3}',
        delivered: 1,
        group_id: 'live-077',
        id: 'scheduler-wake:live-077:3',
        kind: 'start'
      },
+     [Object: null prototype] {
-     {
        body: '{"groupId":"live-078","estimateId":"estimate-3c0433a0360d1e7254efe890","planHash":"70d8caa677ec17a0da3a38f06f13ea0af39fe9f371659eb7d8dc7de4766ceeb7"}',
        delivered: 1,
        group_id: 'live-078',
        id: 'scheduler-wake:live-078:estimate:estimate-3c0433a0360d1e7254efe890',
        kind: 'budget-estimate'
      },
+     [Object: null prototype] {
-     {
        body: '{"executionSnapshotHash":"8909e104d95da9ad232f3a85b9ae6d32c40595a18a164922ffe11e33ef2ccc09","groupId":"live-078","startRevision":3}',
        delivered: 1,
        group_id: 'live-078',
        id: 'scheduler-wake:live-078:3',
        kind: 'start'
      },
+     [Object: null prototype] {
-     {
        body: '{"groupId":"live-079","estimateId":"estimate-cada8bc24beec3cb0a955211","planHash":"70d8caa677ec17a0da3a38f06f13ea0af39fe9f371659eb7d8dc7de4766ceeb7"}',
        delivered: 1,
        group_id: 'live-079',
        id: 'scheduler-wake:live-079:estimate:estimate-cada8bc24beec3cb0a955211',
        kind: 'budget-estimate'
      },
+     [Object: null prototype] {
-     {
        body: '{"executionSnapshotHash":"488f4471ca2787f9296318384d93bfe00ba3c6b992b27bc54630c65538078395","groupId":"live-079","startRevision":3}',
        delivered: 1,
        group_id: 'live-079',
        id: 'scheduler-wake:live-079:3',
        kind: 'start'
      },
+     [Object: null prototype] {
-     {
        body: '{"groupId":"live-080","estimateId":"estimate-fcb4d75c90cc7ba550f5db07","planHash":"70d8caa677ec17a0da3a38f06f13ea0af39fe9f371659eb7d8dc7de4766ceeb7"}',
        delivered: 1,
        group_id: 'live-080',
        id: 'scheduler-wake:live-080:estimate:estimate-fcb4d75c90cc7ba550f5db07',
        kind: 'budget-estimate'
      },
+     [Object: null prototype] {
-     {
        body: '{"executionSnapshotHash":"5c136e90d860f2c41934218e1178c3b6a3cb13cf1ef1a3b388f88b6a850dc368","groupId":"live-080","startRevision":3}',
        delivered: 1,
        group_id: 'live-080',
        id: 'scheduler-wake:live-080:3',
        kind: 'start'
      },
+     [Object: null prototype] {
-     {
        body: '{"groupId":"live-081","estimateId":"estimate-934cfebd2283fe0ff076aa79","planHash":"70d8caa677ec17a0da3a38f06f13ea0af39fe9f371659eb7d8dc7de4766ceeb7"}',
        delivered: 1,
        group_id: 'live-081',
        id: 'scheduler-wake:live-081:estimate:estimate-934cfebd2283fe0ff076aa79',
        kind: 'budget-estimate'
      },
+     [Object: null prototype] {
-     {
        body: '{"executionSnapshotHash":"af359535560f0d140e01f04a602a2111f76acc786116f6400782aac5c0ad5a4f","groupId":"live-081","startRevision":3}',
        delivered: 1,
        group_id: 'live-081',
        id: 'scheduler-wake:live-081:3',
        kind: 'start'
      },
+     [Object: null prototype] {
-     {
        body: '{"groupId":"live-082","estimateId":"estimate-b69c018dbefd0f1aaeb0f464","planHash":"70d8caa677ec17a0da3a38f06f13ea0af39fe9f371659eb7d8dc7de4766ceeb7"}',
        delivered: 1,
        group_id: 'live-082',
        id: 'scheduler-wake:live-082:estimate:estimate-b69c018dbefd0f1aaeb0f464',
        kind: 'budget-estimate'
      },
+     [Object: null prototype] {
-     {
        body: '{"executionSnapshotHash":"aa840245889fc63b388653d2636a7f27edf873d3bd8df2d9c4ece444aae17107","groupId":"live-082","startRevision":3}',
        delivered: 1,
        group_id: 'live-082',
        id: 'scheduler-wake:live-082:3',
        kind: 'start'
      },
+     [Object: null prototype] {
-     {
        body: '{"groupId":"live-083","estimateId":"estimate-9253b2eecd2cd2a47aeb0cae","planHash":"70d8caa677ec17a0da3a38f06f13ea0af39fe9f371659eb7d8dc7de4766ceeb7"}',
        delivered: 1,
        group_id: 'live-083',
        id: 'scheduler-wake:live-083:estimate:estimate-9253b2eecd2cd2a47aeb0cae',
        kind: 'budget-estimate'
      },
+     [Object: null prototype] {
-     {
        body: '{"executionSnapshotHash":"9b14f5522355611cceeaac6b51aed38d51f8e729be098b2a05d7f28a16d8cd70","groupId":"live-083","startRevision":3}',
        delivered: 1,
        group_id: 'live-083',
        id: 'scheduler-wake:live-083:3',
        kind: 'start'
      },
+     [Object: null prototype] {
-     {
        body: '{"groupId":"live-084","estimateId":"estimate-3861ef9125f17671da5ac5b7","planHash":"70d8caa677ec17a0da3a38f06f13ea0af39fe9f371659eb7d8dc7de4766ceeb7"}',
        delivered: 1,
        group_id: 'live-084',
        id: 'scheduler-wake:live-084:estimate:estimate-3861ef9125f17671da5ac5b7',
        kind: 'budget-estimate'
      },
+     [Object: null prototype] {
-     {
        body: '{"executionSnapshotHash":"15213d7cb3c68b07c9ea05f7aaf50638b0f3983b35425c56e90fc6aa069380f7","groupId":"live-084","startRevision":3}',
        delivered: 1,
        group_id: 'live-084',
        id: 'scheduler-wake:live-084:3',
        kind: 'start'
      },
+     [Object: null prototype] {
-     {
        body: '{"groupId":"live-085","estimateId":"estimate-38b6359586230fbe3344e475","planHash":"70d8caa677ec17a0da3a38f06f13ea0af39fe9f371659eb7d8dc7de4766ceeb7"}',
        delivered: 1,
        group_id: 'live-085',
        id: 'scheduler-wake:live-085:estimate:estimate-38b6359586230fbe3344e475',
        kind: 'budget-estimate'
      },
+     [Object: null prototype] {
-     {
        body: '{"executionSnapshotHash":"eeff9a716dfc5dda7502c6229cfa4778cb2958c36ad9ef1a67d7c46a2b191876","groupId":"live-085","startRevision":3}',
        delivered: 1,
     