(node:5761) ExperimentalWarning: SQLite is an experimental feature and might change at any time
(Use `node --trace-warnings ...` to show where the warning was created)
{"phase":"warmup","name":"full-reset","index":1,"ms":1971.3800829999964}
{"phase":"warmup","name":"full-reset","index":2,"ms":1829.0117920000048}
{"phase":"warmup","name":"full-reset","index":3,"ms":1853.2844590000022}
{"phase":"warmup","name":"full-reset","index":4,"ms":1843.8099169999914}
{"phase":"warmup","name":"full-reset","index":5,"ms":1831.9190830000007}
{"phase":"warmup","name":"full-reset","index":6,"ms":1878.226834000001}
{"phase":"warmup","name":"full-reset","index":7,"ms":1834.3497919999936}
{"phase":"warmup","name":"full-reset","index":8,"ms":1887.9504159999924}
{"phase":"warmup","name":"full-reset","index":9,"ms":1833.751040999996}
{"phase":"warmup","name":"full-reset","index":10,"ms":1840.5142909999995}
{"phase":"sample","name":"full-reset","index":1,"ms":1941.1265419999982}
{"phase":"sample","name":"full-reset","index":2,"ms":1801.4972500000003}
{"phase":"sample","name":"full-reset","index":3,"ms":1848.5935000000027}
{"phase":"sample","name":"full-reset","index":4,"ms":1785.3415419999947}
{"phase":"sample","name":"full-reset","index":5,"ms":1796.384167000011}
{"phase":"sample","name":"full-reset","index":6,"ms":1809.2285830000037}
{"phase":"sample","name":"full-reset","index":7,"ms":1804.3415410000016}
{"phase":"sample","name":"full-reset","index":8,"ms":1806.8630410000042}
{"phase":"sample","name":"full-reset","index":9,"ms":1771.5705420000013}
{"phase":"sample","name":"full-reset","index":10,"ms":1942.587166000012}
{"phase":"sample","name":"full-reset","index":11,"ms":1945.8719169999968}
{"phase":"sample","name":"full-reset","index":12,"ms":1813.458958000003}
{"phase":"sample","name":"full-reset","index":13,"ms":1778.698790999988}
{"phase":"sample","name":"full-reset","index":14,"ms":1769.349749999994}
{"phase":"sample","name":"full-reset","index":15,"ms":1833.7990839999984}
{"phase":"sample","name":"full-reset","index":16,"ms":1769.5278749999998}
{"phase":"sample","name":"full-reset","index":17,"ms":1758.929375000007}
{"phase":"sample","name":"full-reset","index":18,"ms":1770.2142909999966}
{"phase":"sample","name":"full-reset","index":19,"ms":1830.5003750000033}
{"phase":"sample","name":"full-reset","index":20,"ms":1769.5655830000032}
{"phase":"sample","name":"full-reset","index":21,"ms":1902.628000000026}
{"phase":"sample","name":"full-reset","index":22,"ms":1751.785917000001}
{"phase":"sample","name":"full-reset","index":23,"ms":1747.0692500000005}
{"phase":"sample","name":"full-reset","index":24,"ms":1755.5562080000236}
{"phase":"sample","name":"full-reset","index":25,"ms":1758.5129590000142}
{"phase":"sample","name":"full-reset","index":26,"ms":1749.7962080000143}
{"phase":"sample","name":"full-reset","index":27,"ms":1761.2336669999931}
{"phase":"sample","name":"full-reset","index":28,"ms":1776.209583000018}
{"phase":"sample","name":"full-reset","index":29,"ms":1760.1846660000156}
{"phase":"sample","name":"full-reset","index":30,"ms":1797.4066250000033}
{"name":"full-reset","timing":{"warmup":10,"samples":30,"rawMs":[1941.1265419999982,1801.4972500000003,1848.5935000000027,1785.3415419999947,1796.384167000011,1809.2285830000037,1804.3415410000016,1806.8630410000042,1771.5705420000013,1942.587166000012,1945.8719169999968,1813.458958000003,1778.698790999988,1769.349749999994,1833.7990839999984,1769.5278749999998,1758.929375000007,1770.2142909999966,1830.5003750000033,1769.5655830000032,1902.628000000026,1751.785917000001,1747.0692500000005,1755.5562080000236,1758.5129590000142,1749.7962080000143,1761.2336669999931,1776.209583000018,1760.1846660000156,1797.4066250000033],"min":1747.0692500000005,"max":1945.8719169999968,"p50":1778.698790999988,"p95":1942.587166000012},"outputDigest":"d0ccc02d38b5b49088f7ac8b7a424075ab1029693e3116a8e2948c23d6c10276","calls":{"handler":0,"probe":0,"accept":0}}
{"phase":"warmup","name":"forced-reset","index":1,"ms":1976.1784579999803}
{"phase":"warmup","name":"forced-reset","index":2,"ms":1745.2687920000171}
{"phase":"warmup","name":"forced-reset","index":3,"ms":1744.2012500000128}
{"phase":"warmup","name":"forced-reset","index":4,"ms":1739.6499590000021}
{"phase":"warmup","name":"forced-reset","index":5,"ms":1747.4887919999892}
{"phase":"warmup","name":"forced-reset","index":6,"ms":1772.9261669999978}
{"phase":"warmup","name":"forced-reset","index":7,"ms":1768.9603329999954}
{"phase":"warmup","name":"forced-reset","index":8,"ms":1756.8079580000194}
{"phase":"warmup","name":"forced-reset","index":9,"ms":1760.6689170000027}
{"phase":"warmup","name":"forced-reset","index":10,"ms":1771.2972909999953}
{"phase":"sample","name":"forced-reset","index":1,"ms":1894.4300419999927}
{"phase":"sample","name":"forced-reset","index":2,"ms":1819.2292920000036}
{"phase":"sample","name":"forced-reset","index":3,"ms":1742.765166999976}
{"phase":"sample","name":"forced-reset","index":4,"ms":1737.07491700002}
{"phase":"sample","name":"forced-reset","index":5,"ms":1748.2340419999964}
{"phase":"sample","name":"forced-reset","index":6,"ms":1741.6054160000058}
{"phase":"sample","name":"forced-reset","index":7,"ms":1764.5025840000017}
{"phase":"sample","name":"forced-reset","index":8,"ms":1749.4944169999799}
{"phase":"sample","name":"forced-reset","index":9,"ms":1757.533374999999}
{"phase":"sample","name":"forced-reset","index":10,"ms":1750.3739999999816}
{"phase":"sample","name":"forced-reset","index":11,"ms":1757.9939580000064}
{"phase":"sample","name":"forced-reset","index":12,"ms":1754.2860419999924}
{"phase":"sample","name":"forced-reset","index":13,"ms":1741.1224999999977}
{"phase":"sample","name":"forced-reset","index":14,"ms":1750.863458000007}
{"phase":"sample","name":"forced-reset","index":15,"ms":1752.163499999995}
{"phase":"sample","name":"forced-reset","index":16,"ms":1765.2854579999985}
{"phase":"sample","name":"forced-reset","index":17,"ms":1746.538166000013}
{"phase":"sample","name":"forced-reset","index":18,"ms":1770.697583000001}
{"phase":"sample","name":"forced-reset","index":19,"ms":1741.8575000000128}
{"phase":"sample","name":"forced-reset","index":20,"ms":2035.823625000019}
{"phase":"sample","name":"forced-reset","index":21,"ms":1750.1540000000095}
{"phase":"sample","name":"forced-reset","index":22,"ms":1730.9434170000022}
{"phase":"sample","name":"forced-reset","index":23,"ms":1739.6485000000102}
{"phase":"sample","name":"forced-reset","index":24,"ms":1751.395709000004}
{"phase":"sample","name":"forced-reset","index":25,"ms":1753.5297920000157}
{"phase":"sample","name":"forced-reset","index":26,"ms":1758.5189169999794}
{"phase":"sample","name":"forced-reset","index":27,"ms":1748.1399169999931}
{"phase":"sample","name":"forced-reset","index":28,"ms":1741.393207999994}
{"phase":"sample","name":"forced-reset","index":29,"ms":1755.4669590000121}
{"phase":"sample","name":"forced-reset","index":30,"ms":1907.5735829999903}
{"name":"forced-reset","timing":{"warmup":10,"samples":30,"rawMs":[1894.4300419999927,1819.2292920000036,1742.765166999976,1737.07491700002,1748.2340419999964,1741.6054160000058,1764.5025840000017,1749.4944169999799,1757.533374999999,1750.3739999999816,1757.9939580000064,1754.2860419999924,1741.1224999999977,1750.863458000007,1752.163499999995,1765.2854579999985,1746.538166000013,1770.697583000001,1741.8575000000128,2035.823625000019,1750.1540000000095,1730.9434170000022,1739.6485000000102,1751.395709000004,1753.5297920000157,1758.5189169999794,1748.1399169999931,1741.393207999994,1755.4669590000121,1907.5735829999903],"min":1730.9434170000022,"max":2035.823625000019,"p50":1750.863458000007,"p95":1907.5735829999903},"outputDigest":"d0ccc02d38b5b49088f7ac8b7a424075ab1029693e3116a8e2948c23d6c10276","calls":{"handler":0,"probe":0,"accept":0}}
{"phase":"warmup","name":"retention-reset","index":1,"ms":1738.3792919999978}
{"phase":"warmup","name":"retention-reset","index":2,"ms":1728.3793339999975}
{"phase":"warmup","name":"retention-reset","index":3,"ms":1734.2548750000133}
{"phase":"warmup","name":"retention-reset","index":4,"ms":1755.224750000023}
{"phase":"warmup","name":"retention-reset","index":5,"ms":1738.2690000000002}
{"phase":"warmup","name":"retention-reset","index":6,"ms":1731.7431250000081}
{"phase":"warmup","name":"retention-reset","index":7,"ms":1741.572583000001}
{"phase":"warmup","name":"retention-reset","index":8,"ms":1848.5400410000002}
{"phase":"warmup","name":"retention-reset","index":9,"ms":1743.7669170000008}
{"phase":"warmup","name":"retention-reset","index":10,"ms":1768.2767080000194}
{"phase":"sample","name":"retention-reset","index":1,"ms":1729.4500829999452}
{"phase":"sample","name":"retention-reset","index":2,"ms":1730.5277079999796}
{"phase":"sample","name":"retention-reset","index":3,"ms":1744.7593329999945}
{"phase":"sample","name":"retention-reset","index":4,"ms":1725.4373749999795}
{"phase":"sample","name":"retention-reset","index":5,"ms":1738.3053749999963}
{"phase":"sample","name":"retention-reset","index":6,"ms":1755.1364579999936}
{"phase":"sample","name":"retention-reset","index":7,"ms":2088.699957999983}
{"phase":"sample","name":"retention-reset","index":8,"ms":1971.935375000001}
{"phase":"sample","name":"retention-reset","index":9,"ms":1797.93429200002}
{"phase":"sample","name":"retention-reset","index":10,"ms":2240.942083000031}
{"phase":"sample","name":"retention-reset","index":11,"ms":1759.5796670000418}
{"phase":"sample","name":"retention-reset","index":12,"ms":1789.328542000032}
{"phase":"sample","name":"retention-reset","index":13,"ms":1759.5370409999741}
{"phase":"sample","name":"retention-reset","index":14,"ms":1803.3627499999711}
{"phase":"sample","name":"retention-reset","index":15,"ms":1776.4330830000108}
{"phase":"sample","name":"retention-reset","index":16,"ms":1790.8725000000559}
{"phase":"sample","name":"retention-reset","index":17,"ms":1786.7449170000036}
{"phase":"sample","name":"retention-reset","index":18,"ms":1777.4924159999937}
