e] {
-     {
        body: '{"groupId":"archive-075","startRevision":1}',
        delivered: 0,
        group_id: 'archive-075',
        id: 'archive-075:start',
        kind: 'start'
      },
+     [Object: null prototype] {
-     {
        body: '{"groupId":"archive-075","startRevision":1}',
        delivered: 0,
        group_id: 'archive-075',
        id: 'archive-075:no-start',
        kind: 'no-start'
      },
+     [Object: null prototype] {
-     {
        body: '{"groupId":"archive-075","startRevision":1}',
        delivered: 0,
        group_id: 'archive-075',
        id: 'archive-075:resume',
        kind: 'resume'
      },
+     [Object: null prototype] {
-     {
        body: '{"groupId":"archive-076","estimateId":"estimate-8b1377b29e8ef587d5306086","planHash":"1e6261b5fe36755502989b040c2cbc5115902c16db48f7b351c39c6913672b8c"}',
        delivered: 1,
        group_id: 'archive-076',
        id: 'scheduler-wake:archive-076:estimate:estimate-8b1377b29e8ef587d5306086',
        kind: 'budget-estimate'
      },
+     [Object: null prototype] {
-     {
        body: '{"groupId":"archive-076","startRevision":1}',
        delivered: 0,
        group_id: 'archive-076',
        id: 'archive-076:start',
        kind: 'start'
      },
+     [Object: null prototype] {
-     {
        body: '{"groupId":"archive-076","startRevision":1}',
        delivered: 0,
        group_id: 'archive-076',
        id: 'archive-076:no-start',
        kind: 'no-start'
      },
+     [Object: null prototype] {
-     {
        body: '{"groupId":"archive-076","startRevision":1}',
        delivered: 0,
        group_id: 'archive-076',
        id: 'archive-076:resume',
        kind: 'resume'
      },
+     [Object: null prototype] {
-     {
        body: '{"groupId":"archive-077","estimateId":"estimate-1f67cb86263b9dfb6a7e060b","planHash":"1e6261b5fe36755502989b040c2cbc5115902c16db48f7b351c39c6913672b8c"}',
        delivered: 1,
        group_id: 'archive-077',
        id: 'scheduler-wake:archive-077:estimate:estimate-1f67cb86263b9dfb6a7e060b',
        kind: 'budget-estimate'
      },
+     [Object: null prototype] {
-     {
        body: '{"groupId":"archive-077","startRevision":1}',
        delivered: 0,
        group_id: 'archive-077',
        id: 'archive-077:start',
        kind: 'start'
      },
+     [Object: null prototype] {
-     {
        body: '{"groupId":"archive-077","startRevision":1}',
        delivered: 0,
        group_id: 'archive-077',
        id: 'archive-077:no-start',
        kind: 'no-start'
      },
+     [Object: null prototype] {
-     {
        body: '{"groupId":"archive-077","startRevision":1}',
        delivered: 0,
        group_id: 'archive-077',
        id: 'archive-077:resume',
        kind: 'resume'
      },
+     [Object: null prototype] {
-     {
        body: '{"groupId":"archive-078","estimateId":"estimate-252fee4d849ef4415d70f57c","planHash":"1e6261b5fe36755502989b040c2cbc5115902c16db48f7b351c39c6913672b8c"}',
        delivered: 1,
        group_id: 'archive-078',
        id: 'scheduler-wake:archive-078:estimate:estimate-252fee4d849ef4415d70f57c',
        kind: 'budget-estimate'
      },
+     [Object: null prototype] {
-     {
        body: '{"groupId":"archive-078","startRevision":1}',
        delivered: 0,
        group_id: 'archive-078',
        id: 'archive-078:start',
        kind: 'start'
      },
+     [Object: null prototype] {
-     {
        body: '{"groupId":"archive-078","startRevision":1}',
        delivered: 0,
        group_id: 'archive-078',
        id: 'archive-078:no-start',
        kind: 'no-start'
      },
+     [Object: null prototype] {
-     {
        body: '{"groupId":"archive-078","startRevision":1}',
        delivered: 0,
        group_id: 'archive-078',
        id: 'archive-078:resume',
        kind: 'resume'
      },
+     [Object: null prototype] {
-     {
        body: '{"groupId":"archive-079","estimateId":"estimate-e786926a2dc08c63de7f854e","planHash":"1e6261b5fe36755502989b040c2cbc5115902c16db48f7b351c39c6913672b8c"}',
        delivered: 1,
        group_id: 'archive-079',
        id: 'scheduler-wake:archive-079:estimate:estimate-e786926a2dc08c63de7f854e',
        kind: 'budget-estimate'
      },
+     [Object: null prototype] {
-     {
        body: '{"groupId":"archive-079","startRevision":1}',
        delivered: 0,
        group_id: 'archive-079',
        id: 'archive-079:start',
        kind: 'start'
      },
+     [Object: null prototype] {
-     {
        body: '{"groupId":"archive-079","startRevision":1}',
        delivered: 0,
        group_id: 'archive-079',
        id: 'archive-079:no-start',
        kind: 'no-start'
      },
+     [Object: null prototype] {
-     {
        body: '{"groupId":"archive-079","startRevision":1}',
        delivered: 0,
        group_id: 'archive-079',
        id: 'archive-079:resume',
        kind: 'resume'
      },
+     [Object: null prototype] {
-     {
        body: '{"groupId":"archive-080","estimateId":"estimate-e0919f670f81f1a613b8b49f","planHash":"1e6261b5fe36755502989b040c2cbc5115902c16db48f7b351c39c6913672b8c"}',
        delivered: 1,
        group_id: 'archive-080',
        id: 'scheduler-wake:archive-080:estimate:estimate-e0919f670f81f1a613b8b49f',
        kind: 'budget-estimate'
      },
+     [Object: null prototype] {
-     {
        body: '{"groupId":"archive-080","startRevision":1}',
        delivered: 0,
        group_id: 'archive-080',
        id: 'archive-080:start',
        kind: 'start'
      },
+     [Object: null prototype] {
-     {
        body: '{"groupId":"archive-080","startRevision":1}',
        delivered: 0,
        group_id: 'archive-080',
        id: 'archive-080:no-start',
        kind: 'no-start'
      },
+     [Object: null prototype] {
-     {
        body: '{"groupId":"archive-080","startRevision":1}',
        delivered: 0,
        group_id: 'archive-080',
        id: 'archive-080:resume',
        kind: 'resume'
      },
+     [Object: null prototype] {
-     {
        body: '{"groupId":"archive-081","estimateId":"estimate-506505ed41782f6d964889d1","planHash":"1e6261b5fe36755502989b040c2cbc5115902c16db48f7b351c39c6913672b8c"}',
        delivered: 1,
        group_id: 'archive-081',
        id: 'scheduler-wake:archive-081:estimate:estimate-506505ed41782f6d964889d1',
        kind: 'budget-estimate'
      },
+     [Object: null prototype] {
-     {
        body: '{"groupId":"archive-081","startRevision":1}',
        delivered: 0,
        group_id: 'archive-081',
        id: 'archive-081:start',
        kind: 'start'
      },
+     [Object: null prototype] {
-     {
        body: '{"groupId":"archive-081","startRevision":1}',
        delivered: 0,
        group_id: 'archive-081',
        id: 'archive-081:no-start',
        kind: 'no-start'
      },
+     [Object: null prototype] {
-     {
        body: '{"groupId":"archive-081","startRevision":1}',
        delivered: 0,
        group_id: 'archive-081',
        id: 'archive-081:resume',
        kind: 'resume'
      },
+     [Object: null prototype] {
-     {
        body: '{"groupId":"archive-082","estimateId":"estimate-0d3788d326c88fe7d4e30f44","planHash":"1e6261b5fe36755502989b040c2cbc5115902c16db48f7b351c39c6913672b8c"}',
        delivered: 1,
        group_id: 'archive-082',
        id: 'scheduler-wake:archive-082:estimate:estimate-0d3788d326c88fe7d4e30f44',
        kind: 'budget-estimate'
      },
+     [Object: null prototype] {
-     {
        body: '{"groupId":"archive-082","startRevision":1}',
        delivered: 0,
        group_id: 'archive-082',
        id: 'archive-082:start',
        kind: 'start'
      },
+     [Object: null prototype] {
-     {
        body: '{"groupId":"archive-082","startRevision":1}',
        delivered: 0,
        group_id: 'archive-082',
        id: 'archive-082:no-start',
        kind: 'no-start'
      },
+     [Object: null prototype] {
-     {
        body: '{"groupId":"archive-082","startRevision":1}',
        delivered: 0,
        group_id: 'archive-082',
        id: 'archive-082:resume',
        kind: 'resume'
      },
+     [Object: null prototype] {
-     {
        body: '{"groupId":"archive-083","estimateId":"estimate-618dc049c2127b75d14a2380","planHash":"1e6261b5fe36755502989b040c2cbc5115902c16db48f7b351c39c6913672b8c"}',
        delivered: 1,
        group_id: 'archive-083',
        id: 'scheduler-wake:archive-083:estimate:estimate-618dc049c2127b75d14a2380',
        kind: 'budget-estimate'
      },
+     [Object: null prototype] {
-     {
        body: '{"groupId":"archive-083","startRevision":1}',
        delivered: 0,
        group_id: 'archive-083',
        id: 'archive-083:start',
        kind: 'start'
      },
+     [Object: null prototype] {
-     {
        body: '{"groupId":"archive-083","startRevision":1}',
        delivered: 0,
        group_id: 'archive-083',
        id: 'archive-083:no-start',
        kind: 'no-start'
      },
+     [Object: null prototype] {
-     {
        body: '{"groupId":"archive-083","startRevision":1}',
        delivered: 0,
        group_id: 'archive-083',
        id: 'archive-083:resume',
        kind: 'resume'
      },
+     [Object: null prototype] {
-     {
        body: '{"groupId":"archive-084","estimateId":"estimate-02bb296ff70fb24128834870","planHash":"1e6261b5fe36755502989b040c2cbc5115902c16db48f7b351c39c6913672b8c"}',
        delivered: 1,
        group_id: 'archive-084',
        id: 'scheduler-wake:archive-084:estimate:estimate-02bb296ff70fb24128834870',
        kind: 'budget-estimate'
      },
+     [Object: null prototype] {
-     {
        body: '{"groupId":"archive-084","startRevision":1}',
        delivered: 0,
        group_id: 'archive-084',
        id: 'archive-084:start',
        kind: 'start'
      },
+     [Object: null prototype] {
-     {
        body: '{"groupId":"archive-084","startRevision":1}',
        delivered: 0,
        group_id: 'archive-084',
        id: 'archive-084:no-start',
        kind: 'no-start'
      },
+     [Object